Archive member included to satisfy reference by file (symbol)

C:/ProgramData/MATLAB/SupportPackages/R2023b/3P.instrset/cmsis.instrset/CMSIS/RTOS/RTX/LIB/GCC/libRTX_CM4.a(rt_cmsis.o)
                              RTX_Conf_CM.o (osKernelInitialize)
C:/ProgramData/MATLAB/SupportPackages/R2023b/3P.instrset/cmsis.instrset/CMSIS/RTOS/RTX/LIB/GCC/libRTX_CM4.a(hal_cm.o)
                              C:/ProgramData/MATLAB/SupportPackages/R2023b/3P.instrset/cmsis.instrset/CMSIS/RTOS/RTX/LIB/GCC/libRTX_CM4.a(rt_cmsis.o) (rt_ret_val)
C:/ProgramData/MATLAB/SupportPackages/R2023b/3P.instrset/cmsis.instrset/CMSIS/RTOS/RTX/LIB/GCC/libRTX_CM4.a(rt_memory.o)
                              C:/ProgramData/MATLAB/SupportPackages/R2023b/3P.instrset/cmsis.instrset/CMSIS/RTOS/RTX/LIB/GCC/libRTX_CM4.a(rt_cmsis.o) (rt_init_mem)
C:/ProgramData/MATLAB/SupportPackages/R2023b/3P.instrset/cmsis.instrset/CMSIS/RTOS/RTX/LIB/GCC/libRTX_CM4.a(rt_membox.o)
                              C:/ProgramData/MATLAB/SupportPackages/R2023b/3P.instrset/cmsis.instrset/CMSIS/RTOS/RTX/LIB/GCC/libRTX_CM4.a(rt_cmsis.o) (_init_box)
C:/ProgramData/MATLAB/SupportPackages/R2023b/3P.instrset/cmsis.instrset/CMSIS/RTOS/RTX/LIB/GCC/libRTX_CM4.a(rt_mutex.o)
                              C:/ProgramData/MATLAB/SupportPackages/R2023b/3P.instrset/cmsis.instrset/CMSIS/RTOS/RTX/LIB/GCC/libRTX_CM4.a(rt_cmsis.o) (rt_mut_init)
C:/ProgramData/MATLAB/SupportPackages/R2023b/3P.instrset/cmsis.instrset/CMSIS/RTOS/RTX/LIB/GCC/libRTX_CM4.a(rt_time.o)
                              C:/ProgramData/MATLAB/SupportPackages/R2023b/3P.instrset/cmsis.instrset/CMSIS/RTOS/RTX/LIB/GCC/libRTX_CM4.a(rt_cmsis.o) (os_time)
C:/ProgramData/MATLAB/SupportPackages/R2023b/3P.instrset/cmsis.instrset/CMSIS/RTOS/RTX/LIB/GCC/libRTX_CM4.a(rt_semaphore.o)
                              C:/ProgramData/MATLAB/SupportPackages/R2023b/3P.instrset/cmsis.instrset/CMSIS/RTOS/RTX/LIB/GCC/libRTX_CM4.a(rt_cmsis.o) (rt_sem_init)
C:/ProgramData/MATLAB/SupportPackages/R2023b/3P.instrset/cmsis.instrset/CMSIS/RTOS/RTX/LIB/GCC/libRTX_CM4.a(rt_mailbox.o)
                              C:/ProgramData/MATLAB/SupportPackages/R2023b/3P.instrset/cmsis.instrset/CMSIS/RTOS/RTX/LIB/GCC/libRTX_CM4.a(rt_cmsis.o) (rt_mbx_init)
C:/ProgramData/MATLAB/SupportPackages/R2023b/3P.instrset/cmsis.instrset/CMSIS/RTOS/RTX/LIB/GCC/libRTX_CM4.a(rt_list.o)
                              C:/ProgramData/MATLAB/SupportPackages/R2023b/3P.instrset/cmsis.instrset/CMSIS/RTOS/RTX/LIB/GCC/libRTX_CM4.a(rt_cmsis.o) (rt_put_prio)
C:/ProgramData/MATLAB/SupportPackages/R2023b/3P.instrset/cmsis.instrset/CMSIS/RTOS/RTX/LIB/GCC/libRTX_CM4.a(rt_event.o)
                              C:/ProgramData/MATLAB/SupportPackages/R2023b/3P.instrset/cmsis.instrset/CMSIS/RTOS/RTX/LIB/GCC/libRTX_CM4.a(rt_cmsis.o) (rt_evt_wait)
C:/ProgramData/MATLAB/SupportPackages/R2023b/3P.instrset/cmsis.instrset/CMSIS/RTOS/RTX/LIB/GCC/libRTX_CM4.a(rt_system.o)
                              C:/ProgramData/MATLAB/SupportPackages/R2023b/3P.instrset/cmsis.instrset/CMSIS/RTOS/RTX/LIB/GCC/libRTX_CM4.a(rt_cmsis.o) (rt_suspend)
C:/ProgramData/MATLAB/SupportPackages/R2023b/3P.instrset/cmsis.instrset/CMSIS/RTOS/RTX/LIB/GCC/libRTX_CM4.a(rt_task.o)
                              C:/ProgramData/MATLAB/SupportPackages/R2023b/3P.instrset/cmsis.instrset/CMSIS/RTOS/RTX/LIB/GCC/libRTX_CM4.a(rt_system.o) (rt_switch_req)
C:/ProgramData/MATLAB/SupportPackages/R2023b/3P.instrset/cmsis.instrset/CMSIS/RTOS/RTX/LIB/GCC/libRTX_CM4.a(hal_cm4.o)
                              C:/ProgramData/MATLAB/SupportPackages/R2023b/3P.instrset/cmsis.instrset/CMSIS/RTOS/RTX/LIB/GCC/libRTX_CM4.a(rt_task.o) (rt_get_PSP)
C:/ProgramData/MATLAB/SupportPackages/R2023b/3P.instrset/cmsis.instrset/CMSIS/RTOS/RTX/LIB/GCC/libRTX_CM4.a(svc_table.o)
                              C:/ProgramData/MATLAB/SupportPackages/R2023b/3P.instrset/cmsis.instrset/CMSIS/RTOS/RTX/LIB/GCC/libRTX_CM4.a(hal_cm4.o) (SVC_Table)
C:/ProgramData/MATLAB/SupportPackages/R2023b/3P.instrset/cmsis.instrset/CMSIS/RTOS/RTX/LIB/GCC/libRTX_CM4.a(rt_robin.o)
                              C:/ProgramData/MATLAB/SupportPackages/R2023b/3P.instrset/cmsis.instrset/CMSIS/RTOS/RTX/LIB/GCC/libRTX_CM4.a(rt_system.o) (os_robin)
C:/ProgramData/MATLAB/SupportPackages/R2023b/toolbox/target/supportpackages/freedomk64f/src/ksdk_armgcc_lib/bm/libksdk_platform.a(fsl_os_abstraction_bm.o)
                              MW_SCI.o (OSA_SemaPost)
C:/ProgramData/MATLAB/SupportPackages/R2023b/toolbox/target/supportpackages/freedomk64f/src/ksdk_armgcc_lib/bm/libksdk_platform.a(fsl_clock_manager.o)
                              board.o (CLOCK_SYS_OscInit)
C:/ProgramData/MATLAB/SupportPackages/R2023b/toolbox/target/supportpackages/freedomk64f/src/ksdk_armgcc_lib/bm/libksdk_platform.a(fsl_clock_manager_common.o)
                              C:/ProgramData/MATLAB/SupportPackages/R2023b/toolbox/target/supportpackages/freedomk64f/src/ksdk_armgcc_lib/bm/libksdk_platform.a(fsl_clock_manager.o) (g_oscBase)
[...]
Memory Configuration

Name             Origin             Length             Attributes
m_interrupts     0x00000000         0x00000400         xr
m_flash_config   0x00000400         0x00000010         xr
m_text           0x00000410         0x000ffbf0         xr
m_data_2         0x1fff0000         0x00010000         rw
m_data           0x20000000         0x00030000         rw
*default*        0x00000000         0xffffffff

Linker script and memory map

LOAD c:/programdata/matlab/supportpackages/r2023b/3p.instrset/gnuarm-armcortex.instrset/win/bin/../lib/gcc/arm-none-eabi/11.3.1/thumb/v7e-m+fp/hard/crti.o
LOAD c:/programdata/matlab/supportpackages/r2023b/3p.instrset/gnuarm-armcortex.instrset/win/bin/../lib/gcc/arm-none-eabi/11.3.1/thumb/v7e-m+fp/hard/crtbegin.o
LOAD c:/programdata/matlab/supportpackages/r2023b/3p.instrset/gnuarm-armcortex.instrset/win/bin/../lib/gcc/arm-none-eabi/11.3.1/thumb/v7e-m+fp/hard/crt0.o
LOAD MW_digitalIO.o
LOAD mw_sdk_interface.o
LOAD MW_PWM.o
LOAD MW_SCI.o
LOAD i2c_api.o
LOAD MW_I2C.o
LOAD ert_main.o
LOAD SerialMaster.o
LOAD SerialMaster_data.o
LOAD send_DCM.o
LOAD startup.o
LOAD system_MK64F12.o
LOAD startup_MK64F12.o
LOAD board.o
LOAD hardware_init.o
LOAD pin_mux.o
LOAD fsl_misc_utilities.o
LOAD fsl_edma_irq.o
LOAD fsl_uart_irq.o
LOAD irq_stub.o
LOAD sbrk.o
LOAD cmsis_rtos_init.o
LOAD RTX_Conf_CM.o
LOAD mw_thread.o
LOAD mw_semaphore.o
LOAD mw_timer.o
LOAD mw_signal.o
LOAD C:/ProgramData/MATLAB/SupportPackages/R2023b/3P.instrset/cmsis_dsp.instrset/Lib/GCC/arm_cortexm4ldfsp_math/libCMSISDSP.a
LOAD C:/ProgramData/MATLAB/SupportPackages/R2023b/3P.instrset/cmsis.instrset/CMSIS/RTOS/RTX/LIB/GCC/libRTX_CM4.a
LOAD C:/ProgramData/MATLAB/SupportPackages/R2023b/toolbox/target/supportpackages/freedomk64f/src/ksdk_armgcc_lib/bm/libksdk_platform.a
LOAD c:/programdata/matlab/supportpackages/r2023b/3p.instrset/gnuarm-armcortex.instrset/win/bin/../lib/gcc/arm-none-eabi/11.3.1/thumb/v7e-m+fp/hard\libstdc++.a
LOAD c:/programdata/matlab/supportpackages/r2023b/3p.instrset/gnuarm-armcortex.instrset/win/bin/../lib/gcc/arm-none-eabi/11.3.1/thumb/v7e-m+fp/hard\libm.a
START GROUP
LOAD c:/programdata/matlab/supportpackages/r2023b/3p.instrset/gnuarm-armcortex.instrset/win/bin/../lib/gcc/arm-none-eabi/11.3.1/thumb/v7e-m+fp/hard\libgcc.a
LOAD c:/programdata/matlab/supportpackages/r2023b/3p.instrset/gnuarm-armcortex.instrset/win/bin/../lib/gcc/arm-none-eabi/11.3.1/thumb/v7e-m+fp/hard\libg.a
LOAD c:/programdata/matlab/supportpackages/r2023b/3p.instrset/gnuarm-armcortex.instrset/win/bin/../lib/gcc/arm-none-eabi/11.3.1/thumb/v7e-m+fp/hard\libc.a
END GROUP
START GROUP
LOAD c:/programdata/matlab/supportpackages/r2023b/3p.instrset/gnuarm-armcortex.instrset/win/bin/../lib/gcc/arm-none-eabi/11.3.1/thumb/v7e-m+fp/hard\libgcc.a
LOAD c:/programdata/matlab/supportpackages/r2023b/3p.instrset/gnuarm-armcortex.instrset/win/bin/../lib/gcc/arm-none-eabi/11.3.1/thumb/v7e-m+fp/hard\libc.a
LOAD c:/programdata/matlab/supportpackages/r2023b/3p.instrset/gnuarm-armcortex.instrset/win/bin/../lib/gcc/arm-none-eabi/11.3.1/thumb/v7e-m+fp/hard\libnosys.a
END GROUP
LOAD c:/programdata/matlab/supportpackages/r2023b/3p.instrset/gnuarm-armcortex.instrset/win/bin/../lib/gcc/arm-none-eabi/11.3.1/thumb/v7e-m+fp/hard/crtend.o
LOAD c:/programdata/matlab/supportpackages/r2023b/3p.instrset/gnuarm-armcortex.instrset/win/bin/../lib/gcc/arm-none-eabi/11.3.1/thumb/v7e-m+fp/hard/crtn.o
                0x00000400                HEAP_SIZE = DEFINED (__heap_size__)?__heap_size__:0x400
                0x00000400                STACK_SIZE = DEFINED (__stack_size__)?__stack_size__:0x400
                0x00000000                M_VECTOR_RAM_SIZE = DEFINED (__ram_vector_table__)?0x400:0x0

.interrupts     0x00000000      0x400
                0x00000000                __VECTOR_TABLE = .
                0x00000000                . = ALIGN (0x4)
 *(.isr_vector)
 .isr_vector    0x00000000      0x400 startup_MK64F12.o
                0x00000000                __isr_vector
                0x00000400                . = ALIGN (0x4)

.flash_config   0x00000400       0x10
                0x00000400                . = ALIGN (0x4)
 *(.FlashConfig)
 .FlashConfig   0x00000400       0x10 startup_MK64F12.o
                0x00000410                . = ALIGN (0x4)

.text           0x00000440     0xfa30
                0x00000440                . = ALIGN (0x4)
 *(.text)
 .text          0x00000440       0x7c c:/programdata/matlab/supportpackages/r2023b/3p.instrset/gnuarm-armcortex.instrset/win/bin/../lib/gcc/arm-none-eabi/11.3.1/thumb/v7e-m+fp/hard/crt0.o
                0x00000440                _stack_init
                0x00000448                _start
                0x00000448                _mainCRTStartup
 .text          0x000004bc       0x14 startup_MK64F12.o
                0x000004bc                Reset_Handler
                0x000004cc                ENET_Receive_IRQHandler
                0x000004cc                ENET_1588_Timer_IRQHandler
                0x000004cc                DefaultISR
                0x000004cc                PIT2_IRQHandler
                0x000004cc                PIT0_IRQHandler
                0x000004cc                ENET_Error_IRQHandler
                0x000004cc                PIT3_IRQHandler
                0x000004cc                SDHC_IRQHandler
                0x000004cc                ENET_Transmit_IRQHandler
                0x000004cc                PIT1_IRQHandler
 .text          0x000004d0      0x198 C:/ProgramData/MATLAB/SupportPackages/R2023b/3P.instrset/cmsis.instrset/CMSIS/RTOS/RTX/LIB/GCC/libRTX_CM4.a(hal_cm4.o)
                0x000004d0                rt_set_PSP
                0x000004d6                rt_get_PSP
                0x000004dc                os_set_env
                0x000004f4                _alloc_box
                0x00000510                _free_box
                0x0000052c                SVC_Handler
                0x000005d2                PendSV_Handler
                0x000005d8                Sys_Switch
                0x00000632                SysTick_Handler
                0x0000063c                OS_Tick_Handler
 .text          0x00000668      0x378 c:/programdata/matlab/supportpackages/r2023b/3p.instrset/gnuarm-armcortex.instrset/win/bin/../lib/gcc/arm-none-eabi/11.3.1/thumb/v7e-m+fp/hard\libgcc.a(_arm_addsubdf3.o)
                0x00000668                __aeabi_drsub
                0x00000670                __aeabi_dsub
                0x00000670                __subdf3
                0x00000674                __aeabi_dadd
                0x00000674                __adddf3
                0x000008ec                __floatunsidf
                0x000008ec                __aeabi_ui2d
                0x0000090c                __floatsidf
                0x0000090c                __aeabi_i2d
                0x00000930                __aeabi_f2d
                0x00000930                __extendsfdf2
                0x00000974                __floatundidf
                0x00000974                __aeabi_ul2d
                0x00000984                __floatdidf
                0x00000984                __aeabi_l2d
 .text          0x000009e0      0x424 c:/programdata/matlab/supportpackages/r2023b/3p.instrset/gnuarm-armcortex.instrset/win/bin/../lib/gcc/arm-none-eabi/11.3.1/thumb/v7e-m+fp/hard\libgcc.a(_arm_muldivdf3.o)
                0x000009e0                __aeabi_dmul
                0x000009e0                __muldf3
                0x00000c34                __divdf3
                0x00000c34                __aeabi_ddiv
 .text          0x00000e04      0x110 c:/programdata/matlab/supportpackages/r2023b/3p.instrset/gnuarm-armcortex.instrset/win/bin/../lib/gcc/arm-none-eabi/11.3.1/thumb/v7e-m+fp/hard\libgcc.a(_arm_cmpdf2.o)
                0x00000e04                __gtdf2
                0x00000e04                __gedf2
                0x00000e0c                __ltdf2
                0x00000e0c                __ledf2
                0x00000e14                __nedf2
                0x00000e14                __eqdf2
                0x00000e14                __cmpdf2
                0x00000e90                __aeabi_cdrcmple
                0x00000ea0                __aeabi_cdcmpeq
                0x00000ea0                __aeabi_cdcmple
                0x00000eb0                __aeabi_dcmpeq
                0x00000ec4                __aeabi_dcmplt
                0x00000ed8                __aeabi_dcmple
                0x00000eec                __aeabi_dcmpge
                0x00000f00                __aeabi_dcmpgt
 .text          0x00000f14       0x2c c:/programdata/matlab/supportpackages/r2023b/3p.instrset/gnuarm-armcortex.instrset/win/bin/../lib/gcc/arm-none-eabi/11.3.1/thumb/v7e-m+fp/hard\libgcc.a(_arm_unorddf2.o)
                0x00000f14                __unorddf2
                0x00000f14                __aeabi_dcmpun
 .text          0x00000f40       0x50 c:/programdata/matlab/supportpackages/r2023b/3p.instrset/gnuarm-armcortex.instrset/win/bin/../lib/gcc/arm-none-eabi/11.3.1/thumb/v7e-m+fp/hard\libgcc.a(_arm_fixdfsi.o)
                0x00000f40                __aeabi_d2iz
                0x00000f40                __fixdfsi
 .text          0x00000f90       0x40 c:/programdata/matlab/supportpackages/r2023b/3p.instrset/gnuarm-armcortex.instrset/win/bin/../lib/gcc/arm-none-eabi/11.3.1/thumb/v7e-m+fp/hard\libgcc.a(_arm_fixunsdfsi.o)
                0x00000f90                __aeabi_d2uiz
                0x00000f90                __fixunsdfsi
 .text          0x00000fd0       0x30 c:/programdata/matlab/supportpackages/r2023b/3p.instrset/gnuarm-armcortex.instrset/win/bin/../lib/gcc/arm-none-eabi/11.3.1/thumb/v7e-m+fp/hard\libgcc.a(_aeabi_uldivmod.o)
                0x00000fd0                __aeabi_uldivmod
 .text          0x00001000      0x1ac c:/programdata/matlab/supportpackages/r2023b/3p.instrset/gnuarm-armcortex.instrset/win/bin/../lib/gcc/arm-none-eabi/11.3.1/thumb/v7e-m+fp/hard\libgcc.a(libunwind.o)
                0x00001000                __restore_core_regs
                0x00001000                restore_core_regs
                0x00001018                __gnu_Unwind_Restore_VFP
                0x00001020                __gnu_Unwind_Save_VFP
                0x00001028                __gnu_Unwind_Restore_VFP_D
                0x00001030                __gnu_Unwind_Save_VFP_D
                0x00001038                __gnu_Unwind_Restore_VFP_D_16_to_31
                0x00001040                __gnu_Unwind_Save_VFP_D_16_to_31
                0x00001048                __gnu_Unwind_Restore_WMMXD
                0x0000108c                __gnu_Unwind_Save_WMMXD
                0x000010d0                __gnu_Unwind_Restore_WMMXC
                0x000010e4                __gnu_Unwind_Save_WMMXC
                0x000010f8                ___Unwind_RaiseException
                0x000010f8                _Unwind_RaiseException
                0x0000111c                _Unwind_Resume
                0x0000111c                ___Unwind_Resume
                0x00001140                _Unwind_Resume_or_Rethrow
                0x00001140                ___Unwind_Resume_or_Rethrow
                0x00001164                _Unwind_ForcedUnwind
                0x00001164                ___Unwind_ForcedUnwind
                0x00001188                ___Unwind_Backtrace
                0x00001188                _Unwind_Backtrace
 .text          0x000011ac        0x4 c:/programdata/matlab/supportpackages/r2023b/3p.instrset/gnuarm-armcortex.instrset/win/bin/../lib/gcc/arm-none-eabi/11.3.1/thumb/v7e-m+fp/hard\libgcc.a(_dvmd_tls.o)
                0x000011ac                __aeabi_idiv0
                0x000011ac                __aeabi_ldiv0
 .text          0x000011b0       0xa0 c:/programdata/matlab/supportpackages/r2023b/3p.instrset/gnuarm-armcortex.instrset/win/bin/../lib/gcc/arm-none-eabi/11.3.1/thumb/v7e-m+fp/hard\libg.a(libc_a-memchr.o)
                0x000011b0                memchr
 .text          0x00001250      0x134 c:/programdata/matlab/supportpackages/r2023b/3p.instrset/gnuarm-armcortex.instrset/win/bin/../lib/gcc/arm-none-eabi/11.3.1/thumb/v7e-m+fp/hard\libg.a(libc_a-memcpy.o)
                0x00001250                memcpy
 *fill*         0x00001384       0x3c 
 .text          0x000013c0       0xdc c:/programdata/matlab/supportpackages/r2023b/3p.instrset/gnuarm-armcortex.instrset/win/bin/../lib/gcc/arm-none-eabi/11.3.1/thumb/v7e-m+fp/hard\libg.a(libc_a-strlen.o)
                0x000013c0                strlen
 *(.text*)
 .text.deregister_tm_clones
                0x0000149c       0x1c c:/programdata/matlab/supportpackages/r2023b/3p.instrset/gnuarm-armcortex.instrset/win/bin/../lib/gcc/arm-none-eabi/11.3.1/thumb/v7e-m+fp/hard/crtbegin.o
 .text.register_tm_clones
                0x000014b8       0x24 c:/programdata/matlab/supportpackages/r2023b/3p.instrset/gnuarm-armcortex.instrset/win/bin/../lib/gcc/arm-none-eabi/11.3.1/thumb/v7e-m+fp/hard/crtbegin.o
 .text.__do_global_dtors_aux
                0x000014dc       0x28 c:/programdata/matlab/supportpackages/r2023b/3p.instrset/gnuarm-armcortex.instrset/win/bin/../lib/gcc/arm-none-eabi/11.3.1/thumb/v7e-m+fp/hard/crtbegin.o
 .text.frame_dummy
                0x00001504       0x24 c:/programdata/matlab/supportpackages/r2023b/3p.instrset/gnuarm-armcortex.instrset/win/bin/../lib/gcc/arm-none-eabi/11.3.1/thumb/v7e-m+fp/hard/crtbegin.o
 .text.MW_digitalIO_open
                0x00001528       0xe0 MW_digitalIO.o
                0x00001528                MW_digitalIO_open
 .text.MW_digitalIO_read
                0x00001608       0x70 MW_digitalIO.o
                0x00001608                MW_digitalIO_read
 .text.MW_digitalIO_write
                0x00001678       0x7e MW_digitalIO.o
                0x00001678                MW_digitalIO_write
 .text.MW_digitalIO_close
                0x000016f6       0x3c MW_digitalIO.o
                0x000016f6                MW_digitalIO_close
 *fill*         0x00001732        0x2 
 .text.PORT_HAL_SetMuxMode
                0x00001734       0x58 MW_PWM.o
 .text.FTM_HAL_SetClockSource
                0x0000178c       0x2e MW_PWM.o
 *fill*         0x000017ba        0x2 
 .text.MW_PWM_Open
                0x000017bc      0x164 MW_PWM.o
                0x000017bc                MW_PWM_Open
 .text.MW_PWM_Start
                0x00001920       0x14 MW_PWM.o
                0x00001920                MW_PWM_Start
 .text.MW_PWM_SetDutyCycle
                0x00001934       0x7c MW_PWM.o
                0x00001934                MW_PWM_SetDutyCycle
 .text.MW_PWM_Stop
                0x000019b0       0x2c MW_PWM.o
                0x000019b0                MW_PWM_Stop
 .text.MW_PWM_Close
                0x000019dc       0x14 MW_PWM.o
                0x000019dc                MW_PWM_Close
 .text.EDMA_HAL_HTCDSetDestAddr
                0x000019f0       0x48 MW_SCI.o
 .text.EDMA_HAL_HTCDSetIntCmd
                0x00001a38       0x58 MW_SCI.o
 .text.MW_SCI_Open
                0x00001a90      0x5c0 MW_SCI.o
                0x00001a90                MW_SCI_Open
 .text.MW_SCI_SetBaudrate
                0x00002050       0x18 MW_SCI.o
                0x00002050                MW_SCI_SetBaudrate
 .text.MW_SCI_SetFrameFormat
                0x00002068       0x28 MW_SCI.o
                0x00002068                MW_SCI_SetFrameFormat
 .text.MW_SCI_Receive
                0x00002090       0xa4 MW_SCI.o
                0x00002090                MW_SCI_Receive
 .text.MW_SCI_Transmit
                0x00002134       0x80 MW_SCI.o
                0x00002134                MW_SCI_Transmit
 .text.MW_SCI_Close
                0x000021b4       0x14 MW_SCI.o
                0x000021b4                MW_SCI_Close
 .text.MW_UART_DRV_EdmaStartReceiveData
                0x000021c8       0xac MW_SCI.o
 .text.MW_UART_DRV_EdmaRxCallback
                0x00002274       0x1c MW_SCI.o
 .text.MW_UART_DRV_EdmaCompleteReceiveData
                0x00002290      0x120 MW_SCI.o
 .text.CLOCK_SYS_GetI2cFreq
                0x000023b0       0x16 i2c_api.o
 .text.I2C_HAL_Enable
                0x000023c6       0x28 i2c_api.o
 .text.I2C_HAL_SendAck
                0x000023ee       0x28 i2c_api.o
 .text.I2C_HAL_SendNak
                0x00002416       0x28 i2c_api.o
 .text.I2C_HAL_SetDirMode
                0x0000243e       0x2e i2c_api.o
 .text.I2C_HAL_ReadByte
                0x0000246c       0x1a i2c_api.o
 .text.I2C_HAL_WriteByte
                0x00002486       0x1e i2c_api.o
 .text.I2C_HAL_GetStatusFlag
                0x000024a4       0x34 i2c_api.o
 .text.I2C_HAL_IsMaster
                0x000024d8       0x32 i2c_api.o
 .text.I2C_HAL_SetIntCmd
                0x0000250a       0x2c i2c_api.o
 .text.I2C_HAL_ClearInt
                0x00002536       0x1a i2c_api.o
 .text.PORT_HAL_SetOpenDrainCmd
                0x00002550       0x50 i2c_api.o
 .text.PORT_HAL_SetMuxMode
                0x000025a0       0x58 i2c_api.o
 .text.i2c_init
                0x000025f8       0x54 i2c_api.o
                0x000025f8                i2c_init
 .text.i2c_start
                0x0000264c       0x28 i2c_api.o
                0x0000264c                i2c_start
 .text.i2c_stop
                0x00002674       0x50 i2c_api.o
                0x00002674                i2c_stop
 .text.timeout_status_poll
                0x000026c4       0x58 i2c_api.o
 .text.i2c_wait_end_tx_transfer
                0x0000271c       0x54 i2c_api.o
 .text.i2c_wait_end_rx_transfer
                0x00002770       0x3c i2c_api.o
 .text.i2c_do_write
                0x000027ac       0x38 i2c_api.o
 .text.i2c_do_read
                0x000027e4       0x50 i2c_api.o
 .text.i2c_frequency
                0x00002834       0x50 i2c_api.o
                0x00002834                i2c_frequency
 .text.i2c_read
                0x00002884       0xe0 i2c_api.o
                0x00002884                i2c_read
 .text.i2c_write
                0x00002964       0x90 i2c_api.o
                0x00002964                i2c_write
 .text.configure_i2c_pins
                0x000029f4       0x7c i2c_api.o
                0x000029f4                configure_i2c_pins
 .text.MW_I2C_Open
                0x00002a70       0x48 MW_I2C.o
                0x00002a70                MW_I2C_Open
 .text.MW_I2C_SetBusSpeed
                0x00002ab8       0x2e MW_I2C.o
                0x00002ab8                MW_I2C_SetBusSpeed
 .text.MW_I2C_MasterRead
                0x00002ae6       0x68 MW_I2C.o
                0x00002ae6                MW_I2C_MasterRead
 .text.MW_I2C_MasterWrite
                0x00002b4e       0x68 MW_I2C.o
                0x00002b4e                MW_I2C_MasterWrite
 .text.MW_I2C_Close
                0x00002bb6       0x14 MW_I2C.o
                0x00002bb6                MW_I2C_Close
 *fill*         0x00002bca        0x2 
 .text.baseRateTask
                0x00002bcc       0x7c ert_main.o
                0x00002bcc                baseRateTask
 .text.terminateTask
                0x00002c48       0x34 ert_main.o
                0x00002c48                terminateTask
 .text.main     0x00002c7c       0x48 ert_main.o
                0x00002c7c                main
 *fill*         0x00002cc4        0x4 
 .text.Ser_enter_atomic_Refractory_f3x
                0x00002cc8      0x108 SerialMaster.o
 .text.Seria_enter_atomic_Refractory_f
                0x00002dd0      0x104 SerialMaster.o
 *fill*         0x00002ed4        0x4 
 .text.SerialM_enter_atomic_Refractory
                0x00002ed8      0x108 SerialMaster.o
 .text.Seri_enter_atomic_Refractory_f3
                0x00002fe0      0x104 SerialMaster.o
 .text.SerialMaster_VVI
                0x000030e4      0x3f8 SerialMaster.o
 .text.SerialMaster_AAI
                0x000034dc      0x3f8 SerialMaster.o
 .text.SerialMaster_SystemCore_setup_d
                0x000038d4       0x52 SerialMaster.o
 *fill*         0x00003926        0x2 
 .text.SerialMast_SystemCore_setup_drh
                0x00003928      0x148 SerialMaster.o
 .text.SerialMaste_SystemCore_setup_dr
                0x00003a70       0x4e SerialMaster.o
 *fill*         0x00003abe        0x2 
 .text.SerialMaster_step
                0x00003ac0     0x1780 SerialMaster.o
                0x00003ac0                SerialMaster_step
 .text.SerialMaster_initialize
                0x00005240      0x460 SerialMaster.o
                0x00005240                SerialMaster_initialize
 .text.SerialMaster_terminate
                0x000056a0      0x45c SerialMaster.o
                0x000056a0                SerialMaster_terminate
 .text.SerialMaster_SystemCore_setup
                0x00005afc       0x52 send_DCM.o
 *fill*         0x00005b4e        0x2 
 .text.send_DCM_Init
                0x00005b50       0x28 send_DCM.o
                0x00005b50                send_DCM_Init
 .text.send_DCM
                0x00005b78      0x1d0 send_DCM.o
                0x00005b78                send_DCM
 .text.send_DCM_Term
                0x00005d48       0x40 send_DCM.o
                0x00005d48                send_DCM_Term
 .text.init_data_bss
                0x00005d88       0xd0 startup.o
                0x00005d88                init_data_bss
 .text.SystemInit
                0x00005e58      0x1d0 system_MK64F12.o
                0x00005e58                SystemInit
 .text.SystemCoreClockUpdate
                0x00006028      0x290 system_MK64F12.o
                0x00006028                SystemCoreClockUpdate
 .text.PORT_HAL_SetMuxMode
                0x000062b8       0x58 board.o
 .text.SMC_HAL_SetProtection
                0x00006310       0x1e board.o
 *fill*         0x0000632e        0x2 
 .text.BOARD_InitOsc0
                0x00006330       0x30 board.o
                0x00006330                BOARD_InitOsc0
 .text.BOARD_InitRtcOsc
                0x00006360       0x28 board.o
                0x00006360                BOARD_InitRtcOsc
 .text.BOARD_ClockInit
                0x00006388       0x34 board.o
                0x00006388                BOARD_ClockInit
 .text.hardware_init
                0x000063bc       0x30 hardware_init.o
                0x000063bc                hardware_init
 .text.PORT_HAL_SetMuxMode
                0x000063ec       0x58 pin_mux.o
 .text.SIM_HAL_EnableClock
                0x00006444       0x44 pin_mux.o
 .text.configure_uart_pins
                0x00006488      0x194 pin_mux.o
                0x00006488                configure_uart_pins
 .text.DMA0_IRQHandler
                0x0000661c        0xe fsl_edma_irq.o
                0x0000661c                DMA0_IRQHandler
 .text.DMA1_IRQHandler
                0x0000662a        0xe fsl_edma_irq.o
                0x0000662a                DMA1_IRQHandler
 .text.DMA2_IRQHandler
                0x00006638        0xe fsl_edma_irq.o
                0x00006638                DMA2_IRQHandler
 .text.DMA3_IRQHandler
                0x00006646        0xe fsl_edma_irq.o
                0x00006646                DMA3_IRQHandler
 .text.DMA4_IRQHandler
                0x00006654        0xe fsl_edma_irq.o
                0x00006654                DMA4_IRQHandler
 .text.DMA5_IRQHandler
                0x00006662        0xe fsl_edma_irq.o
                0x00006662                DMA5_IRQHandler
 .text.DMA6_IRQHandler
                0x00006670        0xe fsl_edma_irq.o
                0x00006670                DMA6_IRQHandler
 .text.DMA7_IRQHandler
                0x0000667e        0xe fsl_edma_irq.o
                0x0000667e                DMA7_IRQHandler
 .text.DMA8_IRQHandler
                0x0000668c        0xe fsl_edma_irq.o
                0x0000668c                DMA8_IRQHandler
 .text.DMA9_IRQHandler
                0x0000669a        0xe fsl_edma_irq.o
                0x0000669a                DMA9_IRQHandler
 .text.DMA10_IRQHandler
                0x000066a8        0xe fsl_edma_irq.o
                0x000066a8                DMA10_IRQHandler
 .text.DMA11_IRQHandler
                0x000066b6        0xe fsl_edma_irq.o
                0x000066b6                DMA11_IRQHandler
 .text.DMA12_IRQHandler
                0x000066c4        0xe fsl_edma_irq.o
                0x000066c4                DMA12_IRQHandler
 .text.DMA13_IRQHandler
                0x000066d2        0xe fsl_edma_irq.o
                0x000066d2                DMA13_IRQHandler
 .text.DMA14_IRQHandler
                0x000066e0        0xe fsl_edma_irq.o
                0x000066e0                DMA14_IRQHandler
 .text.DMA15_IRQHandler
                0x000066ee        0xe fsl_edma_irq.o
                0x000066ee                DMA15_IRQHandler
 .text.DMA_Error_IRQHandler
                0x000066fc        0xe fsl_edma_irq.o
                0x000066fc                DMA_Error_IRQHandler
 .text.UART0_RX_TX_IRQHandler
                0x0000670a        0xe fsl_uart_irq.o
                0x0000670a                UART0_RX_TX_IRQHandler
 .text.UART1_RX_TX_IRQHandler
                0x00006718        0xe fsl_uart_irq.o
                0x00006718                UART1_RX_TX_IRQHandler
 .text.UART2_RX_TX_IRQHandler
                0x00006726        0xe fsl_uart_irq.o
                0x00006726                UART2_RX_TX_IRQHandler
 .text.UART3_RX_TX_IRQHandler
                0x00006734        0xe fsl_uart_irq.o
                0x00006734                UART3_RX_TX_IRQHandler
 .text.UART4_RX_TX_IRQHandler
                0x00006742        0xe fsl_uart_irq.o
                0x00006742                UART4_RX_TX_IRQHandler
 .text.UART5_RX_TX_IRQHandler
                0x00006750        0xe fsl_uart_irq.o
                0x00006750                UART5_RX_TX_IRQHandler
 .text.NMI_Handler
                0x0000675e        0x6 irq_stub.o
                0x0000675e                NMI_Handler
 .text.HardFault_Handler
                0x00006764        0x6 irq_stub.o
                0x00006764                HardFault_Handler
 .text.MemManage_Handler
                0x0000676a        0x6 irq_stub.o
                0x0000676a                MemManage_Handler
 .text.BusFault_Handler
                0x00006770        0x6 irq_stub.o
                0x00006770                BusFault_Handler
 .text.UsageFault_Handler
                0x00006776        0x6 irq_stub.o
                0x00006776                UsageFault_Handler
 .text.DebugMon_Handler
                0x0000677c        0x6 irq_stub.o
                0x0000677c                DebugMon_Handler
 .text.MCM_IRQHandler
                0x00006782        0x6 irq_stub.o
                0x00006782                MCM_IRQHandler
 .text.FTFE_IRQHandler
                0x00006788        0x6 irq_stub.o
                0x00006788                FTFE_IRQHandler
 .text.Read_Collision_IRQHandler
                0x0000678e        0x6 irq_stub.o
                0x0000678e                Read_Collision_IRQHandler
 .text.LVD_LVW_IRQHandler
                0x00006794        0x6 irq_stub.o
                0x00006794                LVD_LVW_IRQHandler
 .text.LLWU_IRQHandler
                0x0000679a        0x6 irq_stub.o
                0x0000679a                LLWU_IRQHandler
 .text.WDOG_EWM_IRQHandler
                0x000067a0        0x6 irq_stub.o
                0x000067a0                WDOG_EWM_IRQHandler
 .text.RNG_IRQHandler
                0x000067a6        0x6 irq_stub.o
                0x000067a6                RNG_IRQHandler
 .text.I2C0_IRQHandler
                0x000067ac        0x6 irq_stub.o
                0x000067ac                I2C0_IRQHandler
 .text.I2C1_IRQHandler
                0x000067b2        0x6 irq_stub.o
                0x000067b2                I2C1_IRQHandler
 .text.SPI0_IRQHandler
                0x000067b8        0x6 irq_stub.o
                0x000067b8                SPI0_IRQHandler
 .text.SPI1_IRQHandler
                0x000067be        0x6 irq_stub.o
                0x000067be                SPI1_IRQHandler
 .text.I2S0_Tx_IRQHandler
                0x000067c4        0x6 irq_stub.o
                0x000067c4                I2S0_Tx_IRQHandler
 .text.I2S0_Rx_IRQHandler
                0x000067ca        0x6 irq_stub.o
                0x000067ca                I2S0_Rx_IRQHandler
 .text.UART0_LON_IRQHandler
                0x000067d0        0x6 irq_stub.o
                0x000067d0                UART0_LON_IRQHandler
 .text.UART0_ERR_IRQHandler
                0x000067d6        0x6 irq_stub.o
                0x000067d6                UART0_ERR_IRQHandler
 .text.UART1_ERR_IRQHandler
                0x000067dc        0x6 irq_stub.o
                0x000067dc                UART1_ERR_IRQHandler
 .text.UART2_ERR_IRQHandler
                0x000067e2        0x6 irq_stub.o
                0x000067e2                UART2_ERR_IRQHandler
 .text.UART3_ERR_IRQHandler
                0x000067e8        0x6 irq_stub.o
                0x000067e8                UART3_ERR_IRQHandler
 .text.ADC0_IRQHandler
                0x000067ee        0x6 irq_stub.o
                0x000067ee                ADC0_IRQHandler
 .text.CMP0_IRQHandler
                0x000067f4        0x6 irq_stub.o
                0x000067f4                CMP0_IRQHandler
 .text.CMP1_IRQHandler
                0x000067fa        0x6 irq_stub.o
                0x000067fa                CMP1_IRQHandler
 .text.FTM0_IRQHandler
                0x00006800        0x6 irq_stub.o
                0x00006800                FTM0_IRQHandler
 .text.FTM1_IRQHandler
                0x00006806        0x6 irq_stub.o
                0x00006806                FTM1_IRQHandler
 .text.FTM2_IRQHandler
                0x0000680c        0x6 irq_stub.o
                0x0000680c                FTM2_IRQHandler
 .text.CMT_IRQHandler
                0x00006812        0x6 irq_stub.o
                0x00006812                CMT_IRQHandler
 .text.RTC_IRQHandler
                0x00006818        0x6 irq_stub.o
                0x00006818                RTC_IRQHandler
 .text.RTC_Seconds_IRQHandler
                0x0000681e        0x6 irq_stub.o
                0x0000681e                RTC_Seconds_IRQHandler
 .text.PDB0_IRQHandler
                0x00006824        0x6 irq_stub.o
                0x00006824                PDB0_IRQHandler
 .text.USB0_IRQHandler
                0x0000682a        0x6 irq_stub.o
                0x0000682a                USB0_IRQHandler
 .text.USBDCD_IRQHandler
                0x00006830        0x6 irq_stub.o
                0x00006830                USBDCD_IRQHandler
 .text.Reserved71_IRQHandler
                0x00006836        0x6 irq_stub.o
                0x00006836                Reserved71_IRQHandler
 .text.DAC0_IRQHandler
                0x0000683c        0x6 irq_stub.o
                0x0000683c                DAC0_IRQHandler
 .text.MCG_IRQHandler
                0x00006842        0x6 irq_stub.o
                0x00006842                MCG_IRQHandler
 .text.LPTMR0_IRQHandler
                0x00006848        0x6 irq_stub.o
                0x00006848                LPTMR0_IRQHandler
 .text.PORTA_IRQHandler
                0x0000684e        0x6 irq_stub.o
                0x0000684e                PORTA_IRQHandler
 .text.PORTB_IRQHandler
                0x00006854        0x6 irq_stub.o
                0x00006854                PORTB_IRQHandler
 .text.PORTC_IRQHandler
                0x0000685a        0x6 irq_stub.o
                0x0000685a                PORTC_IRQHandler
 .text.PORTD_IRQHandler
                0x00006860        0x6 irq_stub.o
                0x00006860                PORTD_IRQHandler
 .text.PORTE_IRQHandler
                0x00006866        0x6 irq_stub.o
                0x00006866                PORTE_IRQHandler
 .text.SWI_IRQHandler
                0x0000686c        0x6 irq_stub.o
                0x0000686c                SWI_IRQHandler
 .text.SPI2_IRQHandler
                0x00006872        0x6 irq_stub.o
                0x00006872                SPI2_IRQHandler
 .text.UART4_ERR_IRQHandler
                0x00006878        0x6 irq_stub.o
                0x00006878                UART4_ERR_IRQHandler
 .text.UART5_ERR_IRQHandler
                0x0000687e        0x6 irq_stub.o
                0x0000687e                UART5_ERR_IRQHandler
 .text.CMP2_IRQHandler
                0x00006884        0x6 irq_stub.o
                0x00006884                CMP2_IRQHandler
 .text.FTM3_IRQHandler
                0x0000688a        0x6 irq_stub.o
                0x0000688a                FTM3_IRQHandler
 .text.DAC1_IRQHandler
                0x00006890        0x6 irq_stub.o
                0x00006890                DAC1_IRQHandler
 .text.ADC1_IRQHandler
                0x00006896        0x6 irq_stub.o
                0x00006896                ADC1_IRQHandler
 .text.I2C2_IRQHandler
                0x0000689c        0x6 irq_stub.o
                0x0000689c                I2C2_IRQHandler
 .text.CAN0_ORed_Message_buffer_IRQHandler
                0x000068a2        0x6 irq_stub.o
                0x000068a2                CAN0_ORed_Message_buffer_IRQHandler
 .text.CAN0_Bus_Off_IRQHandler
                0x000068a8        0x6 irq_stub.o
                0x000068a8                CAN0_Bus_Off_IRQHandler
 .text.CAN0_Error_IRQHandler
                0x000068ae        0x6 irq_stub.o
                0x000068ae                CAN0_Error_IRQHandler
 .text.CAN0_Tx_Warning_IRQHandler
                0x000068b4        0x6 irq_stub.o
                0x000068b4                CAN0_Tx_Warning_IRQHandler
 .text.CAN0_Rx_Warning_IRQHandler
                0x000068ba        0x6 irq_stub.o
                0x000068ba                CAN0_Rx_Warning_IRQHandler
 .text.CAN0_Wake_Up_IRQHandler
                0x000068c0        0x6 irq_stub.o
                0x000068c0                CAN0_Wake_Up_IRQHandler
 *fill*         0x000068c6        0x2 
 .text._sbrk    0x000068c8       0x5c sbrk.o
                0x000068c8                _sbrk
 .text.schedulerTask
                0x00006924       0x1c cmsis_rtos_init.o
                0x00006924                schedulerTask
 .text.mw_initSignalEvents
                0x00006940       0x40 cmsis_rtos_init.o
                0x00006940                mw_initSignalEvents
 .text.mw_RTOSInit
                0x00006980       0x8c cmsis_rtos_init.o
                0x00006980                mw_RTOSInit
 .text.os_idle_demon
                0x00006a0c        0x8 RTX_Conf_CM.o
                0x00006a0c                os_idle_demon
 .text.os_error
                0x00006a14       0x2c RTX_Conf_CM.o
                0x00006a14                os_error
 .text.rt_init_robin
                0x00006a40        0x4 RTX_Conf_CM.o
                0x00006a40                rt_init_robin
 .text.rt_chk_robin
                0x00006a44        0x4 RTX_Conf_CM.o
                0x00006a44                rt_chk_robin
 .text.software_init_hook
                0x00006a48       0x34 RTX_Conf_CM.o
                0x00006a48                software_init_hook
 .text.mw_osThreadCreate
                0x00006a7c       0x52 mw_thread.o
                0x00006a7c                mw_osThreadCreate
 .text.mw_osThreadGetId
                0x00006ace        0xe mw_thread.o
                0x00006ace                mw_osThreadGetId
 .text.mw_osThreadExit
                0x00006adc       0x22 mw_thread.o
                0x00006adc                mw_osThreadExit
 .text.mw_osTimerCreate
                0x00006afe       0x4e mw_timer.o
                0x00006afe                mw_osTimerCreate
 .text.mw_osTimerStart
                0x00006b4c       0x24 mw_timer.o
                0x00006b4c                mw_osTimerStart
 .text.mw_osSignalSet
                0x00006b70       0x2e mw_signal.o
                0x00006b70                mw_osSignalSet
 .text.mw_osSignalClear
                0x00006b9e       0x26 mw_signal.o
                0x00006b9e                mw_osSignalClear
 .text.mw_osSignalWaitEver
                0x00006bc4       0x20 mw_signal.o
                0x00006bc4                mw_osSignalWaitEver
 .text.mw_osSignalEventCreate
                0x00006be4       0x20 mw_signal.o
                0x00006be4                mw_osSignalEventCreate
 .text.mw_osSignalEventRelease
                0x00006c04       0x26 mw_signal.o
                0x00006c04                mw_osSignalEventRelease
 .text.mw_osSignalEventWaitEver
                0x00006c2a       0x34 mw_signal.o
                0x00006c2a                mw_osSignalEventWaitEver
 *fill*         0x00006c5e        0x2 
 .text.osThreadExit
                0x00006c60       0x18 C:/ProgramData/MATLAB/SupportPackages/R2023b/3P.instrset/cmsis.instrset/CMSIS/RTOS/RTX/LIB/GCC/libRTX_CM4.a(rt_cmsis.o)
                0x00006c60                osThreadExit
 .text.svcKernelInitialize
                0x00006c78      0x104 C:/ProgramData/MATLAB/SupportPackages/R2023b/3P.instrset/cmsis.instrset/CMSIS/RTOS/RTX/LIB/GCC/libRTX_CM4.a(rt_cmsis.o)
                0x00006c78                svcKernelInitialize
 .text.svcKernelStart
                0x00006d7c       0x48 C:/ProgramData/MATLAB/SupportPackages/R2023b/3P.instrset/cmsis.instrset/CMSIS/RTOS/RTX/LIB/GCC/libRTX_CM4.a(rt_cmsis.o)
                0x00006d7c                svcKernelStart
 .text.osKernelInitialize
                0x00006dc4       0x28 C:/ProgramData/MATLAB/SupportPackages/R2023b/3P.instrset/cmsis.instrset/CMSIS/RTOS/RTX/LIB/GCC/libRTX_CM4.a(rt_cmsis.o)
                0x00006dc4                osKernelInitialize
 .text.osKernelStart
                0x00006dec       0x74 C:/ProgramData/MATLAB/SupportPackages/R2023b/3P.instrset/cmsis.instrset/CMSIS/RTOS/RTX/LIB/GCC/libRTX_CM4.a(rt_cmsis.o)
                0x00006dec                osKernelStart
 .text.svcThreadCreate
                0x00006e60       0x7c C:/ProgramData/MATLAB/SupportPackages/R2023b/3P.instrset/cmsis.instrset/CMSIS/RTOS/RTX/LIB/GCC/libRTX_CM4.a(rt_cmsis.o)
                0x00006e60                svcThreadCreate
 .text.svcThreadGetId
                0x00006edc       0x18 C:/ProgramData/MATLAB/SupportPackages/R2023b/3P.instrset/cmsis.instrset/CMSIS/RTOS/RTX/LIB/GCC/libRTX_CM4.a(rt_cmsis.o)
                0x00006edc                svcThreadGetId
 .text.svcThreadTerminate
                0x00006ef4       0x48 C:/ProgramData/MATLAB/SupportPackages/R2023b/3P.instrset/cmsis.instrset/CMSIS/RTOS/RTX/LIB/GCC/libRTX_CM4.a(rt_cmsis.o)
                0x00006ef4                svcThreadTerminate
 .text.osThreadCreate
                0x00006f3c       0xa4 C:/ProgramData/MATLAB/SupportPackages/R2023b/3P.instrset/cmsis.instrset/CMSIS/RTOS/RTX/LIB/GCC/libRTX_CM4.a(rt_cmsis.o)
                0x00006f3c                osThreadCreate
 .text.osThreadGetId
                0x00006fe0       0x18 C:/ProgramData/MATLAB/SupportPackages/R2023b/3P.instrset/cmsis.instrset/CMSIS/RTOS/RTX/LIB/GCC/libRTX_CM4.a(rt_cmsis.o)
                0x00006fe0                osThreadGetId
 .text.osThreadTerminate
                0x00006ff8       0x18 C:/ProgramData/MATLAB/SupportPackages/R2023b/3P.instrset/cmsis.instrset/CMSIS/RTOS/RTX/LIB/GCC/libRTX_CM4.a(rt_cmsis.o)
                0x00006ff8                osThreadTerminate
 .text.svcTimerCreate
                0x00007010       0x40 C:/ProgramData/MATLAB/SupportPackages/R2023b/3P.instrset/cmsis.instrset/CMSIS/RTOS/RTX/LIB/GCC/libRTX_CM4.a(rt_cmsis.o)
                0x00007010                svcTimerCreate
 .text.svcTimerStart
                0x00007050       0xdc C:/ProgramData/MATLAB/SupportPackages/R2023b/3P.instrset/cmsis.instrset/CMSIS/RTOS/RTX/LIB/GCC/libRTX_CM4.a(rt_cmsis.o)
                0x00007050                svcTimerStart
 .text.svcTimerCall
                0x0000712c       0x18 C:/ProgramData/MATLAB/SupportPackages/R2023b/3P.instrset/cmsis.instrset/CMSIS/RTOS/RTX/LIB/GCC/libRTX_CM4.a(rt_cmsis.o)
                0x0000712c                svcTimerCall
 .text.sysTimerTick
                0x00007144       0xc8 C:/ProgramData/MATLAB/SupportPackages/R2023b/3P.instrset/cmsis.instrset/CMSIS/RTOS/RTX/LIB/GCC/libRTX_CM4.a(rt_cmsis.o)
                0x00007144                sysTimerTick
 .text.osTimerCreate
                0x0000720c       0x68 C:/ProgramData/MATLAB/SupportPackages/R2023b/3P.instrset/cmsis.instrset/CMSIS/RTOS/RTX/LIB/GCC/libRTX_CM4.a(rt_cmsis.o)
                0x0000720c                osTimerCreate
 .text.osTimerStart
                0x00007274       0x18 C:/ProgramData/MATLAB/SupportPackages/R2023b/3P.instrset/cmsis.instrset/CMSIS/RTOS/RTX/LIB/GCC/libRTX_CM4.a(rt_cmsis.o)
                0x00007274                osTimerStart
 .text.osTimerThread
                0x0000728c       0x3c C:/ProgramData/MATLAB/SupportPackages/R2023b/3P.instrset/cmsis.instrset/CMSIS/RTOS/RTX/LIB/GCC/libRTX_CM4.a(rt_cmsis.o)
                0x0000728c                osTimerThread
 .text.svcSignalSet
                0x000072c8       0x2c C:/ProgramData/MATLAB/SupportPackages/R2023b/3P.instrset/cmsis.instrset/CMSIS/RTOS/RTX/LIB/GCC/libRTX_CM4.a(rt_cmsis.o)
                0x000072c8                svcSignalSet
 .text.svcSignalClear
                0x000072f4       0x2c C:/ProgramData/MATLAB/SupportPackages/R2023b/3P.instrset/cmsis.instrset/CMSIS/RTOS/RTX/LIB/GCC/libRTX_CM4.a(rt_cmsis.o)
                0x000072f4                svcSignalClear
 .text.svcSignalWait
                0x00007320      0x100 C:/ProgramData/MATLAB/SupportPackages/R2023b/3P.instrset/cmsis.instrset/CMSIS/RTOS/RTX/LIB/GCC/libRTX_CM4.a(rt_cmsis.o)
                0x00007320                svcSignalWait
 .text.osSignalSet
                0x00007420       0x40 C:/ProgramData/MATLAB/SupportPackages/R2023b/3P.instrset/cmsis.instrset/CMSIS/RTOS/RTX/LIB/GCC/libRTX_CM4.a(rt_cmsis.o)
                0x00007420                osSignalSet
 .text.osSignalClear
                0x00007460       0x1c C:/ProgramData/MATLAB/SupportPackages/R2023b/3P.instrset/cmsis.instrset/CMSIS/RTOS/RTX/LIB/GCC/libRTX_CM4.a(rt_cmsis.o)
                0x00007460                osSignalClear
 .text.osSignalWait
                0x0000747c       0x2c C:/ProgramData/MATLAB/SupportPackages/R2023b/3P.instrset/cmsis.instrset/CMSIS/RTOS/RTX/LIB/GCC/libRTX_CM4.a(rt_cmsis.o)
                0x0000747c                osSignalWait
 .text.svcMessageGet
                0x000074a8       0xbc C:/ProgramData/MATLAB/SupportPackages/R2023b/3P.instrset/cmsis.instrset/CMSIS/RTOS/RTX/LIB/GCC/libRTX_CM4.a(rt_cmsis.o)
                0x000074a8                svcMessageGet
 .text.rt_init_stack
                0x00007564       0xa8 C:/ProgramData/MATLAB/SupportPackages/R2023b/3P.instrset/cmsis.instrset/CMSIS/RTOS/RTX/LIB/GCC/libRTX_CM4.a(hal_cm.o)
                0x00007564                rt_init_stack
 .text.rt_ret_val
                0x0000760c       0x14 C:/ProgramData/MATLAB/SupportPackages/R2023b/3P.instrset/cmsis.instrset/CMSIS/RTOS/RTX/LIB/GCC/libRTX_CM4.a(hal_cm.o)
                0x0000760c                rt_ret_val
 .text.rt_ret_val2
                0x00007620       0x24 C:/ProgramData/MATLAB/SupportPackages/R2023b/3P.instrset/cmsis.instrset/CMSIS/RTOS/RTX/LIB/GCC/libRTX_CM4.a(hal_cm.o)
                0x00007620                rt_ret_val2
 .text.dbg_init
                0x00007644       0x34 C:/ProgramData/MATLAB/SupportPackages/R2023b/3P.instrset/cmsis.instrset/CMSIS/RTOS/RTX/LIB/GCC/libRTX_CM4.a(hal_cm.o)
                0x00007644                dbg_init
 .text.dbg_task_notify
                0x00007678       0x2c C:/ProgramData/MATLAB/SupportPackages/R2023b/3P.instrset/cmsis.instrset/CMSIS/RTOS/RTX/LIB/GCC/libRTX_CM4.a(hal_cm.o)
                0x00007678                dbg_task_notify
 .text.dbg_task_switch
                0x000076a4       0x14 C:/ProgramData/MATLAB/SupportPackages/R2023b/3P.instrset/cmsis.instrset/CMSIS/RTOS/RTX/LIB/GCC/libRTX_CM4.a(hal_cm.o)
                0x000076a4                dbg_task_switch
 .text.rt_init_mem
                0x000076b8       0x1c C:/ProgramData/MATLAB/SupportPackages/R2023b/3P.instrset/cmsis.instrset/CMSIS/RTOS/RTX/LIB/GCC/libRTX_CM4.a(rt_memory.o)
                0x000076b8                rt_init_mem
 .text.rt_alloc_mem
                0x000076d4       0x48 C:/ProgramData/MATLAB/SupportPackages/R2023b/3P.instrset/cmsis.instrset/CMSIS/RTOS/RTX/LIB/GCC/libRTX_CM4.a(rt_memory.o)
                0x000076d4                rt_alloc_mem
 .text.rt_free_mem
                0x0000771c       0x54 C:/ProgramData/MATLAB/SupportPackages/R2023b/3P.instrset/cmsis.instrset/CMSIS/RTOS/RTX/LIB/GCC/libRTX_CM4.a(rt_memory.o)
                0x0000771c                rt_free_mem
 .text._init_box
                0x00007770       0x58 C:/ProgramData/MATLAB/SupportPackages/R2023b/3P.instrset/cmsis.instrset/CMSIS/RTOS/RTX/LIB/GCC/libRTX_CM4.a(rt_membox.o)
                0x00007770                _init_box
 .text.rt_alloc_box
                0x000077c8       0x1c C:/ProgramData/MATLAB/SupportPackages/R2023b/3P.instrset/cmsis.instrset/CMSIS/RTOS/RTX/LIB/GCC/libRTX_CM4.a(rt_membox.o)
                0x000077c8                rt_alloc_box
 .text.rt_free_box
                0x000077e4       0x28 C:/ProgramData/MATLAB/SupportPackages/R2023b/3P.instrset/cmsis.instrset/CMSIS/RTOS/RTX/LIB/GCC/libRTX_CM4.a(rt_membox.o)
                0x000077e4                rt_free_box
 .text.rt_sem_psh
                0x0000780c       0x34 C:/ProgramData/MATLAB/SupportPackages/R2023b/3P.instrset/cmsis.instrset/CMSIS/RTOS/RTX/LIB/GCC/libRTX_CM4.a(rt_semaphore.o)
                0x0000780c                rt_sem_psh
 .text.rt_mbx_init
                0x00007840       0x18 C:/ProgramData/MATLAB/SupportPackages/R2023b/3P.instrset/cmsis.instrset/CMSIS/RTOS/RTX/LIB/GCC/libRTX_CM4.a(rt_mailbox.o)
                0x00007840                rt_mbx_init
 .text.rt_mbx_wait
                0x00007858       0xa8 C:/ProgramData/MATLAB/SupportPackages/R2023b/3P.instrset/cmsis.instrset/CMSIS/RTOS/RTX/LIB/GCC/libRTX_CM4.a(rt_mailbox.o)
                0x00007858                rt_mbx_wait
 .text.rt_mbx_check
                0x00007900        0x8 C:/ProgramData/MATLAB/SupportPackages/R2023b/3P.instrset/cmsis.instrset/CMSIS/RTOS/RTX/LIB/GCC/libRTX_CM4.a(rt_mailbox.o)
                0x00007900                rt_mbx_check
 .text.isr_mbx_send
                0x00007908       0x10 C:/ProgramData/MATLAB/SupportPackages/R2023b/3P.instrset/cmsis.instrset/CMSIS/RTOS/RTX/LIB/GCC/libRTX_CM4.a(rt_mailbox.o)
                0x00007908                isr_mbx_send
 .text.rt_mbx_psh
                0x00007918       0xe8 C:/ProgramData/MATLAB/SupportPackages/R2023b/3P.instrset/cmsis.instrset/CMSIS/RTOS/RTX/LIB/GCC/libRTX_CM4.a(rt_mailbox.o)
                0x00007918                rt_mbx_psh
 .text.rt_put_prio
                0x00007a00       0x50 C:/ProgramData/MATLAB/SupportPackages/R2023b/3P.instrset/cmsis.instrset/CMSIS/RTOS/RTX/LIB/GCC/libRTX_CM4.a(rt_list.o)
                0x00007a00                rt_put_prio
 .text.rt_get_first
                0x00007a50       0x28 C:/ProgramData/MATLAB/SupportPackages/R2023b/3P.instrset/cmsis.instrset/CMSIS/RTOS/RTX/LIB/GCC/libRTX_CM4.a(rt_list.o)
                0x00007a50                rt_get_first
 .text.rt_put_rdy_first
                0x00007a78       0x14 C:/ProgramData/MATLAB/SupportPackages/R2023b/3P.instrset/cmsis.instrset/CMSIS/RTOS/RTX/LIB/GCC/libRTX_CM4.a(rt_list.o)
                0x00007a78                rt_put_rdy_first
 .text.rt_resort_prio
                0x00007a8c       0xac C:/ProgramData/MATLAB/SupportPackages/R2023b/3P.instrset/cmsis.instrset/CMSIS/RTOS/RTX/LIB/GCC/libRTX_CM4.a(rt_list.o)
                0x00007a8c                rt_resort_prio
 .text.rt_put_dly
                0x00007b38       0x60 C:/ProgramData/MATLAB/SupportPackages/R2023b/3P.instrset/cmsis.instrset/CMSIS/RTOS/RTX/LIB/GCC/libRTX_CM4.a(rt_list.o)
                0x00007b38                rt_put_dly
 .text.rt_dec_dly
                0x00007b98       0xbc C:/ProgramData/MATLAB/SupportPackages/R2023b/3P.instrset/cmsis.instrset/CMSIS/RTOS/RTX/LIB/GCC/libRTX_CM4.a(rt_list.o)
                0x00007b98                rt_dec_dly
 .text.rt_rmv_list
                0x00007c54       0x2c C:/ProgramData/MATLAB/SupportPackages/R2023b/3P.instrset/cmsis.instrset/CMSIS/RTOS/RTX/LIB/GCC/libRTX_CM4.a(rt_list.o)
                0x00007c54                rt_rmv_list
 .text.rt_rmv_dly
                0x00007c80       0x30 C:/ProgramData/MATLAB/SupportPackages/R2023b/3P.instrset/cmsis.instrset/CMSIS/RTOS/RTX/LIB/GCC/libRTX_CM4.a(rt_list.o)
                0x00007c80                rt_rmv_dly
 .text.rt_psq_enq
                0x00007cb0       0x44 C:/ProgramData/MATLAB/SupportPackages/R2023b/3P.instrset/cmsis.instrset/CMSIS/RTOS/RTX/LIB/GCC/libRTX_CM4.a(rt_list.o)
                0x00007cb0                rt_psq_enq
 .text.rt_evt_wait
                0x00007cf4       0x44 C:/ProgramData/MATLAB/SupportPackages/R2023b/3P.instrset/cmsis.instrset/CMSIS/RTOS/RTX/LIB/GCC/libRTX_CM4.a(rt_event.o)
                0x00007cf4                rt_evt_wait
 .text.rt_evt_set
                0x00007d38       0x58 C:/ProgramData/MATLAB/SupportPackages/R2023b/3P.instrset/cmsis.instrset/CMSIS/RTOS/RTX/LIB/GCC/libRTX_CM4.a(rt_event.o)
                0x00007d38                rt_evt_set
 .text.rt_evt_clr
                0x00007d90       0x18 C:/ProgramData/MATLAB/SupportPackages/R2023b/3P.instrset/cmsis.instrset/CMSIS/RTOS/RTX/LIB/GCC/libRTX_CM4.a(rt_event.o)
                0x00007d90                rt_evt_clr
 .text.isr_evt_set
                0x00007da8       0x24 C:/ProgramData/MATLAB/SupportPackages/R2023b/3P.instrset/cmsis.instrset/CMSIS/RTOS/RTX/LIB/GCC/libRTX_CM4.a(rt_event.o)
                0x00007da8                isr_evt_set
 .text.rt_evt_psh
                0x00007dcc       0x50 C:/ProgramData/MATLAB/SupportPackages/R2023b/3P.instrset/cmsis.instrset/CMSIS/RTOS/RTX/LIB/GCC/libRTX_CM4.a(rt_event.o)
                0x00007dcc                rt_evt_psh
 .text.rt_psh_req
                0x00007e1c       0x20 C:/ProgramData/MATLAB/SupportPackages/R2023b/3P.instrset/cmsis.instrset/CMSIS/RTOS/RTX/LIB/GCC/libRTX_CM4.a(rt_system.o)
                0x00007e1c                rt_psh_req
 .text.rt_pop_req
                0x00007e3c       0x9c C:/ProgramData/MATLAB/SupportPackages/R2023b/3P.instrset/cmsis.instrset/CMSIS/RTOS/RTX/LIB/GCC/libRTX_CM4.a(rt_system.o)
                0x00007e3c                rt_pop_req
 .text.os_tick_init
                0x00007ed8       0x40 C:/ProgramData/MATLAB/SupportPackages/R2023b/3P.instrset/cmsis.instrset/CMSIS/RTOS/RTX/LIB/GCC/libRTX_CM4.a(rt_system.o)
                0x00007ed8                os_tick_init
 .text.os_tick_irqack
                0x00007f18        0x4 C:/ProgramData/MATLAB/SupportPackages/R2023b/3P.instrset/cmsis.instrset/CMSIS/RTOS/RTX/LIB/GCC/libRTX_CM4.a(rt_system.o)
                0x00007f18                os_tick_irqack
 .text.rt_systick
                0x00007f1c       0x3c C:/ProgramData/MATLAB/SupportPackages/R2023b/3P.instrset/cmsis.instrset/CMSIS/RTOS/RTX/LIB/GCC/libRTX_CM4.a(rt_system.o)
                0x00007f1c                rt_systick
 .text.rt_stk_check
                0x00007f58       0x24 C:/ProgramData/MATLAB/SupportPackages/R2023b/3P.instrset/cmsis.instrset/CMSIS/RTOS/RTX/LIB/GCC/libRTX_CM4.a(rt_system.o)
                0x00007f58                rt_stk_check
 .text.rt_switch_req
                0x00007f7c       0x24 C:/ProgramData/MATLAB/SupportPackages/R2023b/3P.instrset/cmsis.instrset/CMSIS/RTOS/RTX/LIB/GCC/libRTX_CM4.a(rt_task.o)
                0x00007f7c                rt_switch_req
 .text.rt_dispatch
                0x00007fa0       0x78 C:/ProgramData/MATLAB/SupportPackages/R2023b/3P.instrset/cmsis.instrset/CMSIS/RTOS/RTX/LIB/GCC/libRTX_CM4.a(rt_task.o)
                0x00007fa0                rt_dispatch
 .text.rt_block
                0x00008018       0x50 C:/ProgramData/MATLAB/SupportPackages/R2023b/3P.instrset/cmsis.instrset/CMSIS/RTOS/RTX/LIB/GCC/libRTX_CM4.a(rt_task.o)
                0x00008018                rt_block
 .text.rt_tsk_self
                0x00008068       0x10 C:/ProgramData/MATLAB/SupportPackages/R2023b/3P.instrset/cmsis.instrset/CMSIS/RTOS/RTX/LIB/GCC/libRTX_CM4.a(rt_task.o)
                0x00008068                rt_tsk_self
 .text.rt_tsk_prio
                0x00008078       0xa0 C:/ProgramData/MATLAB/SupportPackages/R2023b/3P.instrset/cmsis.instrset/CMSIS/RTOS/RTX/LIB/GCC/libRTX_CM4.a(rt_task.o)
                0x00008078                rt_tsk_prio
 .text.rt_tsk_create
                0x00008118       0xc8 C:/ProgramData/MATLAB/SupportPackages/R2023b/3P.instrset/cmsis.instrset/CMSIS/RTOS/RTX/LIB/GCC/libRTX_CM4.a(rt_task.o)
                0x00008118                rt_tsk_create
 .text.rt_tsk_delete
                0x000081e0      0x1bc C:/ProgramData/MATLAB/SupportPackages/R2023b/3P.instrset/cmsis.instrset/CMSIS/RTOS/RTX/LIB/GCC/libRTX_CM4.a(rt_task.o)
                0x000081e0                rt_tsk_delete
 .text.rt_sys_init
                0x0000839c       0xdc C:/ProgramData/MATLAB/SupportPackages/R2023b/3P.instrset/cmsis.instrset/CMSIS/RTOS/RTX/LIB/GCC/libRTX_CM4.a(rt_task.o)
                0x0000839c                rt_sys_init
 .text.rt_sys_start
                0x00008478       0x8c C:/ProgramData/MATLAB/SupportPackages/R2023b/3P.instrset/cmsis.instrset/CMSIS/RTOS/RTX/LIB/GCC/libRTX_CM4.a(rt_task.o)
                0x00008478                rt_sys_start
 .text.OSA_TimeInit
                0x00008504       0x44 C:/ProgramData/MATLAB/SupportPackages/R2023b/toolbox/target/supportpackages/freedomk64f/src/ksdk_armgcc_lib/bm/libksdk_platform.a(fsl_os_abstraction_bm.o)
                0x00008504                OSA_TimeInit
 .text.OSA_TimeDiff
                0x00008548        0xe C:/ProgramData/MATLAB/SupportPackages/R2023b/toolbox/target/supportpackages/freedomk64f/src/ksdk_armgcc_lib/bm/libksdk_platform.a(fsl_os_abstraction_bm.o)
                0x00008548                OSA_TimeDiff
 *fill*         0x00008556        0x2 
 .text.OSA_SemaCreate
                0x00008558       0x2c C:/ProgramData/MATLAB/SupportPackages/R2023b/toolbox/target/supportpackages/freedomk64f/src/ksdk_armgcc_lib/bm/libksdk_platform.a(fsl_os_abstraction_bm.o)
                0x00008558                OSA_SemaCreate
 .text.OSA_SemaPost
                0x00008584       0x3c C:/ProgramData/MATLAB/SupportPackages/R2023b/toolbox/target/supportpackages/freedomk64f/src/ksdk_armgcc_lib/bm/libksdk_platform.a(fsl_os_abstraction_bm.o)
                0x00008584                OSA_SemaPost
 .text.task_init
                0x000085c0       0x38 C:/ProgramData/MATLAB/SupportPackages/R2023b/toolbox/target/supportpackages/freedomk64f/src/ksdk_armgcc_lib/bm/libksdk_platform.a(fsl_os_abstraction_bm.o)
                0x000085c0                task_init
 .text.OSA_TimeGetMsec
                0x000085f8        0xc C:/ProgramData/MATLAB/SupportPackages/R2023b/toolbox/target/supportpackages/freedomk64f/src/ksdk_armgcc_lib/bm/libksdk_platform.a(fsl_os_abstraction_bm.o)
                0x000085f8                OSA_TimeGetMsec
 .text.OSA_TimeDelay
                0x00008604       0x1c C:/ProgramData/MATLAB/SupportPackages/R2023b/toolbox/target/supportpackages/freedomk64f/src/ksdk_armgcc_lib/bm/libksdk_platform.a(fsl_os_abstraction_bm.o)
                0x00008604                OSA_TimeDelay
 .text.OSA_Init
                0x00008620        0xe C:/ProgramData/MATLAB/SupportPackages/R2023b/toolbox/target/supportpackages/freedomk64f/src/ksdk_armgcc_lib/bm/libksdk_platform.a(fsl_os_abstraction_bm.o)
                0x00008620                OSA_Init
 *fill*         0x0000862e        0x2 
 .text.CLOCK_SYS_SetMcgPeeToFbe
                0x00008630       0x34 C:/ProgramData/MATLAB/SupportPackages/R2023b/toolbox/target/supportpackages/freedomk64f/src/ksdk_armgcc_lib/bm/libksdk_platform.a(fsl_clock_manager.o)
 .text.CLOCK_SYS_SetMcgMode
                0x00008664      0x11c C:/ProgramData/MATLAB/SupportPackages/R2023b/toolbox/target/supportpackages/freedomk64f/src/ksdk_armgcc_lib/bm/libksdk_platform.a(fsl_clock_manager.o)
                0x00008664                CLOCK_SYS_SetMcgMode
 .text.CLOCK_SYS_SetOscerConfigration
                0x00008780       0x20 C:/ProgramData/MATLAB/SupportPackages/R2023b/toolbox/target/supportpackages/freedomk64f/src/ksdk_armgcc_lib/bm/libksdk_platform.a(fsl_clock_manager.o)
                0x00008780                CLOCK_SYS_SetOscerConfigration
 .text.CLOCK_SYS_OscInit
                0x000087a0       0x88 C:/ProgramData/MATLAB/SupportPackages/R2023b/toolbox/target/supportpackages/freedomk64f/src/ksdk_armgcc_lib/bm/libksdk_platform.a(fsl_clock_manager.o)
                0x000087a0                CLOCK_SYS_OscInit
 .text.CLOCK_SYS_RtcOscInit
                0x00008828       0x6c C:/ProgramData/MATLAB/SupportPackages/R2023b/toolbox/target/supportpackages/freedomk64f/src/ksdk_armgcc_lib/bm/libksdk_platform.a(fsl_clock_manager.o)
                0x00008828                CLOCK_SYS_RtcOscInit
 .text.SIM_HAL_EnableClock.constprop.0
                0x00008894       0x1c C:/ProgramData/MATLAB/SupportPackages/R2023b/toolbox/target/supportpackages/freedomk64f/src/ksdk_armgcc_lib/bm/libksdk_platform.a(fsl_clock_MK64F12.o)
 .text.CLOCK_SYS_GetCoreClockFreq
                0x000088b0       0x20 C:/ProgramData/MATLAB/SupportPackages/R2023b/toolbox/target/supportpackages/freedomk64f/src/ksdk_armgcc_lib/bm/libksdk_platform.a(fsl_clock_MK64F12.o)
                0x000088b0                CLOCK_SYS_GetCoreClockFreq
 .text.CLOCK_SYS_SetConfiguration
                0x000088d0       0x98 C:/ProgramData/MATLAB/SupportPackages/R2023b/toolbox/target/supportpackages/freedomk64f/src/ksdk_armgcc_lib/bm/libksdk_platform.a(fsl_clock_MK64F12.o)
                0x000088d0                CLOCK_SYS_SetConfiguration
 .text.CLOCK_SYS_FllStableDelay
                0x00008968       0x18 C:/ProgramData/MATLAB/SupportPackages/R2023b/toolbox/target/supportpackages/freedomk64f/src/ksdk_armgcc_lib/bm/libksdk_platform.a(fsl_clock_MK64F12.o)
 .text.CLOCK_SYS_GetBusClockFreq
                0x00008980       0x20 C:/ProgramData/MATLAB/SupportPackages/R2023b/toolbox/target/supportpackages/freedomk64f/src/ksdk_armgcc_lib/bm/libksdk_platform.a(fsl_clock_MK64F12.o)
                0x00008980                CLOCK_SYS_GetBusClockFreq
 .text.CLOCK_SYS_GetUartFreq
                0x000089a0       0x16 C:/ProgramData/MATLAB/SupportPackages/R2023b/toolbox/target/supportpackages/freedomk64f/src/ksdk_armgcc_lib/bm/libksdk_platform.a(fsl_clock_MK64F12.o)
                0x000089a0                CLOCK_SYS_GetUartFreq
 *fill*         0x000089b6        0x2 
 .text.CLOCK_SYS_GetFtmExternalFreq
                0x000089b8       0x20 C:/ProgramData/MATLAB/SupportPackages/R2023b/toolbox/target/supportpackages/freedomk64f/src/ksdk_armgcc_lib/bm/libksdk_platform.a(fsl_clock_MK64F12.o)
                0x000089b8                CLOCK_SYS_GetFtmExternalFreq
 .text.CLOCK_SYS_EnablePortClock
                0x000089d8       0x30 C:/ProgramData/MATLAB/SupportPackages/R2023b/toolbox/target/supportpackages/freedomk64f/src/ksdk_armgcc_lib/bm/libksdk_platform.a(fsl_clock_MK64F12.o)
                0x000089d8                CLOCK_SYS_EnablePortClock
 .text.CLOCK_SYS_EnableFtmClock
                0x00008a08       0x30 C:/ProgramData/MATLAB/SupportPackages/R2023b/toolbox/target/supportpackages/freedomk64f/src/ksdk_armgcc_lib/bm/libksdk_platform.a(fsl_clock_MK64F12.o)
                0x00008a08                CLOCK_SYS_EnableFtmClock
 .text.CLOCK_SYS_EnableI2cClock
                0x00008a38       0x30 C:/ProgramData/MATLAB/SupportPackages/R2023b/toolbox/target/supportpackages/freedomk64f/src/ksdk_armgcc_lib/bm/libksdk_platform.a(fsl_clock_MK64F12.o)
                0x00008a38                CLOCK_SYS_EnableI2cClock
 .text.CLOCK_SYS_EnableUartClock
                0x00008a68       0x30 C:/ProgramData/MATLAB/SupportPackages/R2023b/toolbox/target/supportpackages/freedomk64f/src/ksdk_armgcc_lib/bm/libksdk_platform.a(fsl_clock_MK64F12.o)
                0x00008a68                CLOCK_SYS_EnableUartClock
 .text.INT_SYS_EnableIRQGlobal
                0x00008a98       0x14 C:/ProgramData/MATLAB/SupportPackages/R2023b/toolbox/target/supportpackages/freedomk64f/src/ksdk_armgcc_lib/bm/libksdk_platform.a(fsl_interrupt_manager.o)
                0x00008a98                INT_SYS_EnableIRQGlobal
 .text.INT_SYS_DisableIRQGlobal
                0x00008aac       0x10 C:/ProgramData/MATLAB/SupportPackages/R2023b/toolbox/target/supportpackages/freedomk64f/src/ksdk_armgcc_lib/bm/libksdk_platform.a(fsl_interrupt_manager.o)
                0x00008aac                INT_SYS_DisableIRQGlobal
 .text.EDMA_HAL_SetErrorIntCmd
                0x00008abc        0xa C:/ProgramData/MATLAB/SupportPackages/R2023b/toolbox/target/supportpackages/freedomk64f/src/ksdk_armgcc_lib/bm/libksdk_platform.a(fsl_edma_hal.o)
                0x00008abc                EDMA_HAL_SetErrorIntCmd
 .text.EDMA_HAL_SetDmaRequestCmd
                0x00008ac6        0xa C:/ProgramData/MATLAB/SupportPackages/R2023b/toolbox/target/supportpackages/freedomk64f/src/ksdk_armgcc_lib/bm/libksdk_platform.a(fsl_edma_hal.o)
                0x00008ac6                EDMA_HAL_SetDmaRequestCmd
 .text.EDMA_HAL_HTCDClearReg
                0x00008ad0       0x42 C:/ProgramData/MATLAB/SupportPackages/R2023b/toolbox/target/supportpackages/freedomk64f/src/ksdk_armgcc_lib/bm/libksdk_platform.a(fsl_edma_hal.o)
                0x00008ad0                EDMA_HAL_HTCDClearReg
 .text.EDMA_HAL_Init
                0x00008b12       0x2a C:/ProgramData/MATLAB/SupportPackages/R2023b/toolbox/target/supportpackages/freedomk64f/src/ksdk_armgcc_lib/bm/libksdk_platform.a(fsl_edma_hal.o)
                0x00008b12                EDMA_HAL_Init
 .text.EDMA_HAL_HTCDSetAttribute
                0x00008b3c       0x48 C:/ProgramData/MATLAB/SupportPackages/R2023b/toolbox/target/supportpackages/freedomk64f/src/ksdk_armgcc_lib/bm/libksdk_platform.a(fsl_edma_hal.o)
                0x00008b3c                EDMA_HAL_HTCDSetAttribute
 .text.EDMA_HAL_HTCDSetNbytes
                0x00008b84       0x78 C:/ProgramData/MATLAB/SupportPackages/R2023b/toolbox/target/supportpackages/freedomk64f/src/ksdk_armgcc_lib/bm/libksdk_platform.a(fsl_edma_hal.o)
                0x00008b84                EDMA_HAL_HTCDSetNbytes
 .text.EDMA_HAL_HTCDGetNbytes
                0x00008bfc       0x68 C:/ProgramData/MATLAB/SupportPackages/R2023b/toolbox/target/supportpackages/freedomk64f/src/ksdk_armgcc_lib/bm/libksdk_platform.a(fsl_edma_hal.o)
                0x00008bfc                EDMA_HAL_HTCDGetNbytes
 .text.EDMA_HAL_HTCDSetChannelMinorLink
                0x00008c64       0x80 C:/ProgramData/MATLAB/SupportPackages/R2023b/toolbox/target/supportpackages/freedomk64f/src/ksdk_armgcc_lib/bm/libksdk_platform.a(fsl_edma_hal.o)
                0x00008c64                EDMA_HAL_HTCDSetChannelMinorLink
 .text.EDMA_HAL_HTCDSetMajorCount
                0x00008ce4       0x78 C:/ProgramData/MATLAB/SupportPackages/R2023b/toolbox/target/supportpackages/freedomk64f/src/ksdk_armgcc_lib/bm/libksdk_platform.a(fsl_edma_hal.o)
                0x00008ce4                EDMA_HAL_HTCDSetMajorCount
 .text.EDMA_HAL_HTCDGetUnfinishedBytes
                0x00008d5c       0x54 C:/ProgramData/MATLAB/SupportPackages/R2023b/toolbox/target/supportpackages/freedomk64f/src/ksdk_armgcc_lib/bm/libksdk_platform.a(fsl_edma_hal.o)
                0x00008d5c                EDMA_HAL_HTCDGetUnfinishedBytes
 .text.INT_SYS_EnableIRQ
                0x00008db0       0x44 C:/ProgramData/MATLAB/SupportPackages/R2023b/toolbox/target/supportpackages/freedomk64f/src/ksdk_armgcc_lib/bm/libksdk_platform.a(fsl_edma_driver.o)
 .text.EDMA_DRV_ClaimChannel.isra.0
                0x00008df4       0x6c C:/ProgramData/MATLAB/SupportPackages/R2023b/toolbox/target/supportpackages/freedomk64f/src/ksdk_armgcc_lib/bm/libksdk_platform.a(fsl_edma_driver.o)
 .text.EDMA_DRV_Init
                0x00008e60       0x84 C:/ProgramData/MATLAB/SupportPackages/R2023b/toolbox/target/supportpackages/freedomk64f/src/ksdk_armgcc_lib/bm/libksdk_platform.a(fsl_edma_driver.o)
                0x00008e60                EDMA_DRV_Init
 .text.EDMA_DRV_InstallCallback
                0x00008ee4        0x8 C:/ProgramData/MATLAB/SupportPackages/R2023b/toolbox/target/supportpackages/freedomk64f/src/ksdk_armgcc_lib/bm/libksdk_platform.a(fsl_edma_driver.o)
                0x00008ee4                EDMA_DRV_InstallCallback
 .text.EDMA_DRV_RequestChannel
                0x00008eec       0x70 C:/ProgramData/MATLAB/SupportPackages/R2023b/toolbox/target/supportpackages/freedomk64f/src/ksdk_armgcc_lib/bm/libksdk_platform.a(fsl_edma_driver.o)
                0x00008eec                EDMA_DRV_RequestChannel
 .text.EDMA_DRV_IRQHandler
                0x00008f5c       0x30 C:/ProgramData/MATLAB/SupportPackages/R2023b/toolbox/target/supportpackages/freedomk64f/src/ksdk_armgcc_lib/bm/libksdk_platform.a(fsl_edma_driver.o)
                0x00008f5c                EDMA_DRV_IRQHandler
 .text.EDMA_DRV_ErrorIRQHandler
                0x00008f8c       0x8c C:/ProgramData/MATLAB/SupportPackages/R2023b/toolbox/target/supportpackages/freedomk64f/src/ksdk_armgcc_lib/bm/libksdk_platform.a(fsl_edma_driver.o)
                0x00008f8c                EDMA_DRV_ErrorIRQHandler
 .text.FTM_HAL_SetClockSource
                0x00009018       0x12 C:/ProgramData/MATLAB/SupportPackages/R2023b/toolbox/target/supportpackages/freedomk64f/src/ksdk_armgcc_lib/bm/libksdk_platform.a(fsl_ftm_driver.o)
 *fill*         0x0000902a        0x2 
 .text.FTM_HAL_SetChnCountVal
                0x0000902c       0x30 C:/ProgramData/MATLAB/SupportPackages/R2023b/toolbox/target/supportpackages/freedomk64f/src/ksdk_armgcc_lib/bm/libksdk_platform.a(fsl_ftm_driver.o)
 .text.FTM_DRV_Init
                0x0000905c      0x10c C:/ProgramData/MATLAB/SupportPackages/R2023b/toolbox/target/supportpackages/freedomk64f/src/ksdk_armgcc_lib/bm/libksdk_platform.a(fsl_ftm_driver.o)
                0x0000905c                FTM_DRV_Init
 .text.FTM_DRV_SetClock
                0x00009168       0x54 C:/ProgramData/MATLAB/SupportPackages/R2023b/toolbox/target/supportpackages/freedomk64f/src/ksdk_armgcc_lib/bm/libksdk_platform.a(fsl_ftm_driver.o)
                0x00009168                FTM_DRV_SetClock
 .text.FTM_DRV_GetClock
                0x000091bc       0x64 C:/ProgramData/MATLAB/SupportPackages/R2023b/toolbox/target/supportpackages/freedomk64f/src/ksdk_armgcc_lib/bm/libksdk_platform.a(fsl_ftm_driver.o)
                0x000091bc                FTM_DRV_GetClock
 .text.FTM_DRV_PwmStart
                0x00009220      0x17c C:/ProgramData/MATLAB/SupportPackages/R2023b/toolbox/target/supportpackages/freedomk64f/src/ksdk_armgcc_lib/bm/libksdk_platform.a(fsl_ftm_driver.o)
                0x00009220                FTM_DRV_PwmStart
 .text.PORT_HAL_SetMuxMode.part.0
                0x0000939c       0x1c C:/ProgramData/MATLAB/SupportPackages/R2023b/toolbox/target/supportpackages/freedomk64f/src/ksdk_armgcc_lib/bm/libksdk_platform.a(fsl_gpio_driver.o)
 .text.GPIO_DRV_InputPinInit
                0x000093b8       0xe4 C:/ProgramData/MATLAB/SupportPackages/R2023b/toolbox/target/supportpackages/freedomk64f/src/ksdk_armgcc_lib/bm/libksdk_platform.a(fsl_gpio_driver.o)
                0x000093b8                GPIO_DRV_InputPinInit
 .text.GPIO_DRV_OutputPinInit
                0x0000949c       0x78 C:/ProgramData/MATLAB/SupportPackages/R2023b/toolbox/target/supportpackages/freedomk64f/src/ksdk_armgcc_lib/bm/libksdk_platform.a(fsl_gpio_driver.o)
                0x0000949c                GPIO_DRV_OutputPinInit
 .text.GPIO_DRV_WritePinOutput
                0x00009514       0x1c C:/ProgramData/MATLAB/SupportPackages/R2023b/toolbox/target/supportpackages/freedomk64f/src/ksdk_armgcc_lib/bm/libksdk_platform.a(fsl_gpio_driver.o)
                0x00009514                GPIO_DRV_WritePinOutput
 .text.GPIO_DRV_ReadPinInput
                0x00009530       0x3c C:/ProgramData/MATLAB/SupportPackages/R2023b/toolbox/target/supportpackages/freedomk64f/src/ksdk_armgcc_lib/bm/libksdk_platform.a(fsl_gpio_driver.o)
                0x00009530                GPIO_DRV_ReadPinInput
 .text.I2C_HAL_Init
                0x0000956c       0x1c C:/ProgramData/MATLAB/SupportPackages/R2023b/toolbox/target/supportpackages/freedomk64f/src/ksdk_armgcc_lib/bm/libksdk_platform.a(fsl_i2c_hal.o)
                0x0000956c                I2C_HAL_Init
 .text.I2C_HAL_SetBaudRate
                0x00009588       0x6c C:/ProgramData/MATLAB/SupportPackages/R2023b/toolbox/target/supportpackages/freedomk64f/src/ksdk_armgcc_lib/bm/libksdk_platform.a(fsl_i2c_hal.o)
                0x00009588                I2C_HAL_SetBaudRate
 .text.I2C_HAL_SendStart
                0x000095f4       0x20 C:/ProgramData/MATLAB/SupportPackages/R2023b/toolbox/target/supportpackages/freedomk64f/src/ksdk_armgcc_lib/bm/libksdk_platform.a(fsl_i2c_hal.o)
                0x000095f4                I2C_HAL_SendStart
 .text.I2C_HAL_SendStop
                0x00009614       0x50 C:/ProgramData/MATLAB/SupportPackages/R2023b/toolbox/target/supportpackages/freedomk64f/src/ksdk_armgcc_lib/bm/libksdk_platform.a(fsl_i2c_hal.o)
                0x00009614                I2C_HAL_SendStop
 .text.LPTMR_HAL_SetTimerWorkingMode
                0x00009664       0x3c C:/ProgramData/MATLAB/SupportPackages/R2023b/toolbox/target/supportpackages/freedomk64f/src/ksdk_armgcc_lib/bm/libksdk_platform.a(fsl_lptmr_hal.o)
                0x00009664                LPTMR_HAL_SetTimerWorkingMode
 .text.LPTMR_HAL_SetPrescalerMode
                0x000096a0       0x1c C:/ProgramData/MATLAB/SupportPackages/R2023b/toolbox/target/supportpackages/freedomk64f/src/ksdk_armgcc_lib/bm/libksdk_platform.a(fsl_lptmr_hal.o)
                0x000096a0                LPTMR_HAL_SetPrescalerMode
 .text.LPTMR_HAL_GetCounterValue
                0x000096bc        0xe C:/ProgramData/MATLAB/SupportPackages/R2023b/toolbox/target/supportpackages/freedomk64f/src/ksdk_armgcc_lib/bm/libksdk_platform.a(fsl_lptmr_hal.o)
                0x000096bc                LPTMR_HAL_GetCounterValue
 *fill*         0x000096ca        0x2 
 .text.CLOCK_HAL_TestOscFreq
                0x000096cc       0x28 C:/ProgramData/MATLAB/SupportPackages/R2023b/toolbox/target/supportpackages/freedomk64f/src/ksdk_armgcc_lib/bm/libksdk_platform.a(fsl_mcg_hal.o)
                0x000096cc                CLOCK_HAL_TestOscFreq
 .text.CLOCK_HAL_GetMcgExternalClkFreq
                0x000096f4        0xa C:/ProgramData/MATLAB/SupportPackages/R2023b/toolbox/target/supportpackages/freedomk64f/src/ksdk_armgcc_lib/bm/libksdk_platform.a(fsl_mcg_hal.o)
 .text.CLOCK_HAL_TestFllExternalRefFreq
                0x000096fe       0x2c C:/ProgramData/MATLAB/SupportPackages/R2023b/toolbox/target/supportpackages/freedomk64f/src/ksdk_armgcc_lib/bm/libksdk_platform.a(fsl_mcg_hal.o)
                0x000096fe                CLOCK_HAL_TestFllExternalRefFreq
 *fill*         0x0000972a        0x2 
 .text.CLOCK_HAL_GetFllRefClk
                0x0000972c       0x40 C:/ProgramData/MATLAB/SupportPackages/R2023b/toolbox/target/supportpackages/freedomk64f/src/ksdk_armgcc_lib/bm/libksdk_platform.a(fsl_mcg_hal.o)
                0x0000972c                CLOCK_HAL_GetFllRefClk
 .text.CLOCK_HAL_TestFllFreq
                0x0000976c       0x34 C:/ProgramData/MATLAB/SupportPackages/R2023b/toolbox/target/supportpackages/freedomk64f/src/ksdk_armgcc_lib/bm/libksdk_platform.a(fsl_mcg_hal.o)
                0x0000976c                CLOCK_HAL_TestFllFreq
 .text.CLOCK_HAL_GetFllClk
                0x000097a0       0x3c C:/ProgramData/MATLAB/SupportPackages/R2023b/toolbox/target/supportpackages/freedomk64f/src/ksdk_armgcc_lib/bm/libksdk_platform.a(fsl_mcg_hal.o)
                0x000097a0                CLOCK_HAL_GetFllClk
 .text.CLOCK_HAL_UpdateFastClkInternalRefDiv
                0x000097dc       0x58 C:/ProgramData/MATLAB/SupportPackages/R2023b/toolbox/target/supportpackages/freedomk64f/src/ksdk_armgcc_lib/bm/libksdk_platform.a(fsl_mcg_hal.o)
                0x000097dc                CLOCK_HAL_UpdateFastClkInternalRefDiv
 .text.CLOCK_HAL_GetPll0Clk
                0x00009834       0x48 C:/ProgramData/MATLAB/SupportPackages/R2023b/toolbox/target/supportpackages/freedomk64f/src/ksdk_armgcc_lib/bm/libksdk_platform.a(fsl_mcg_hal.o)
                0x00009834                CLOCK_HAL_GetPll0Clk
 .text.CLOCK_HAL_EnablePll0InFllMode
                0x0000987c       0x38 C:/ProgramData/MATLAB/SupportPackages/R2023b/toolbox/target/supportpackages/freedomk64f/src/ksdk_armgcc_lib/bm/libksdk_platform.a(fsl_mcg_hal.o)
                0x0000987c                CLOCK_HAL_EnablePll0InFllMode
 .text.CLOCK_HAL_GetInternalRefClk
                0x000098b4       0x40 C:/ProgramData/MATLAB/SupportPackages/R2023b/toolbox/target/supportpackages/freedomk64f/src/ksdk_armgcc_lib/bm/libksdk_platform.a(fsl_mcg_hal.o)
                0x000098b4                CLOCK_HAL_GetInternalRefClk
 .text.CLOCK_HAL_GetOutClk
                0x000098f4       0x22 C:/ProgramData/MATLAB/SupportPackages/R2023b/toolbox/target/supportpackages/freedomk64f/src/ksdk_armgcc_lib/bm/libksdk_platform.a(fsl_mcg_hal.o)
                0x000098f4                CLOCK_HAL_GetOutClk
 .text.CLOCK_HAL_GetFixedFreqClk
                0x00009916       0x20 C:/ProgramData/MATLAB/SupportPackages/R2023b/toolbox/target/supportpackages/freedomk64f/src/ksdk_armgcc_lib/bm/libksdk_platform.a(fsl_mcg_hal.o)
                0x00009916                CLOCK_HAL_GetFixedFreqClk
 .text.CLOCK_HAL_SetOsc0Mode
                0x00009936       0x24 C:/ProgramData/MATLAB/SupportPackages/R2023b/toolbox/target/supportpackages/freedomk64f/src/ksdk_armgcc_lib/bm/libksdk_platform.a(fsl_mcg_hal.o)
                0x00009936                CLOCK_HAL_SetOsc0Mode
 *fill*         0x0000995a        0x2 
 .text.CLOCK_HAL_PrepareOsc
                0x0000995c       0x30 C:/ProgramData/MATLAB/SupportPackages/R2023b/toolbox/target/supportpackages/freedomk64f/src/ksdk_armgcc_lib/bm/libksdk_platform.a(fsl_mcg_hal_modes.o)
 .text.CLOCK_HAL_GetMcgMode
                0x0000998c       0x7c C:/ProgramData/MATLAB/SupportPackages/R2023b/toolbox/target/supportpackages/freedomk64f/src/ksdk_armgcc_lib/bm/libksdk_platform.a(fsl_mcg_hal_modes.o)
                0x0000998c                CLOCK_HAL_GetMcgMode
 .text.CLOCK_HAL_SetFbiMode
                0x00009a08       0xbc C:/ProgramData/MATLAB/SupportPackages/R2023b/toolbox/target/supportpackages/freedomk64f/src/ksdk_armgcc_lib/bm/libksdk_platform.a(fsl_mcg_hal_modes.o)
                0x00009a08                CLOCK_HAL_SetFbiMode
 .text.CLOCK_HAL_SetFbeMode
                0x00009ac4       0xf0 C:/ProgramData/MATLAB/SupportPackages/R2023b/toolbox/target/supportpackages/freedomk64f/src/ksdk_armgcc_lib/bm/libksdk_platform.a(fsl_mcg_hal_modes.o)
                0x00009ac4                CLOCK_HAL_SetFbeMode
 .text.CLOCK_HAL_SetPbeMode
                0x00009bb4       0xd8 C:/ProgramData/MATLAB/SupportPackages/R2023b/toolbox/target/supportpackages/freedomk64f/src/ksdk_armgcc_lib/bm/libksdk_platform.a(fsl_mcg_hal_modes.o)
                0x00009bb4                CLOCK_HAL_SetPbeMode
 .text.OSC_HAL_SetCapacitor
                0x00009c8c        0xe C:/ProgramData/MATLAB/SupportPackages/R2023b/toolbox/target/supportpackages/freedomk64f/src/ksdk_armgcc_lib/bm/libksdk_platform.a(fsl_osc_hal.o)
                0x00009c8c                OSC_HAL_SetCapacitor
 .text.CLOCK_HAL_SetOutDiv
                0x00009c9a       0x28 C:/ProgramData/MATLAB/SupportPackages/R2023b/toolbox/target/supportpackages/freedomk64f/src/ksdk_armgcc_lib/bm/libksdk_platform.a(fsl_sim_hal_MK64F12.o)
                0x00009c9a                CLOCK_HAL_SetOutDiv
 *fill*         0x00009cc2        0x2 
 .text.SIM_HAL_GetFtmExternalClkPinMode
                0x00009cc4       0x70 C:/ProgramData/MATLAB/SupportPackages/R2023b/toolbox/target/supportpackages/freedomk64f/src/ksdk_armgcc_lib/bm/libksdk_platform.a(fsl_sim_hal_MK64F12.o)
                0x00009cc4                SIM_HAL_GetFtmExternalClkPinMode
 .text.UART_DRV_CompleteSendData
                0x00009d34       0x54 C:/ProgramData/MATLAB/SupportPackages/R2023b/toolbox/target/supportpackages/freedomk64f/src/ksdk_armgcc_lib/bm/libksdk_platform.a(fsl_uart_driver.o)
 .text.UART_DRV_CompleteReceiveData
                0x00009d88       0x5c C:/ProgramData/MATLAB/SupportPackages/R2023b/toolbox/target/supportpackages/freedomk64f/src/ksdk_armgcc_lib/bm/libksdk_platform.a(fsl_uart_driver.o)
 .text.UART_DRV_IRQHandler
                0x00009de4       0xdc C:/ProgramData/MATLAB/SupportPackages/R2023b/toolbox/target/supportpackages/freedomk64f/src/ksdk_armgcc_lib/bm/libksdk_platform.a(fsl_uart_driver.o)
                0x00009de4                UART_DRV_IRQHandler
 .text.EDMA_HAL_HTCDSetIntCmd
                0x00009ec0       0x14 C:/ProgramData/MATLAB/SupportPackages/R2023b/toolbox/target/supportpackages/freedomk64f/src/ksdk_armgcc_lib/bm/libksdk_platform.a(fsl_uart_edma_driver.o)
 .text.UART_DRV_EdmaCompleteSendData
                0x00009ed4       0x5c C:/ProgramData/MATLAB/SupportPackages/R2023b/toolbox/target/supportpackages/freedomk64f/src/ksdk_armgcc_lib/bm/libksdk_platform.a(fsl_uart_edma_driver.o)
 .text.UART_DRV_EdmaTxCallback
                0x00009f30        0x4 C:/ProgramData/MATLAB/SupportPackages/R2023b/toolbox/target/supportpackages/freedomk64f/src/ksdk_armgcc_lib/bm/libksdk_platform.a(fsl_uart_edma_driver.o)
 .text.UART_DRV_EdmaCompleteReceiveData
                0x00009f34       0x60 C:/ProgramData/MATLAB/SupportPackages/R2023b/toolbox/target/supportpackages/freedomk64f/src/ksdk_armgcc_lib/bm/libksdk_platform.a(fsl_uart_edma_driver.o)
 .text.UART_DRV_EdmaRxCallback
                0x00009f94        0x4 C:/ProgramData/MATLAB/SupportPackages/R2023b/toolbox/target/supportpackages/freedomk64f/src/ksdk_armgcc_lib/bm/libksdk_platform.a(fsl_uart_edma_driver.o)
 .text.UART_DRV_EdmaStartSendData
                0x00009f98       0x74 C:/ProgramData/MATLAB/SupportPackages/R2023b/toolbox/target/supportpackages/freedomk64f/src/ksdk_armgcc_lib/bm/libksdk_platform.a(fsl_uart_edma_driver.o)
 .text.UART_DRV_EdmaInit
                0x0000a00c      0x254 C:/ProgramData/MATLAB/SupportPackages/R2023b/toolbox/target/supportpackages/freedomk64f/src/ksdk_armgcc_lib/bm/libksdk_platform.a(fsl_uart_edma_driver.o)
                0x0000a00c                UART_DRV_EdmaInit
 .text.UART_DRV_EdmaSendData
                0x0000a260       0x48 C:/ProgramData/MATLAB/SupportPackages/R2023b/toolbox/target/supportpackages/freedomk64f/src/ksdk_armgcc_lib/bm/libksdk_platform.a(fsl_uart_edma_driver.o)
                0x0000a260                UART_DRV_EdmaSendData
 .text.UART_DRV_EdmaGetTransmitStatus
                0x0000a2a8       0x58 C:/ProgramData/MATLAB/SupportPackages/R2023b/toolbox/target/supportpackages/freedomk64f/src/ksdk_armgcc_lib/bm/libksdk_platform.a(fsl_uart_edma_driver.o)
                0x0000a2a8                UART_DRV_EdmaGetTransmitStatus
 .text.DMAMUX_HAL_Init
                0x0000a300       0x22 C:/ProgramData/MATLAB/SupportPackages/R2023b/toolbox/target/supportpackages/freedomk64f/src/ksdk_armgcc_lib/bm/libksdk_platform.a(fsl_dmamux_hal.o)
                0x0000a300                DMAMUX_HAL_Init
 *fill*         0x0000a322        0x2 
 .text.FTM_HAL_SetChnEdgeLevel
                0x0000a324       0x40 C:/ProgramData/MATLAB/SupportPackages/R2023b/toolbox/target/supportpackages/freedomk64f/src/ksdk_armgcc_lib/bm/libksdk_platform.a(fsl_ftm_hal.o)
 .text.FTM_HAL_SetChnMSnBAMode.part.0
                0x0000a364       0x1c C:/ProgramData/MATLAB/SupportPackages/R2023b/toolbox/target/supportpackages/freedomk64f/src/ksdk_armgcc_lib/bm/libksdk_platform.a(fsl_ftm_hal.o)
 .text.FTM_HAL_SetDualChnCombineCmd
                0x0000a380       0x38 C:/ProgramData/MATLAB/SupportPackages/R2023b/toolbox/target/supportpackages/freedomk64f/src/ksdk_armgcc_lib/bm/libksdk_platform.a(fsl_ftm_hal.o)
 .text.FTM_HAL_Init
                0x0000a3b8       0x3c C:/ProgramData/MATLAB/SupportPackages/R2023b/toolbox/target/supportpackages/freedomk64f/src/ksdk_armgcc_lib/bm/libksdk_platform.a(fsl_ftm_hal.o)
                0x0000a3b8                FTM_HAL_Init
 .text.FTM_HAL_SetSyncMode
                0x0000a3f4       0x98 C:/ProgramData/MATLAB/SupportPackages/R2023b/toolbox/target/supportpackages/freedomk64f/src/ksdk_armgcc_lib/bm/libksdk_platform.a(fsl_ftm_hal.o)
                0x0000a3f4                FTM_HAL_SetSyncMode
 .text.FTM_HAL_Reset
                0x0000a48c       0x3e C:/ProgramData/MATLAB/SupportPackages/R2023b/toolbox/target/supportpackages/freedomk64f/src/ksdk_armgcc_lib/bm/libksdk_platform.a(fsl_ftm_hal.o)
                0x0000a48c                FTM_HAL_Reset
 .text.FTM_HAL_GetChnPairIndex
                0x0000a4ca       0x1e C:/ProgramData/MATLAB/SupportPackages/R2023b/toolbox/target/supportpackages/freedomk64f/src/ksdk_armgcc_lib/bm/libksdk_platform.a(fsl_ftm_hal.o)
                0x0000a4ca                FTM_HAL_GetChnPairIndex
 .text.FTM_HAL_EnablePwmMode
                0x0000a4e8       0xe4 C:/ProgramData/MATLAB/SupportPackages/R2023b/toolbox/target/supportpackages/freedomk64f/src/ksdk_armgcc_lib/bm/libksdk_platform.a(fsl_ftm_hal.o)
                0x0000a4e8                FTM_HAL_EnablePwmMode
 .text.GPIO_HAL_SetPinDir
                0x0000a5cc       0x34 C:/ProgramData/MATLAB/SupportPackages/R2023b/toolbox/target/supportpackages/freedomk64f/src/ksdk_armgcc_lib/bm/libksdk_platform.a(fsl_gpio_hal.o)
                0x0000a5cc                GPIO_HAL_SetPinDir
 .text.GPIO_HAL_WritePinOutput
                0x0000a600       0x30 C:/ProgramData/MATLAB/SupportPackages/R2023b/toolbox/target/supportpackages/freedomk64f/src/ksdk_armgcc_lib/bm/libksdk_platform.a(fsl_gpio_hal.o)
                0x0000a600                GPIO_HAL_WritePinOutput
 .text.UART_HAL_Init
                0x0000a630       0x2a C:/ProgramData/MATLAB/SupportPackages/R2023b/toolbox/target/supportpackages/freedomk64f/src/ksdk_armgcc_lib/bm/libksdk_platform.a(fsl_uart_hal.o)
                0x0000a630                UART_HAL_Init
 .text.UART_HAL_SetBaudRate
                0x0000a65a       0x42 C:/ProgramData/MATLAB/SupportPackages/R2023b/toolbox/target/supportpackages/freedomk64f/src/ksdk_armgcc_lib/bm/libksdk_platform.a(fsl_uart_hal.o)
                0x0000a65a                UART_HAL_SetBaudRate
 .text.UART_HAL_SetParityMode
                0x0000a69c       0x18 C:/ProgramData/MATLAB/SupportPackages/R2023b/toolbox/target/supportpackages/freedomk64f/src/ksdk_armgcc_lib/bm/libksdk_platform.a(fsl_uart_hal.o)
                0x0000a69c                UART_HAL_SetParityMode
 .text.UART_HAL_Putchar
                0x0000a6b4        0x6 C:/ProgramData/MATLAB/SupportPackages/R2023b/toolbox/target/supportpackages/freedomk64f/src/ksdk_armgcc_lib/bm/libksdk_platform.a(fsl_uart_hal.o)
                0x0000a6b4                UART_HAL_Putchar
 .text.UART_HAL_Getchar
                0x0000a6ba        0x8 C:/ProgramData/MATLAB/SupportPackages/R2023b/toolbox/target/supportpackages/freedomk64f/src/ksdk_armgcc_lib/bm/libksdk_platform.a(fsl_uart_hal.o)
                0x0000a6ba                UART_HAL_Getchar
 .text.UART_HAL_SetIntMode
                0x0000a6c2       0x66 C:/ProgramData/MATLAB/SupportPackages/R2023b/toolbox/target/supportpackages/freedomk64f/src/ksdk_armgcc_lib/bm/libksdk_platform.a(fsl_uart_hal.o)
                0x0000a6c2                UART_HAL_SetIntMode
 .text.UART_HAL_SetTxDmaCmd
                0x0000a728       0x28 C:/ProgramData/MATLAB/SupportPackages/R2023b/toolbox/target/supportpackages/freedomk64f/src/ksdk_armgcc_lib/bm/libksdk_platform.a(fsl_uart_hal.o)
                0x0000a728                UART_HAL_SetTxDmaCmd
 .text.UART_HAL_SetRxDmaCmd
                0x0000a750       0x1c C:/ProgramData/MATLAB/SupportPackages/R2023b/toolbox/target/supportpackages/freedomk64f/src/ksdk_armgcc_lib/bm/libksdk_platform.a(fsl_uart_hal.o)
                0x0000a750                UART_HAL_SetRxDmaCmd
 .text.UART_HAL_GetStatusFlag
                0x0000a76c       0x2a C:/ProgramData/MATLAB/SupportPackages/R2023b/toolbox/target/supportpackages/freedomk64f/src/ksdk_armgcc_lib/bm/libksdk_platform.a(fsl_uart_hal.o)
                0x0000a76c                UART_HAL_GetStatusFlag
 .text.UART_HAL_ClearStatusFlag
                0x0000a796       0x7c C:/ProgramData/MATLAB/SupportPackages/R2023b/toolbox/target/supportpackages/freedomk64f/src/ksdk_armgcc_lib/bm/libksdk_platform.a(fsl_uart_hal.o)
                0x0000a796                UART_HAL_ClearStatusFlag
 *fill*         0x0000a812        0x2 
 .text.sqrt     0x0000a814       0x68 c:/programdata/matlab/supportpackages/r2023b/3p.instrset/gnuarm-armcortex.instrset/win/bin/../lib/gcc/arm-none-eabi/11.3.1/thumb/v7e-m+fp/hard\libm.a(libm_a-w_sqrt.o)
                0x0000a814                sqrt
 .text.__ieee754_sqrt
                0x0000a87c      0x1e0 c:/programdata/matlab/supportpackages/r2023b/3p.instrset/gnuarm-armcortex.instrset/win/bin/../lib/gcc/arm-none-eabi/11.3.1/thumb/v7e-m+fp/hard\libm.a(libm_a-e_sqrt.o)
                0x0000a87c                __ieee754_sqrt
 *fill*         0x0000aa5c        0x4 
 .text.ceil     0x0000aa60      0x110 c:/programdata/matlab/supportpackages/r2023b/3p.instrset/gnuarm-armcortex.instrset/win/bin/../lib/gcc/arm-none-eabi/11.3.1/thumb/v7e-m+fp/hard\libm.a(libm_a-s_ceil.o)
                0x0000aa60                ceil
 .text.__udivmoddi4
                0x0000ab70      0x2c8 c:/programdata/matlab/supportpackages/r2023b/3p.instrset/gnuarm-armcortex.instrset/win/bin/../lib/gcc/arm-none-eabi/11.3.1/thumb/v7e-m+fp/hard\libgcc.a(_udivmoddi4.o)
                0x0000ab70                __udivmoddi4
 .text.selfrel_offset31
                0x0000ae38       0x14 c:/programdata/matlab/supportpackages/r2023b/3p.instrset/gnuarm-armcortex.instrset/win/bin/../lib/gcc/arm-none-eabi/11.3.1/thumb/v7e-m+fp/hard\libgcc.a(unwind-arm.o)
 .text.search_EIT_table
                0x0000ae4c       0x5c c:/programdata/matlab/supportpackages/r2023b/3p.instrset/gnuarm-armcortex.instrset/win/bin/../lib/gcc/arm-none-eabi/11.3.1/thumb/v7e-m+fp/hard\libgcc.a(unwind-arm.o)
 .text.__gnu_unwind_get_pr_addr
                0x0000aea8       0x28 c:/programdata/matlab/supportpackages/r2023b/3p.instrset/gnuarm-armcortex.instrset/win/bin/../lib/gcc/arm-none-eabi/11.3.1/thumb/v7e-m+fp/hard\libgcc.a(unwind-arm.o)
 .text.get_eit_entry
                0x0000aed0       0x98 c:/programdata/matlab/supportpackages/r2023b/3p.instrset/gnuarm-armcortex.instrset/win/bin/../lib/gcc/arm-none-eabi/11.3.1/thumb/v7e-m+fp/hard\libgcc.a(unwind-arm.o)
 .text.restore_non_core_regs
                0x0000af68       0x58 c:/programdata/matlab/supportpackages/r2023b/3p.instrset/gnuarm-armcortex.instrset/win/bin/../lib/gcc/arm-none-eabi/11.3.1/thumb/v7e-m+fp/hard\libgcc.a(unwind-arm.o)
 .text._Unwind_decode_typeinfo_ptr.constprop.0
                0x0000afc0        0xc c:/programdata/matlab/supportpackages/r2023b/3p.instrset/gnuarm-armcortex.instrset/win/bin/../lib/gcc/arm-none-eabi/11.3.1/thumb/v7e-m+fp/hard\libgcc.a(unwind-arm.o)
 .text._Unwind_DebugHook
                0x0000afcc        0x4 c:/programdata/matlab/supportpackages/r2023b/3p.instrset/gnuarm-armcortex.instrset/win/bin/../lib/gcc/arm-none-eabi/11.3.1/thumb/v7e-m+fp/hard\libgcc.a(unwind-arm.o)
 .text.unwind_phase2
                0x0000afd0       0x3c c:/programdata/matlab/supportpackages/r2023b/3p.instrset/gnuarm-armcortex.instrset/win/bin/../lib/gcc/arm-none-eabi/11.3.1/thumb/v7e-m+fp/hard\libgcc.a(unwind-arm.o)
 .text.unwind_phase2_forced
                0x0000b00c       0xcc c:/programdata/matlab/supportpackages/r2023b/3p.instrset/gnuarm-armcortex.instrset/win/bin/../lib/gcc/arm-none-eabi/11.3.1/thumb/v7e-m+fp/hard\libgcc.a(unwind-arm.o)
 .text.__gnu_Unwind_RaiseException
                0x0000b0d8       0x68 c:/programdata/matlab/supportpackages/r2023b/3p.instrset/gnuarm-armcortex.instrset/win/bin/../lib/gcc/arm-none-eabi/11.3.1/thumb/v7e-m+fp/hard\libgcc.a(unwind-arm.o)
                0x0000b0d8                __gnu_Unwind_RaiseException
 .text.__gnu_Unwind_ForcedUnwind
                0x0000b140       0x10 c:/programdata/matlab/supportpackages/r2023b/3p.instrset/gnuarm-armcortex.instrset/win/bin/../lib/gcc/arm-none-eabi/11.3.1/thumb/v7e-m+fp/hard\libgcc.a(unwind-arm.o)
                0x0000b140                __gnu_Unwind_ForcedUnwind
 .text.__gnu_Unwind_Resume
                0x0000b150       0x44 c:/programdata/matlab/supportpackages/r2023b/3p.instrset/gnuarm-armcortex.instrset/win/bin/../lib/gcc/arm-none-eabi/11.3.1/thumb/v7e-m+fp/hard\libgcc.a(unwind-arm.o)
                0x0000b150                __gnu_Unwind_Resume
 .text.__gnu_Unwind_Resume_or_Rethrow
                0x0000b194       0x14 c:/programdata/matlab/supportpackages/r2023b/3p.instrset/gnuarm-armcortex.instrset/win/bin/../lib/gcc/arm-none-eabi/11.3.1/thumb/v7e-m+fp/hard\libgcc.a(unwind-arm.o)
                0x0000b194                __gnu_Unwind_Resume_or_Rethrow
 .text._Unwind_VRS_Get
                0x0000b1a8       0x30 c:/programdata/matlab/supportpackages/r2023b/3p.instrset/gnuarm-armcortex.instrset/win/bin/../lib/gcc/arm-none-eabi/11.3.1/thumb/v7e-m+fp/hard\libgcc.a(unwind-arm.o)
                0x0000b1a8                _Unwind_VRS_Get
 .text._Unwind_GetGR
                0x0000b1d8       0x1c c:/programdata/matlab/supportpackages/r2023b/3p.instrset/gnuarm-armcortex.instrset/win/bin/../lib/gcc/arm-none-eabi/11.3.1/thumb/v7e-m+fp/hard\libgcc.a(unwind-arm.o)
 .text._Unwind_VRS_Set
                0x0000b1f4       0x30 c:/programdata/matlab/supportpackages/r2023b/3p.instrset/gnuarm-armcortex.instrset/win/bin/../lib/gcc/arm-none-eabi/11.3.1/thumb/v7e-m+fp/hard\libgcc.a(unwind-arm.o)
                0x0000b1f4                _Unwind_VRS_Set
 .text._Unwind_SetGR
                0x0000b224       0x18 c:/programdata/matlab/supportpackages/r2023b/3p.instrset/gnuarm-armcortex.instrset/win/bin/../lib/gcc/arm-none-eabi/11.3.1/thumb/v7e-m+fp/hard\libgcc.a(unwind-arm.o)
 .text.__gnu_Unwind_Backtrace
                0x0000b23c       0x84 c:/programdata/matlab/supportpackages/r2023b/3p.instrset/gnuarm-armcortex.instrset/win/bin/../lib/gcc/arm-none-eabi/11.3.1/thumb/v7e-m+fp/hard\libgcc.a(unwind-arm.o)
                0x0000b23c                __gnu_Unwind_Backtrace
 .text.__gnu_unwind_pr_common
                0x0000b2c0      0x2a8 c:/programdata/matlab/supportpackages/r2023b/3p.instrset/gnuarm-armcortex.instrset/win/bin/../lib/gcc/arm-none-eabi/11.3.1/thumb/v7e-m+fp/hard\libgcc.a(unwind-arm.o)
 .text.__aeabi_unwind_cpp_pr0
                0x0000b568        0x8 c:/programdata/matlab/supportpackages/r2023b/3p.instrset/gnuarm-armcortex.instrset/win/bin/../lib/gcc/arm-none-eabi/11.3.1/thumb/v7e-m+fp/hard\libgcc.a(unwind-arm.o)
                0x0000b568                __aeabi_unwind_cpp_pr0
 .text.__aeabi_unwind_cpp_pr1
                0x0000b570        0x8 c:/programdata/matlab/supportpackages/r2023b/3p.instrset/gnuarm-armcortex.instrset/win/bin/../lib/gcc/arm-none-eabi/11.3.1/thumb/v7e-m+fp/hard\libgcc.a(unwind-arm.o)
                0x0000b570                __aeabi_unwind_cpp_pr1
 .text.__aeabi_unwind_cpp_pr2
                0x0000b578        0x8 c:/programdata/matlab/supportpackages/r2023b/3p.instrset/gnuarm-armcortex.instrset/win/bin/../lib/gcc/arm-none-eabi/11.3.1/thumb/v7e-m+fp/hard\libgcc.a(unwind-arm.o)
                0x0000b578                __aeabi_unwind_cpp_pr2
 .text._Unwind_VRS_Pop
                0x0000b580      0x2b0 c:/programdata/matlab/supportpackages/r2023b/3p.instrset/gnuarm-armcortex.instrset/win/bin/../lib/gcc/arm-none-eabi/11.3.1/thumb/v7e-m+fp/hard\libgcc.a(unwind-arm.o)
                0x0000b580                _Unwind_VRS_Pop
 .text.next_unwind_byte
                0x0000b830       0x38 c:/programdata/matlab/supportpackages/r2023b/3p.instrset/gnuarm-armcortex.instrset/win/bin/../lib/gcc/arm-none-eabi/11.3.1/thumb/v7e-m+fp/hard\libgcc.a(pr-support.o)
 .text.__gnu_unwind_execute
                0x0000b868      0x28c c:/programdata/matlab/supportpackages/r2023b/3p.instrset/gnuarm-armcortex.instrset/win/bin/../lib/gcc/arm-none-eabi/11.3.1/thumb/v7e-m+fp/hard\libgcc.a(pr-support.o)
                0x0000b868                __gnu_unwind_execute
 .text.abort    0x0000baf4       0x10 c:/programdata/matlab/supportpackages/r2023b/3p.instrset/gnuarm-armcortex.instrset/win/bin/../lib/gcc/arm-none-eabi/11.3.1/thumb/v7e-m+fp/hard\libg.a(libc_a-abort.o)
                0x0000baf4                abort
 .text.__assert_func
                0x0000bb04       0x40 c:/programdata/matlab/supportpackages/r2023b/3p.instrset/gnuarm-armcortex.instrset/win/bin/../lib/gcc/arm-none-eabi/11.3.1/thumb/v7e-m+fp/hard\libg.a(libc_a-assert.o)
                0x0000bb04                __assert_func
 .text.atexit   0x0000bb44        0xc c:/programdata/matlab/supportpackages/r2023b/3p.instrset/gnuarm-armcortex.instrset/win/bin/../lib/gcc/arm-none-eabi/11.3.1/thumb/v7e-m+fp/hard\libg.a(libc_a-atexit.o)
                0x0000bb44                atexit
 .text.exit     0x0000bb50       0x1c c:/programdata/matlab/supportpackages/r2023b/3p.instrset/gnuarm-armcortex.instrset/win/bin/../lib/gcc/arm-none-eabi/11.3.1/thumb/v7e-m+fp/hard\libg.a(libc_a-exit.o)
                0x0000bb50                exit
 .text._malloc_r
                0x0000bb6c      0x560 c:/programdata/matlab/supportpackages/r2023b/3p.instrset/gnuarm-armcortex.instrset/win/bin/../lib/gcc/arm-none-eabi/11.3.1/thumb/v7e-m+fp/hard\libg.a(libc_a-mallocr.o)
                0x0000bb6c                _malloc_r
 .text.__malloc_lock
                0x0000c0cc        0xc c:/programdata/matlab/supportpackages/r2023b/3p.instrset/gnuarm-armcortex.instrset/win/bin/../lib/gcc/arm-none-eabi/11.3.1/thumb/v7e-m+fp/hard\libg.a(libc_a-mlock.o)
                0x0000c0cc                __malloc_lock
 .text.__malloc_unlock
                0x0000c0d8        0xc c:/programdata/matlab/supportpackages/r2023b/3p.instrset/gnuarm-armcortex.instrset/win/bin/../lib/gcc/arm-none-eabi/11.3.1/thumb/v7e-m+fp/hard\libg.a(libc_a-mlock.o)
                0x0000c0d8                __malloc_unlock
 .text.fiprintf
                0x0000c0e4       0x28 c:/programdata/matlab/supportpackages/r2023b/3p.instrset/gnuarm-armcortex.instrset/win/bin/../lib/gcc/arm-none-eabi/11.3.1/thumb/v7e-m+fp/hard\libg.a(libc_a-fiprintf.o)
                0x0000c0e4                fiprintf
 .text.__sprint_r.part.0
                0x0000c10c       0x78 c:/programdata/matlab/supportpackages/r2023b/3p.instrset/gnuarm-armcortex.instrset/win/bin/../lib/gcc/arm-none-eabi/11.3.1/thumb/v7e-m+fp/hard\libg.a(libc_a-vfiprintf.o)
 .text._vfiprintf_r
                0x0000c184      0xf8c c:/programdata/matlab/supportpackages/r2023b/3p.instrset/gnuarm-armcortex.instrset/win/bin/../lib/gcc/arm-none-eabi/11.3.1/thumb/v7e-m+fp/hard\libg.a(libc_a-vfiprintf.o)
                0x0000c184                _vfiprintf_r
 .text.__sbprintf