Archive member included to satisfy reference by file (symbol)

C:/ProgramData/MATLAB/SupportPackages/R2023b/3P.instrset/cmsis.instrset/CMSIS/RTOS/RTX/LIB/GCC/libRTX_CM4.a(rt_cmsis.o)
                              RTX_Conf_CM.o (osKernelInitialize)
C:/ProgramData/MATLAB/SupportPackages/R2023b/3P.instrset/cmsis.instrset/CMSIS/RTOS/RTX/LIB/GCC/libRTX_CM4.a(hal_cm.o)
                              C:/ProgramData/MATLAB/SupportPackages/R2023b/3P.instrset/cmsis.instrset/CMSIS/RTOS/RTX/LIB/GCC/libRTX_CM4.a(rt_cmsis.o) (rt_ret_val)
C:/ProgramData/MATLAB/SupportPackages/R2023b/3P.instrset/cmsis.instrset/CMSIS/RTOS/RTX/LIB/GCC/libRTX_CM4.a(rt_memory.o)
                              C:/ProgramData/MATLAB/SupportPackages/R2023b/3P.instrset/cmsis.instrset/CMSIS/RTOS/RTX/LIB/GCC/libRTX_CM4.a(rt_cmsis.o) (rt_init_mem)
C:/ProgramData/MATLAB/SupportPackages/R2023b/3P.instrset/cmsis.instrset/CMSIS/RTOS/RTX/LIB/GCC/libRTX_CM4.a(rt_membox.o)
                              C:/ProgramData/MATLAB/SupportPackages/R2023b/3P.instrset/cmsis.instrset/CMSIS/RTOS/RTX/LIB/GCC/libRTX_CM4.a(rt_cmsis.o) (_init_box)
C:/ProgramData/MATLAB/SupportPackages/R2023b/3P.instrset/cmsis.instrset/CMSIS/RTOS/RTX/LIB/GCC/libRTX_CM4.a(rt_mutex.o)
                              C:/ProgramData/MATLAB/SupportPackages/R2023b/3P.instrset/cmsis.instrset/CMSIS/RTOS/RTX/LIB/GCC/libRTX_CM4.a(rt_cmsis.o) (rt_mut_init)
C:/ProgramData/MATLAB/SupportPackages/R2023b/3P.instrset/cmsis.instrset/CMSIS/RTOS/RTX/LIB/GCC/libRTX_CM4.a(rt_time.o)
                              C:/ProgramData/MATLAB/SupportPackages/R2023b/3P.instrset/cmsis.instrset/CMSIS/RTOS/RTX/LIB/GCC/libRTX_CM4.a(rt_cmsis.o) (os_time)
C:/ProgramData/MATLAB/SupportPackages/R2023b/3P.instrset/cmsis.instrset/CMSIS/RTOS/RTX/LIB/GCC/libRTX_CM4.a(rt_semaphore.o)
                              C:/ProgramData/MATLAB/SupportPackages/R2023b/3P.instrset/cmsis.instrset/CMSIS/RTOS/RTX/LIB/GCC/libRTX_CM4.a(rt_cmsis.o) (rt_sem_init)
C:/ProgramData/MATLAB/SupportPackages/R2023b/3P.instrset/cmsis.instrset/CMSIS/RTOS/RTX/LIB/GCC/libRTX_CM4.a(rt_mailbox.o)
                              C:/ProgramData/MATLAB/SupportPackages/R2023b/3P.instrset/cmsis.instrset/CMSIS/RTOS/RTX/LIB/GCC/libRTX_CM4.a(rt_cmsis.o) (rt_mbx_init)
C:/ProgramData/MATLAB/SupportPackages/R2023b/3P.instrset/cmsis.instrset/CMSIS/RTOS/RTX/LIB/GCC/libRTX_CM4.a(rt_list.o)
                              C:/ProgramData/MATLAB/SupportPackages/R2023b/3P.instrset/cmsis.instrset/CMSIS/RTOS/RTX/LIB/GCC/libRTX_CM4.a(rt_cmsis.o) (rt_put_prio)
C:/ProgramData/MATLAB/SupportPackages/R2023b/3P.instrset/cmsis.instrset/CMSIS/RTOS/RTX/LIB/GCC/libRTX_CM4.a(rt_event.o)
                              C:/ProgramData/MATLAB/SupportPackages/R2023b/3P.instrset/cmsis.instrset/CMSIS/RTOS/RTX/LIB/GCC/libRTX_CM4.a(rt_cmsis.o) (rt_evt_wait)
C:/ProgramData/MATLAB/SupportPackages/R2023b/3P.instrset/cmsis.instrset/CMSIS/RTOS/RTX/LIB/GCC/libRTX_CM4.a(rt_system.o)
                              C:/ProgramData/MATLAB/SupportPackages/R2023b/3P.instrset/cmsis.instrset/CMSIS/RTOS/RTX/LIB/GCC/libRTX_CM4.a(rt_cmsis.o) (rt_suspend)
C:/ProgramData/MATLAB/SupportPackages/R2023b/3P.instrset/cmsis.instrset/CMSIS/RTOS/RTX/LIB/GCC/libRTX_CM4.a(rt_task.o)
                              C:/ProgramData/MATLAB/SupportPackages/R2023b/3P.instrset/cmsis.instrset/CMSIS/RTOS/RTX/LIB/GCC/libRTX_CM4.a(rt_system.o) (rt_switch_req)
C:/ProgramData/MATLAB/SupportPackages/R2023b/3P.instrset/cmsis.instrset/CMSIS/RTOS/RTX/LIB/GCC/libRTX_CM4.a(hal_cm4.o)
                              C:/ProgramData/MATLAB/SupportPackages/R2023b/3P.instrset/cmsis.instrset/CMSIS/RTOS/RTX/LIB/GCC/libRTX_CM4.a(rt_task.o) (rt_get_PSP)
C:/ProgramData/MATLAB/SupportPackages/R2023b/3P.instrset/cmsis.instrset/CMSIS/RTOS/RTX/LIB/GCC/libRTX_CM4.a(svc_table.o)
                              C:/ProgramData/MATLAB/SupportPackages/R2023b/3P.instrset/cmsis.instrset/CMSIS/RTOS/RTX/LIB/GCC/libRTX_CM4.a(hal_cm4.o) (SVC_Table)
C:/ProgramData/MATLAB/SupportPackages/R2023b/3P.instrset/cmsis.instrset/CMSIS/RTOS/RTX/LIB/GCC/libRTX_CM4.a(rt_robin.o)
                              C:/ProgramData/MATLAB/SupportPackages/R2023b/3P.instrset/cmsis.instrset/CMSIS/RTOS/RTX/LIB/GCC/libRTX_CM4.a(rt_system.o) (os_robin)
C:/ProgramData/MATLAB/SupportPackages/R2023b/toolbox/target/supportpackages/freedomk64f/src/ksdk_armgcc_lib/bm/libksdk_platform.a(fsl_os_abstraction_bm.o)
                              MW_SCI.o (OSA_SemaPost)
C:/ProgramData/MATLAB/SupportPackages/R2023b/toolbox/target/supportpackages/freedomk64f/src/ksdk_armgcc_lib/bm/libksdk_platform.a(fsl_clock_manager.o)
                              board.o (CLOCK_SYS_OscInit)
C:/ProgramData/MATLAB/SupportPackages/R2023b/toolbox/target/supportpackages/freedomk64f/src/ksdk_armgcc_lib/bm/libksdk_platform.a(fsl_clock_manager_common.o)
                              C:/ProgramData/MATLAB/SupportPackages/R2023b/toolbox/target/supportpackages/freedomk64f/src/ksdk_armgcc_lib/bm/libksdk_platform.a(fsl_clock_manager.o) (g_oscBase)
[...]
Memory Configuration

Name             Origin             Length             Attributes
m_interrupts     0x00000000         0x00000400         xr
m_flash_config   0x00000400         0x00000010         xr
m_text           0x00000410         0x000ffbf0         xr
m_data_2         0x1fff0000         0x00010000         rw
m_data           0x20000000         0x00030000         rw
*default*        0x00000000         0xffffffff

Linker script and memory map

LOAD c:/programdata/matlab/supportpackages/r2023b/3p.instrset/gnuarm-armcortex.instrset/win/bin/../lib/gcc/arm-none-eabi/11.3.1/thumb/v7e-m+fp/hard/crti.o
LOAD c:/programdata/matlab/supportpackages/r2023b/3p.instrset/gnuarm-armcortex.instrset/win/bin/../lib/gcc/arm-none-eabi/11.3.1/thumb/v7e-m+fp/hard/crtbegin.o
LOAD c:/programdata/matlab/supportpackages/r2023b/3p.instrset/gnuarm-armcortex.instrset/win/bin/../lib/gcc/arm-none-eabi/11.3.1/thumb/v7e-m+fp/hard/crt0.o
LOAD MW_digitalIO.o
LOAD mw_sdk_interface.o
LOAD MW_PWM.o
LOAD MW_AnalogInput.o
LOAD MW_SCI.o
LOAD i2c_api.o
LOAD MW_I2C.o
LOAD ert_main.o
LOAD SerialMaster.o
LOAD SerialMaster_data.o
LOAD send_DCM.o
LOAD startup.o
LOAD system_MK64F12.o
LOAD startup_MK64F12.o
LOAD board.o
LOAD hardware_init.o
LOAD pin_mux.o
LOAD fsl_misc_utilities.o
LOAD fsl_edma_irq.o
LOAD fsl_uart_irq.o
LOAD irq_stub.o
LOAD sbrk.o
LOAD cmsis_rtos_init.o
LOAD RTX_Conf_CM.o
LOAD mw_thread.o
LOAD mw_semaphore.o
LOAD mw_timer.o
LOAD mw_signal.o
LOAD C:/ProgramData/MATLAB/SupportPackages/R2023b/3P.instrset/cmsis_dsp.instrset/Lib/GCC/arm_cortexm4ldfsp_math/libCMSISDSP.a
LOAD C:/ProgramData/MATLAB/SupportPackages/R2023b/3P.instrset/cmsis.instrset/CMSIS/RTOS/RTX/LIB/GCC/libRTX_CM4.a
LOAD C:/ProgramData/MATLAB/SupportPackages/R2023b/toolbox/target/supportpackages/freedomk64f/src/ksdk_armgcc_lib/bm/libksdk_platform.a
LOAD c:/programdata/matlab/supportpackages/r2023b/3p.instrset/gnuarm-armcortex.instrset/win/bin/../lib/gcc/arm-none-eabi/11.3.1/thumb/v7e-m+fp/hard\libstdc++.a
LOAD c:/programdata/matlab/supportpackages/r2023b/3p.instrset/gnuarm-armcortex.instrset/win/bin/../lib/gcc/arm-none-eabi/11.3.1/thumb/v7e-m+fp/hard\libm.a
START GROUP
LOAD c:/programdata/matlab/supportpackages/r2023b/3p.instrset/gnuarm-armcortex.instrset/win/bin/../lib/gcc/arm-none-eabi/11.3.1/thumb/v7e-m+fp/hard\libgcc.a
LOAD c:/programdata/matlab/supportpackages/r2023b/3p.instrset/gnuarm-armcortex.instrset/win/bin/../lib/gcc/arm-none-eabi/11.3.1/thumb/v7e-m+fp/hard\libg.a
LOAD c:/programdata/matlab/supportpackages/r2023b/3p.instrset/gnuarm-armcortex.instrset/win/bin/../lib/gcc/arm-none-eabi/11.3.1/thumb/v7e-m+fp/hard\libc.a
END GROUP
START GROUP
LOAD c:/programdata/matlab/supportpackages/r2023b/3p.instrset/gnuarm-armcortex.instrset/win/bin/../lib/gcc/arm-none-eabi/11.3.1/thumb/v7e-m+fp/hard\libgcc.a
LOAD c:/programdata/matlab/supportpackages/r2023b/3p.instrset/gnuarm-armcortex.instrset/win/bin/../lib/gcc/arm-none-eabi/11.3.1/thumb/v7e-m+fp/hard\libc.a
LOAD c:/programdata/matlab/supportpackages/r2023b/3p.instrset/gnuarm-armcortex.instrset/win/bin/../lib/gcc/arm-none-eabi/11.3.1/thumb/v7e-m+fp/hard\libnosys.a
END GROUP
LOAD c:/programdata/matlab/supportpackages/r2023b/3p.instrset/gnuarm-armcortex.instrset/win/bin/../lib/gcc/arm-none-eabi/11.3.1/thumb/v7e-m+fp/hard/crtend.o
LOAD c:/programdata/matlab/supportpackages/r2023b/3p.instrset/gnuarm-armcortex.instrset/win/bin/../lib/gcc/arm-none-eabi/11.3.1/thumb/v7e-m+fp/hard/crtn.o
                0x00000400                HEAP_SIZE = DEFINED (__heap_size__)?__heap_size__:0x400
                0x00000400                STACK_SIZE = DEFINED (__stack_size__)?__stack_size__:0x400
                0x00000000                M_VECTOR_RAM_SIZE = DEFINED (__ram_vector_table__)?0x400:0x0

.interrupts     0x00000000      0x400
                0x00000000                __VECTOR_TABLE = .
                0x00000000                . = ALIGN (0x4)
 *(.isr_vector)
 .isr_vector    0x00000000      0x400 startup_MK64F12.o
                0x00000000                __isr_vector
                0x00000400                . = ALIGN (0x4)

.flash_config   0x00000400       0x10
                0x00000400                . = ALIGN (0x4)
 *(.FlashConfig)
 .FlashConfig   0x00000400       0x10 startup_MK64F12.o
                0x00000410                . = ALIGN (0x4)

.text           0x00000440    0x101fc
                0x00000440                . = ALIGN (0x4)
 *(.text)
 .text          0x00000440       0x7c c:/programdata/matlab/supportpackages/r2023b/3p.instrset/gnuarm-armcortex.instrset/win/bin/../lib/gcc/arm-none-eabi/11.3.1/thumb/v7e-m+fp/hard/crt0.o
                0x00000440                _stack_init
                0x00000448                _start
                0x00000448                _mainCRTStartup
 .text          0x000004bc       0x14 startup_MK64F12.o
                0x000004bc                Reset_Handler
                0x000004cc                ENET_Receive_IRQHandler
                0x000004cc                ENET_1588_Timer_IRQHandler
                0x000004cc                DefaultISR
                0x000004cc                PIT2_IRQHandler
                0x000004cc                PIT0_IRQHandler
                0x000004cc                ENET_Error_IRQHandler
                0x000004cc                PIT3_IRQHandler
                0x000004cc                SDHC_IRQHandler
                0x000004cc                ENET_Transmit_IRQHandler
                0x000004cc                PIT1_IRQHandler
 .text          0x000004d0      0x198 C:/ProgramData/MATLAB/SupportPackages/R2023b/3P.instrset/cmsis.instrset/CMSIS/RTOS/RTX/LIB/GCC/libRTX_CM4.a(hal_cm4.o)
                0x000004d0                rt_set_PSP
                0x000004d6                rt_get_PSP
                0x000004dc                os_set_env
                0x000004f4                _alloc_box
                0x00000510                _free_box
                0x0000052c                SVC_Handler
                0x000005d2                PendSV_Handler
                0x000005d8                Sys_Switch
                0x00000632                SysTick_Handler
                0x0000063c                OS_Tick_Handler
 .text          0x00000668      0x378 c:/programdata/matlab/supportpackages/r2023b/3p.instrset/gnuarm-armcortex.instrset/win/bin/../lib/gcc/arm-none-eabi/11.3.1/thumb/v7e-m+fp/hard\libgcc.a(_arm_addsubdf3.o)
                0x00000668                __aeabi_drsub
                0x00000670                __aeabi_dsub
                0x00000670                __subdf3
                0x00000674                __aeabi_dadd
                0x00000674                __adddf3
                0x000008ec                __floatunsidf
                0x000008ec                __aeabi_ui2d
                0x0000090c                __floatsidf
                0x0000090c                __aeabi_i2d
                0x00000930                __aeabi_f2d
                0x00000930                __extendsfdf2
                0x00000974                __floatundidf
                0x00000974                __aeabi_ul2d
                0x00000984                __floatdidf
                0x00000984                __aeabi_l2d
 .text          0x000009e0      0x424 c:/programdata/matlab/supportpackages/r2023b/3p.instrset/gnuarm-armcortex.instrset/win/bin/../lib/gcc/arm-none-eabi/11.3.1/thumb/v7e-m+fp/hard\libgcc.a(_arm_muldivdf3.o)
                0x000009e0                __aeabi_dmul
                0x000009e0                __muldf3
                0x00000c34                __divdf3
                0x00000c34                __aeabi_ddiv
 .text          0x00000e04      0x110 c:/programdata/matlab/supportpackages/r2023b/3p.instrset/gnuarm-armcortex.instrset/win/bin/../lib/gcc/arm-none-eabi/11.3.1/thumb/v7e-m+fp/hard\libgcc.a(_arm_cmpdf2.o)
                0x00000e04                __gtdf2
                0x00000e04                __gedf2
                0x00000e0c                __ltdf2
                0x00000e0c                __ledf2
                0x00000e14                __nedf2
                0x00000e14                __eqdf2
                0x00000e14                __cmpdf2
                0x00000e90                __aeabi_cdrcmple
                0x00000ea0                __aeabi_cdcmpeq
                0x00000ea0                __aeabi_cdcmple
                0x00000eb0                __aeabi_dcmpeq
                0x00000ec4                __aeabi_dcmplt
                0x00000ed8                __aeabi_dcmple
                0x00000eec                __aeabi_dcmpge
                0x00000f00                __aeabi_dcmpgt
 .text          0x00000f14       0x2c c:/programdata/matlab/supportpackages/r2023b/3p.instrset/gnuarm-armcortex.instrset/win/bin/../lib/gcc/arm-none-eabi/11.3.1/thumb/v7e-m+fp/hard\libgcc.a(_arm_unorddf2.o)
                0x00000f14                __unorddf2
                0x00000f14                __aeabi_dcmpun
 .text          0x00000f40       0x50 c:/programdata/matlab/supportpackages/r2023b/3p.instrset/gnuarm-armcortex.instrset/win/bin/../lib/gcc/arm-none-eabi/11.3.1/thumb/v7e-m+fp/hard\libgcc.a(_arm_fixdfsi.o)
                0x00000f40                __aeabi_d2iz
                0x00000f40                __fixdfsi
 .text          0x00000f90       0x40 c:/programdata/matlab/supportpackages/r2023b/3p.instrset/gnuarm-armcortex.instrset/win/bin/../lib/gcc/arm-none-eabi/11.3.1/thumb/v7e-m+fp/hard\libgcc.a(_arm_fixunsdfsi.o)
                0x00000f90                __aeabi_d2uiz
                0x00000f90                __fixunsdfsi
 .text          0x00000fd0       0xa0 c:/programdata/matlab/supportpackages/r2023b/3p.instrset/gnuarm-armcortex.instrset/win/bin/../lib/gcc/arm-none-eabi/11.3.1/thumb/v7e-m+fp/hard\libgcc.a(_arm_truncdfsf2.o)
                0x00000fd0                __truncdfsf2
                0x00000fd0                __aeabi_d2f
 .text          0x00001070       0x30 c:/programdata/matlab/supportpackages/r2023b/3p.instrset/gnuarm-armcortex.instrset/win/bin/../lib/gcc/arm-none-eabi/11.3.1/thumb/v7e-m+fp/hard\libgcc.a(_aeabi_uldivmod.o)
                0x00001070                __aeabi_uldivmod
 .text          0x000010a0      0x1ac c:/programdata/matlab/supportpackages/r2023b/3p.instrset/gnuarm-armcortex.instrset/win/bin/../lib/gcc/arm-none-eabi/11.3.1/thumb/v7e-m+fp/hard\libgcc.a(libunwind.o)
                0x000010a0                __restore_core_regs
                0x000010a0                restore_core_regs
                0x000010b8                __gnu_Unwind_Restore_VFP
                0x000010c0                __gnu_Unwind_Save_VFP
                0x000010c8                __gnu_Unwind_Restore_VFP_D
                0x000010d0                __gnu_Unwind_Save_VFP_D
                0x000010d8                __gnu_Unwind_Restore_VFP_D_16_to_31
                0x000010e0                __gnu_Unwind_Save_VFP_D_16_to_31
                0x000010e8                __gnu_Unwind_Restore_WMMXD
                0x0000112c                __gnu_Unwind_Save_WMMXD
                0x00001170                __gnu_Unwind_Restore_WMMXC
                0x00001184                __gnu_Unwind_Save_WMMXC
                0x00001198                ___Unwind_RaiseException
                0x00001198                _Unwind_RaiseException
                0x000011bc                _Unwind_Resume
                0x000011bc                ___Unwind_Resume
                0x000011e0                _Unwind_Resume_or_Rethrow
                0x000011e0                ___Unwind_Resume_or_Rethrow
                0x00001204                _Unwind_ForcedUnwind
                0x00001204                ___Unwind_ForcedUnwind
                0x00001228                ___Unwind_Backtrace
                0x00001228                _Unwind_Backtrace
 .text          0x0000124c        0x4 c:/programdata/matlab/supportpackages/r2023b/3p.instrset/gnuarm-armcortex.instrset/win/bin/../lib/gcc/arm-none-eabi/11.3.1/thumb/v7e-m+fp/hard\libgcc.a(_dvmd_tls.o)
                0x0000124c                __aeabi_idiv0
                0x0000124c                __aeabi_ldiv0
 .text          0x00001250       0xa0 c:/programdata/matlab/supportpackages/r2023b/3p.instrset/gnuarm-armcortex.instrset/win/bin/../lib/gcc/arm-none-eabi/11.3.1/thumb/v7e-m+fp/hard\libg.a(libc_a-memchr.o)
                0x00001250                memchr
 .text          0x000012f0      0x134 c:/programdata/matlab/supportpackages/r2023b/3p.instrset/gnuarm-armcortex.instrset/win/bin/../lib/gcc/arm-none-eabi/11.3.1/thumb/v7e-m+fp/hard\libg.a(libc_a-memcpy.o)
                0x000012f0                memcpy
 *fill*         0x00001424       0x1c 
 .text          0x00001440       0xdc c:/programdata/matlab/supportpackages/r2023b/3p.instrset/gnuarm-armcortex.instrset/win/bin/../lib/gcc/arm-none-eabi/11.3.1/thumb/v7e-m+fp/hard\libg.a(libc_a-strlen.o)
                0x00001440                strlen
 *(.text*)
 .text.deregister_tm_clones
                0x0000151c       0x1c c:/programdata/matlab/supportpackages/r2023b/3p.instrset/gnuarm-armcortex.instrset/win/bin/../lib/gcc/arm-none-eabi/11.3.1/thumb/v7e-m+fp/hard/crtbegin.o
 .text.register_tm_clones
                0x00001538       0x24 c:/programdata/matlab/supportpackages/r2023b/3p.instrset/gnuarm-armcortex.instrset/win/bin/../lib/gcc/arm-none-eabi/11.3.1/thumb/v7e-m+fp/hard/crtbegin.o
 .text.__do_global_dtors_aux
                0x0000155c       0x28 c:/programdata/matlab/supportpackages/r2023b/3p.instrset/gnuarm-armcortex.instrset/win/bin/../lib/gcc/arm-none-eabi/11.3.1/thumb/v7e-m+fp/hard/crtbegin.o
 .text.frame_dummy
                0x00001584       0x24 c:/programdata/matlab/supportpackages/r2023b/3p.instrset/gnuarm-armcortex.instrset/win/bin/../lib/gcc/arm-none-eabi/11.3.1/thumb/v7e-m+fp/hard/crtbegin.o
 .text.MW_digitalIO_open
                0x000015a8       0xe0 MW_digitalIO.o
                0x000015a8                MW_digitalIO_open
 .text.MW_digitalIO_read
                0x00001688       0x70 MW_digitalIO.o
                0x00001688                MW_digitalIO_read
 .text.MW_digitalIO_write
                0x000016f8       0x7e MW_digitalIO.o
                0x000016f8                MW_digitalIO_write
 .text.MW_digitalIO_close
                0x00001776       0x3c MW_digitalIO.o
                0x00001776                MW_digitalIO_close
 *fill*         0x000017b2        0x2 
 .text.PORT_HAL_SetMuxMode
                0x000017b4       0x58 MW_PWM.o
 .text.FTM_HAL_SetClockSource
                0x0000180c       0x2e MW_PWM.o
 *fill*         0x0000183a        0x2 
 .text.MW_PWM_Open
                0x0000183c      0x164 MW_PWM.o
                0x0000183c                MW_PWM_Open
 .text.MW_PWM_Start
                0x000019a0       0x14 MW_PWM.o
                0x000019a0                MW_PWM_Start
 .text.MW_PWM_SetDutyCycle
                0x000019b4       0x7c MW_PWM.o
                0x000019b4                MW_PWM_SetDutyCycle
 .text.MW_PWM_Stop
                0x00001a30       0x2c MW_PWM.o
                0x00001a30                MW_PWM_Stop
 .text.MW_PWM_Close
                0x00001a5c       0x14 MW_PWM.o
                0x00001a5c                MW_PWM_Close
 .text.MW_AnalogInSingle_Open
                0x00001a70       0xa8 MW_AnalogInput.o
                0x00001a70                MW_AnalogInSingle_Open
 .text.MW_AnalogIn_SetTriggerSource
                0x00001b18       0x1a MW_AnalogInput.o
                0x00001b18                MW_AnalogIn_SetTriggerSource
 *fill*         0x00001b32        0x6 
 .text.MW_AnalogInSingle_ReadResult
                0x00001b38       0xb8 MW_AnalogInput.o
                0x00001b38                MW_AnalogInSingle_ReadResult
 .text.MW_AnalogIn_Start
                0x00001bf0       0x14 MW_AnalogInput.o
                0x00001bf0                MW_AnalogIn_Start
 .text.MW_AnalogIn_Stop
                0x00001c04       0x14 MW_AnalogInput.o
                0x00001c04                MW_AnalogIn_Stop
 .text.MW_AnalogIn_Close
                0x00001c18       0x14 MW_AnalogInput.o
                0x00001c18                MW_AnalogIn_Close
 .text.EDMA_HAL_HTCDSetDestAddr
                0x00001c2c       0x48 MW_SCI.o
 .text.EDMA_HAL_HTCDSetIntCmd
                0x00001c74       0x58 MW_SCI.o
 .text.MW_SCI_Open
                0x00001ccc      0x5c0 MW_SCI.o
                0x00001ccc                MW_SCI_Open
 .text.MW_SCI_SetBaudrate
                0x0000228c       0x18 MW_SCI.o
                0x0000228c                MW_SCI_SetBaudrate
 .text.MW_SCI_SetFrameFormat
                0x000022a4       0x28 MW_SCI.o
                0x000022a4                MW_SCI_SetFrameFormat
 .text.MW_SCI_Receive
                0x000022cc       0xa4 MW_SCI.o
                0x000022cc                MW_SCI_Receive
 .text.MW_SCI_Transmit
                0x00002370       0x80 MW_SCI.o
                0x00002370                MW_SCI_Transmit
 .text.MW_SCI_Close
                0x000023f0       0x14 MW_SCI.o
                0x000023f0                MW_SCI_Close
 .text.MW_UART_DRV_EdmaStartReceiveData
                0x00002404       0xac MW_SCI.o
 .text.MW_UART_DRV_EdmaRxCallback
                0x000024b0       0x1c MW_SCI.o
 .text.MW_UART_DRV_EdmaCompleteReceiveData
                0x000024cc      0x120 MW_SCI.o
 .text.CLOCK_SYS_GetI2cFreq
                0x000025ec       0x16 i2c_api.o
 .text.I2C_HAL_Enable
                0x00002602       0x28 i2c_api.o
 .text.I2C_HAL_SendAck
                0x0000262a       0x28 i2c_api.o
 .text.I2C_HAL_SendNak
                0x00002652       0x28 i2c_api.o
 .text.I2C_HAL_SetDirMode
                0x0000267a       0x2e i2c_api.o
 .text.I2C_HAL_ReadByte
                0x000026a8       0x1a i2c_api.o
 .text.I2C_HAL_WriteByte
                0x000026c2       0x1e i2c_api.o
 .text.I2C_HAL_GetStatusFlag
                0x000026e0       0x34 i2c_api.o
 .text.I2C_HAL_IsMaster
                0x00002714       0x32 i2c_api.o
 .text.I2C_HAL_SetIntCmd
                0x00002746       0x2c i2c_api.o
 .text.I2C_HAL_ClearInt
                0x00002772       0x1a i2c_api.o
 .text.PORT_HAL_SetOpenDrainCmd
                0x0000278c       0x50 i2c_api.o
 .text.PORT_HAL_SetMuxMode
                0x000027dc       0x58 i2c_api.o
 .text.i2c_init
                0x00002834       0x54 i2c_api.o
                0x00002834                i2c_init
 .text.i2c_start
                0x00002888       0x28 i2c_api.o
                0x00002888                i2c_start
 .text.i2c_stop
                0x000028b0       0x50 i2c_api.o
                0x000028b0                i2c_stop
 .text.timeout_status_poll
                0x00002900       0x58 i2c_api.o
 .text.i2c_wait_end_tx_transfer
                0x00002958       0x54 i2c_api.o
 .text.i2c_wait_end_rx_transfer
                0x000029ac       0x3c i2c_api.o
 .text.i2c_do_write
                0x000029e8       0x38 i2c_api.o
 .text.i2c_do_read
                0x00002a20       0x50 i2c_api.o
 .text.i2c_frequency
                0x00002a70       0x50 i2c_api.o
                0x00002a70                i2c_frequency
 .text.i2c_read
                0x00002ac0       0xe0 i2c_api.o
                0x00002ac0                i2c_read
 .text.i2c_write
                0x00002ba0       0x90 i2c_api.o
                0x00002ba0                i2c_write
 .text.configure_i2c_pins
                0x00002c30       0x7c i2c_api.o
                0x00002c30                configure_i2c_pins
 .text.MW_I2C_Open
                0x00002cac       0x48 MW_I2C.o
                0x00002cac                MW_I2C_Open
 .text.MW_I2C_SetBusSpeed
                0x00002cf4       0x2e MW_I2C.o
                0x00002cf4                MW_I2C_SetBusSpeed
 .text.MW_I2C_MasterRead
                0x00002d22       0x68 MW_I2C.o
                0x00002d22                MW_I2C_MasterRead
 .text.MW_I2C_MasterWrite
                0x00002d8a       0x68 MW_I2C.o
                0x00002d8a                MW_I2C_MasterWrite
 .text.MW_I2C_Close
                0x00002df2       0x14 MW_I2C.o
                0x00002df2                MW_I2C_Close
 *fill*         0x00002e06        0x2 
 .text.baseRateTask
                0x00002e08       0x7c ert_main.o
                0x00002e08                baseRateTask
 .text.terminateTask
                0x00002e84       0x34 ert_main.o
                0x00002e84                terminateTask
 .text.main     0x00002eb8       0x48 ert_main.o
                0x00002eb8                main
 .text.Ser_enter_atomic_Refractory_f3x
                0x00002f00      0x108 SerialMaster.o
 .text.Seria_enter_atomic_Refractory_f
                0x00003008      0x104 SerialMaster.o
 *fill*         0x0000310c        0x4 
 .text.SerialM_enter_atomic_Refractory
                0x00003110      0x108 SerialMaster.o
 .text.Seri_enter_atomic_Refractory_f3
                0x00003218      0x104 SerialMaster.o
 .text.SerialMaster_VVI
                0x0000331c      0x3f8 SerialMaster.o
 .text.SerialMaster_AAI
                0x00003714      0x3f8 SerialMaster.o
 .text.SerialMaster_SystemCore_setup_d
                0x00003b0c       0x52 SerialMaster.o
 *fill*         0x00003b5e        0x2 
 .text.SerialMast_SystemCore_setup_drh
                0x00003b60      0x148 SerialMaster.o
 .text.SerialMaste_SystemCore_setup_dr
                0x00003ca8       0x4e SerialMaster.o
 *fill*         0x00003cf6        0x2 
 .text.SerialMaster_step
                0x00003cf8     0x17c4 SerialMaster.o
                0x00003cf8                SerialMaster_step
 *fill*         0x000054bc        0x4 
 .text.SerialMaster_initialize
                0x000054c0      0x480 SerialMaster.o
                0x000054c0                SerialMaster_initialize
 .text.SerialMaster_terminate
                0x00005940      0x474 SerialMaster.o
                0x00005940                SerialMaster_terminate
 .text.SerialMaster_SystemCore_setup
                0x00005db4       0x52 send_DCM.o
 *fill*         0x00005e06        0x2 
 .text.send_DCM_Init
                0x00005e08       0x28 send_DCM.o
                0x00005e08                send_DCM_Init
 .text.send_DCM
                0x00005e30      0x1d0 send_DCM.o
                0x00005e30                send_DCM
 .text.send_DCM_Term
                0x00006000       0x40 send_DCM.o
                0x00006000                send_DCM_Term
 .text.init_data_bss
                0x00006040       0xd0 startup.o
                0x00006040                init_data_bss
 .text.SystemInit
                0x00006110      0x1d0 system_MK64F12.o
                0x00006110                SystemInit
 .text.SystemCoreClockUpdate
                0x000062e0      0x290 system_MK64F12.o
                0x000062e0                SystemCoreClockUpdate
 .text.PORT_HAL_SetMuxMode
                0x00006570       0x58 board.o
 .text.SMC_HAL_SetProtection
                0x000065c8       0x1e board.o
 *fill*         0x000065e6        0x2 
 .text.BOARD_InitOsc0
                0x000065e8       0x30 board.o
                0x000065e8                BOARD_InitOsc0
 .text.BOARD_InitRtcOsc
                0x00006618       0x28 board.o
                0x00006618                BOARD_InitRtcOsc
 .text.BOARD_ClockInit
                0x00006640       0x34 board.o
                0x00006640                BOARD_ClockInit
 .text.hardware_init
                0x00006674       0x30 hardware_init.o
                0x00006674                hardware_init
 .text.PORT_HAL_SetMuxMode
                0x000066a4       0x58 pin_mux.o
 .text.SIM_HAL_EnableClock
                0x000066fc       0x44 pin_mux.o
 .text.configure_uart_pins
                0x00006740      0x194 pin_mux.o
                0x00006740                configure_uart_pins
 .text.DMA0_IRQHandler
                0x000068d4        0xe fsl_edma_irq.o
                0x000068d4                DMA0_IRQHandler
 .text.DMA1_IRQHandler
                0x000068e2        0xe fsl_edma_irq.o
                0x000068e2                DMA1_IRQHandler
 .text.DMA2_IRQHandler
                0x000068f0        0xe fsl_edma_irq.o
                0x000068f0                DMA2_IRQHandler
 .text.DMA3_IRQHandler
                0x000068fe        0xe fsl_edma_irq.o
                0x000068fe                DMA3_IRQHandler
 .text.DMA4_IRQHandler
                0x0000690c        0xe fsl_edma_irq.o
                0x0000690c                DMA4_IRQHandler
 .text.DMA5_IRQHandler
                0x0000691a        0xe fsl_edma_irq.o
                0x0000691a                DMA5_IRQHandler
 .text.DMA6_IRQHandler
                0x00006928        0xe fsl_edma_irq.o
                0x00006928                DMA6_IRQHandler
 .text.DMA7_IRQHandler
                0x00006936        0xe fsl_edma_irq.o
                0x00006936                DMA7_IRQHandler
 .text.DMA8_IRQHandler
                0x00006944        0xe fsl_edma_irq.o
                0x00006944                DMA8_IRQHandler
 .text.DMA9_IRQHandler
                0x00006952        0xe fsl_edma_irq.o
                0x00006952                DMA9_IRQHandler
 .text.DMA10_IRQHandler
                0x00006960        0xe fsl_edma_irq.o
                0x00006960                DMA10_IRQHandler
 .text.DMA11_IRQHandler
                0x0000696e        0xe fsl_edma_irq.o
                0x0000696e                DMA11_IRQHandler
 .text.DMA12_IRQHandler
                0x0000697c        0xe fsl_edma_irq.o
                0x0000697c                DMA12_IRQHandler
 .text.DMA13_IRQHandler
                0x0000698a        0xe fsl_edma_irq.o
                0x0000698a                DMA13_IRQHandler
 .text.DMA14_IRQHandler
                0x00006998        0xe fsl_edma_irq.o
                0x00006998                DMA14_IRQHandler
 .text.DMA15_IRQHandler
                0x000069a6        0xe fsl_edma_irq.o
                0x000069a6                DMA15_IRQHandler
 .text.DMA_Error_IRQHandler
                0x000069b4        0xe fsl_edma_irq.o
                0x000069b4                DMA_Error_IRQHandler
 .text.UART0_RX_TX_IRQHandler
                0x000069c2        0xe fsl_uart_irq.o
                0x000069c2                UART0_RX_TX_IRQHandler
 .text.UART1_RX_TX_IRQHandler
                0x000069d0        0xe fsl_uart_irq.o
                0x000069d0                UART1_RX_TX_IRQHandler
 .text.UART2_RX_TX_IRQHandler
                0x000069de        0xe fsl_uart_irq.o
                0x000069de                UART2_RX_TX_IRQHandler
 .text.UART3_RX_TX_IRQHandler
                0x000069ec        0xe fsl_uart_irq.o
                0x000069ec                UART3_RX_TX_IRQHandler
 .text.UART4_RX_TX_IRQHandler
                0x000069fa        0xe fsl_uart_irq.o
                0x000069fa                UART4_RX_TX_IRQHandler
 .text.UART5_RX_TX_IRQHandler
                0x00006a08        0xe fsl_uart_irq.o
                0x00006a08                UART5_RX_TX_IRQHandler
 .text.NMI_Handler
                0x00006a16        0x6 irq_stub.o
                0x00006a16                NMI_Handler
 .text.HardFault_Handler
                0x00006a1c        0x6 irq_stub.o
                0x00006a1c                HardFault_Handler
 .text.MemManage_Handler
                0x00006a22        0x6 irq_stub.o
                0x00006a22                MemManage_Handler
 .text.BusFault_Handler
                0x00006a28        0x6 irq_stub.o
                0x00006a28                BusFault_Handler
 .text.UsageFault_Handler
                0x00006a2e        0x6 irq_stub.o
                0x00006a2e                UsageFault_Handler
 .text.DebugMon_Handler
                0x00006a34        0x6 irq_stub.o
                0x00006a34                DebugMon_Handler
 .text.MCM_IRQHandler
                0x00006a3a        0x6 irq_stub.o
                0x00006a3a                MCM_IRQHandler
 .text.FTFE_IRQHandler
                0x00006a40        0x6 irq_stub.o
                0x00006a40                FTFE_IRQHandler
 .text.Read_Collision_IRQHandler
                0x00006a46        0x6 irq_stub.o
                0x00006a46                Read_Collision_IRQHandler
 .text.LVD_LVW_IRQHandler
                0x00006a4c        0x6 irq_stub.o
                0x00006a4c                LVD_LVW_IRQHandler
 .text.LLWU_IRQHandler
                0x00006a52        0x6 irq_stub.o
                0x00006a52                LLWU_IRQHandler
 .text.WDOG_EWM_IRQHandler
                0x00006a58        0x6 irq_stub.o
                0x00006a58                WDOG_EWM_IRQHandler
 .text.RNG_IRQHandler
                0x00006a5e        0x6 irq_stub.o
                0x00006a5e                RNG_IRQHandler
 .text.I2C0_IRQHandler
                0x00006a64        0x6 irq_stub.o
                0x00006a64                I2C0_IRQHandler
 .text.I2C1_IRQHandler
                0x00006a6a        0x6 irq_stub.o
                0x00006a6a                I2C1_IRQHandler
 .text.SPI0_IRQHandler
                0x00006a70        0x6 irq_stub.o
                0x00006a70                SPI0_IRQHandler
 .text.SPI1_IRQHandler
                0x00006a76        0x6 irq_stub.o
                0x00006a76                SPI1_IRQHandler
 .text.I2S0_Tx_IRQHandler
                0x00006a7c        0x6 irq_stub.o
                0x00006a7c                I2S0_Tx_IRQHandler
 .text.I2S0_Rx_IRQHandler
                0x00006a82        0x6 irq_stub.o
                0x00006a82                I2S0_Rx_IRQHandler
 .text.UART0_LON_IRQHandler
                0x00006a88        0x6 irq_stub.o
                0x00006a88                UART0_LON_IRQHandler
 .text.UART0_ERR_IRQHandler
                0x00006a8e        0x6 irq_stub.o
                0x00006a8e                UART0_ERR_IRQHandler
 .text.UART1_ERR_IRQHandler
                0x00006a94        0x6 irq_stub.o
                0x00006a94                UART1_ERR_IRQHandler
 .text.UART2_ERR_IRQHandler
                0x00006a9a        0x6 irq_stub.o
                0x00006a9a                UART2_ERR_IRQHandler
 .text.UART3_ERR_IRQHandler
                0x00006aa0        0x6 irq_stub.o
                0x00006aa0                UART3_ERR_IRQHandler
 .text.ADC0_IRQHandler
                0x00006aa6        0x6 irq_stub.o
                0x00006aa6                ADC0_IRQHandler
 .text.CMP0_IRQHandler
                0x00006aac        0x6 irq_stub.o
                0x00006aac                CMP0_IRQHandler
 .text.CMP1_IRQHandler
                0x00006ab2        0x6 irq_stub.o
                0x00006ab2                CMP1_IRQHandler
 .text.FTM0_IRQHandler
                0x00006ab8        0x6 irq_stub.o
                0x00006ab8                FTM0_IRQHandler
 .text.FTM1_IRQHandler
                0x00006abe        0x6 irq_stub.o
                0x00006abe                FTM1_IRQHandler
 .text.FTM2_IRQHandler
                0x00006ac4        0x6 irq_stub.o
                0x00006ac4                FTM2_IRQHandler
 .text.CMT_IRQHandler
                0x00006aca        0x6 irq_stub.o
                0x00006aca                CMT_IRQHandler
 .text.RTC_IRQHandler
                0x00006ad0        0x6 irq_stub.o
                0x00006ad0                RTC_IRQHandler
 .text.RTC_Seconds_IRQHandler
                0x00006ad6        0x6 irq_stub.o
                0x00006ad6                RTC_Seconds_IRQHandler
 .text.PDB0_IRQHandler
                0x00006adc        0x6 irq_stub.o
                0x00006adc                PDB0_IRQHandler
 .text.USB0_IRQHandler
                0x00006ae2        0x6 irq_stub.o
                0x00006ae2                USB0_IRQHandler
 .text.USBDCD_IRQHandler
                0x00006ae8        0x6 irq_stub.o
                0x00006ae8                USBDCD_IRQHandler
 .text.Reserved71_IRQHandler
                0x00006aee        0x6 irq_stub.o
                0x00006aee                Reserved71_IRQHandler
 .text.DAC0_IRQHandler
                0x00006af4        0x6 irq_stub.o
                0x00006af4                DAC0_IRQHandler
 .text.MCG_IRQHandler
                0x00006afa        0x6 irq_stub.o
                0x00006afa                MCG_IRQHandler
 .text.LPTMR0_IRQHandler
                0x00006b00        0x6 irq_stub.o
                0x00006b00                LPTMR0_IRQHandler
 .text.PORTA_IRQHandler
                0x00006b06        0x6 irq_stub.o
                0x00006b06                PORTA_IRQHandler
 .text.PORTB_IRQHandler
                0x00006b0c        0x6 irq_stub.o
                0x00006b0c                PORTB_IRQHandler
 .text.PORTC_IRQHandler
                0x00006b12        0x6 irq_stub.o
                0x00006b12                PORTC_IRQHandler
 .text.PORTD_IRQHandler
                0x00006b18        0x6 irq_stub.o
                0x00006b18                PORTD_IRQHandler
 .text.PORTE_IRQHandler
                0x00006b1e        0x6 irq_stub.o
                0x00006b1e                PORTE_IRQHandler
 .text.SWI_IRQHandler
                0x00006b24        0x6 irq_stub.o
                0x00006b24                SWI_IRQHandler
 .text.SPI2_IRQHandler
                0x00006b2a        0x6 irq_stub.o
                0x00006b2a                SPI2_IRQHandler
 .text.UART4_ERR_IRQHandler
                0x00006b30        0x6 irq_stub.o
                0x00006b30                UART4_ERR_IRQHandler
 .text.UART5_ERR_IRQHandler
                0x00006b36        0x6 irq_stub.o
                0x00006b36                UART5_ERR_IRQHandler
 .text.CMP2_IRQHandler
                0x00006b3c        0x6 irq_stub.o
                0x00006b3c                CMP2_IRQHandler
 .text.FTM3_IRQHandler
                0x00006b42        0x6 irq_stub.o
                0x00006b42                FTM3_IRQHandler
 .text.DAC1_IRQHandler
                0x00006b48        0x6 irq_stub.o
                0x00006b48                DAC1_IRQHandler
 .text.ADC1_IRQHandler
                0x00006b4e        0x6 irq_stub.o
                0x00006b4e                ADC1_IRQHandler
 .text.I2C2_IRQHandler
                0x00006b54        0x6 irq_stub.o
                0x00006b54                I2C2_IRQHandler
 .text.CAN0_ORed_Message_buffer_IRQHandler
                0x00006b5a        0x6 irq_stub.o
                0x00006b5a                CAN0_ORed_Message_buffer_IRQHandler
 .text.CAN0_Bus_Off_IRQHandler
                0x00006b60        0x6 irq_stub.o
                0x00006b60                CAN0_Bus_Off_IRQHandler
 .text.CAN0_Error_IRQHandler
                0x00006b66        0x6 irq_stub.o
                0x00006b66                CAN0_Error_IRQHandler
 .text.CAN0_Tx_Warning_IRQHandler
                0x00006b6c        0x6 irq_stub.o
                0x00006b6c                CAN0_Tx_Warning_IRQHandler
 .text.CAN0_Rx_Warning_IRQHandler
                0x00006b72        0x6 irq_stub.o
                0x00006b72                CAN0_Rx_Warning_IRQHandler
 .text.CAN0_Wake_Up_IRQHandler
                0x00006b78        0x6 irq_stub.o
                0x00006b78                CAN0_Wake_Up_IRQHandler
 *fill*         0x00006b7e        0x2 
 .text._sbrk    0x00006b80       0x5c sbrk.o
                0x00006b80                _sbrk
 .text.schedulerTask
                0x00006bdc       0x1c cmsis_rtos_init.o
                0x00006bdc                schedulerTask
 .text.mw_initSignalEvents
                0x00006bf8       0x40 cmsis_rtos_init.o
                0x00006bf8                mw_initSignalEvents
 .text.mw_RTOSInit
                0x00006c38       0x8c cmsis_rtos_init.o
                0x00006c38                mw_RTOSInit
 .text.os_idle_demon
                0x00006cc4        0x8 RTX_Conf_CM.o
                0x00006cc4                os_idle_demon
 .text.os_error
                0x00006ccc       0x2c RTX_Conf_CM.o
                0x00006ccc                os_error
 .text.rt_init_robin
                0x00006cf8        0x4 RTX_Conf_CM.o
                0x00006cf8                rt_init_robin
 .text.rt_chk_robin
                0x00006cfc        0x4 RTX_Conf_CM.o
                0x00006cfc                rt_chk_robin
 .text.software_init_hook
                0x00006d00       0x34 RTX_Conf_CM.o
                0x00006d00                software_init_hook
 .text.mw_osThreadCreate
                0x00006d34       0x52 mw_thread.o
                0x00006d34                mw_osThreadCreate
 .text.mw_osThreadGetId
                0x00006d86        0xe mw_thread.o
                0x00006d86                mw_osThreadGetId
 .text.mw_osThreadExit
                0x00006d94       0x22 mw_thread.o
                0x00006d94                mw_osThreadExit
 .text.mw_osTimerCreate
                0x00006db6       0x4e mw_timer.o
                0x00006db6                mw_osTimerCreate
 .text.mw_osTimerStart
                0x00006e04       0x24 mw_timer.o
                0x00006e04                mw_osTimerStart
 .text.mw_osSignalSet
                0x00006e28       0x2e mw_signal.o
                0x00006e28                mw_osSignalSet
 .text.mw_osSignalClear
                0x00006e56       0x26 mw_signal.o
                0x00006e56                mw_osSignalClear
 .text.mw_osSignalWaitEver
                0x00006e7c       0x20 mw_signal.o
                0x00006e7c                mw_osSignalWaitEver
 .text.mw_osSignalEventCreate
                0x00006e9c       0x20 mw_signal.o
                0x00006e9c                mw_osSignalEventCreate
 .text.mw_osSignalEventRelease
                0x00006ebc       0x26 mw_signal.o
                0x00006ebc                mw_osSignalEventRelease
 .text.mw_osSignalEventWaitEver
                0x00006ee2       0x34 mw_signal.o
                0x00006ee2                mw_osSignalEventWaitEver
 *fill*         0x00006f16        0x2 
 .text.osThreadExit
                0x00006f18       0x18 C:/ProgramData/MATLAB/SupportPackages/R2023b/3P.instrset/cmsis.instrset/CMSIS/RTOS/RTX/LIB/GCC/libRTX_CM4.a(rt_cmsis.o)
                0x00006f18                osThreadExit
 .text.svcKernelInitialize
                0x00006f30      0x104 C:/ProgramData/MATLAB/SupportPackages/R2023b/3P.instrset/cmsis.instrset/CMSIS/RTOS/RTX/LIB/GCC/libRTX_CM4.a(rt_cmsis.o)
                0x00006f30                svcKernelInitialize
 .text.svcKernelStart
                0x00007034       0x48 C:/ProgramData/MATLAB/SupportPackages/R2023b/3P.instrset/cmsis.instrset/CMSIS/RTOS/RTX/LIB/GCC/libRTX_CM4.a(rt_cmsis.o)
                0x00007034                svcKernelStart
 .text.osKernelInitialize
                0x0000707c       0x28 C:/ProgramData/MATLAB/SupportPackages/R2023b/3P.instrset/cmsis.instrset/CMSIS/RTOS/RTX/LIB/GCC/libRTX_CM4.a(rt_cmsis.o)
                0x0000707c                osKernelInitialize
 .text.osKernelStart
                0x000070a4       0x74 C:/ProgramData/MATLAB/SupportPackages/R2023b/3P.instrset/cmsis.instrset/CMSIS/RTOS/RTX/LIB/GCC/libRTX_CM4.a(rt_cmsis.o)
                0x000070a4                osKernelStart
 .text.svcThreadCreate
                0x00007118       0x7c C:/ProgramData/MATLAB/SupportPackages/R2023b/3P.instrset/cmsis.instrset/CMSIS/RTOS/RTX/LIB/GCC/libRTX_CM4.a(rt_cmsis.o)
                0x00007118                svcThreadCreate
 .text.svcThreadGetId
                0x00007194       0x18 C:/ProgramData/MATLAB/SupportPackages/R2023b/3P.instrset/cmsis.instrset/CMSIS/RTOS/RTX/LIB/GCC/libRTX_CM4.a(rt_cmsis.o)
                0x00007194                svcThreadGetId
 .text.svcThreadTerminate
                0x000071ac       0x48 C:/ProgramData/MATLAB/SupportPackages/R2023b/3P.instrset/cmsis.instrset/CMSIS/RTOS/RTX/LIB/GCC/libRTX_CM4.a(rt_cmsis.o)
                0x000071ac                svcThreadTerminate
 .text.osThreadCreate
                0x000071f4       0xa4 C:/ProgramData/MATLAB/SupportPackages/R2023b/3P.instrset/cmsis.instrset/CMSIS/RTOS/RTX/LIB/GCC/libRTX_CM4.a(rt_cmsis.o)
                0x000071f4                osThreadCreate
 .text.osThreadGetId
                0x00007298       0x18 C:/ProgramData/MATLAB/SupportPackages/R2023b/3P.instrset/cmsis.instrset/CMSIS/RTOS/RTX/LIB/GCC/libRTX_CM4.a(rt_cmsis.o)
                0x00007298                osThreadGetId
 .text.osThreadTerminate
                0x000072b0       0x18 C:/ProgramData/MATLAB/SupportPackages/R2023b/3P.instrset/cmsis.instrset/CMSIS/RTOS/RTX/LIB/GCC/libRTX_CM4.a(rt_cmsis.o)
                0x000072b0                osThreadTerminate
 .text.svcTimerCreate
                0x000072c8       0x40 C:/ProgramData/MATLAB/SupportPackages/R2023b/3P.instrset/cmsis.instrset/CMSIS/RTOS/RTX/LIB/GCC/libRTX_CM4.a(rt_cmsis.o)
                0x000072c8                svcTimerCreate
 .text.svcTimerStart
                0x00007308       0xdc C:/ProgramData/MATLAB/SupportPackages/R2023b/3P.instrset/cmsis.instrset/CMSIS/RTOS/RTX/LIB/GCC/libRTX_CM4.a(rt_cmsis.o)
                0x00007308                svcTimerStart
 .text.svcTimerCall
                0x000073e4       0x18 C:/ProgramData/MATLAB/SupportPackages/R2023b/3P.instrset/cmsis.instrset/CMSIS/RTOS/RTX/LIB/GCC/libRTX_CM4.a(rt_cmsis.o)
                0x000073e4                svcTimerCall
 .text.sysTimerTick
                0x000073fc       0xc8 C:/ProgramData/MATLAB/SupportPackages/R2023b/3P.instrset/cmsis.instrset/CMSIS/RTOS/RTX/LIB/GCC/libRTX_CM4.a(rt_cmsis.o)
                0x000073fc                sysTimerTick
 .text.osTimerCreate
                0x000074c4       0x68 C:/ProgramData/MATLAB/SupportPackages/R2023b/3P.instrset/cmsis.instrset/CMSIS/RTOS/RTX/LIB/GCC/libRTX_CM4.a(rt_cmsis.o)
                0x000074c4                osTimerCreate
 .text.osTimerStart
                0x0000752c       0x18 C:/ProgramData/MATLAB/SupportPackages/R2023b/3P.instrset/cmsis.instrset/CMSIS/RTOS/RTX/LIB/GCC/libRTX_CM4.a(rt_cmsis.o)
                0x0000752c                osTimerStart
 .text.osTimerThread
                0x00007544       0x3c C:/ProgramData/MATLAB/SupportPackages/R2023b/3P.instrset/cmsis.instrset/CMSIS/RTOS/RTX/LIB/GCC/libRTX_CM4.a(rt_cmsis.o)
                0x00007544                osTimerThread
 .text.svcSignalSet
                0x00007580       0x2c C:/ProgramData/MATLAB/SupportPackages/R2023b/3P.instrset/cmsis.instrset/CMSIS/RTOS/RTX/LIB/GCC/libRTX_CM4.a(rt_cmsis.o)
                0x00007580                svcSignalSet
 .text.svcSignalClear
                0x000075ac       0x2c C:/ProgramData/MATLAB/SupportPackages/R2023b/3P.instrset/cmsis.instrset/CMSIS/RTOS/RTX/LIB/GCC/libRTX_CM4.a(rt_cmsis.o)
                0x000075ac                svcSignalClear
 .text.svcSignalWait
                0x000075d8      0x100 C:/ProgramData/MATLAB/SupportPackages/R2023b/3P.instrset/cmsis.instrset/CMSIS/RTOS/RTX/LIB/GCC/libRTX_CM4.a(rt_cmsis.o)
                0x000075d8                svcSignalWait
 .text.osSignalSet
                0x000076d8       0x40 C:/ProgramData/MATLAB/SupportPackages/R2023b/3P.instrset/cmsis.instrset/CMSIS/RTOS/RTX/LIB/GCC/libRTX_CM4.a(rt_cmsis.o)
                0x000076d8                osSignalSet
 .text.osSignalClear
                0x00007718       0x1c C:/ProgramData/MATLAB/SupportPackages/R2023b/3P.instrset/cmsis.instrset/CMSIS/RTOS/RTX/LIB/GCC/libRTX_CM4.a(rt_cmsis.o)
                0x00007718                osSignalClear
 .text.osSignalWait
                0x00007734       0x2c C:/ProgramData/MATLAB/SupportPackages/R2023b/3P.instrset/cmsis.instrset/CMSIS/RTOS/RTX/LIB/GCC/libRTX_CM4.a(rt_cmsis.o)
                0x00007734                osSignalWait
 .text.svcMessageGet
                0x00007760       0xbc C:/ProgramData/MATLAB/SupportPackages/R2023b/3P.instrset/cmsis.instrset/CMSIS/RTOS/RTX/LIB/GCC/libRTX_CM4.a(rt_cmsis.o)
                0x00007760                svcMessageGet
 .text.rt_init_stack
                0x0000781c       0xa8 C:/ProgramData/MATLAB/SupportPackages/R2023b/3P.instrset/cmsis.instrset/CMSIS/RTOS/RTX/LIB/GCC/libRTX_CM4.a(hal_cm.o)
                0x0000781c                rt_init_stack
 .text.rt_ret_val
                0x000078c4       0x14 C:/ProgramData/MATLAB/SupportPackages/R2023b/3P.instrset/cmsis.instrset/CMSIS/RTOS/RTX/LIB/GCC/libRTX_CM4.a(hal_cm.o)
                0x000078c4                rt_ret_val
 .text.rt_ret_val2
                0x000078d8       0x24 C:/ProgramData/MATLAB/SupportPackages/R2023b/3P.instrset/cmsis.instrset/CMSIS/RTOS/RTX/LIB/GCC/libRTX_CM4.a(hal_cm.o)
                0x000078d8                rt_ret_val2
 .text.dbg_init
                0x000078fc       0x34 C:/ProgramData/MATLAB/SupportPackages/R2023b/3P.instrset/cmsis.instrset/CMSIS/RTOS/RTX/LIB/GCC/libRTX_CM4.a(hal_cm.o)
                0x000078fc                dbg_init
 .text.dbg_task_notify
                0x00007930       0x2c C:/ProgramData/MATLAB/SupportPackages/R2023b/3P.instrset/cmsis.instrset/CMSIS/RTOS/RTX/LIB/GCC/libRTX_CM4.a(hal_cm.o)
                0x00007930                dbg_task_notify
 .text.dbg_task_switch
                0x0000795c       0x14 C:/ProgramData/MATLAB/SupportPackages/R2023b/3P.instrset/cmsis.instrset/CMSIS/RTOS/RTX/LIB/GCC/libRTX_CM4.a(hal_cm.o)
                0x0000795c                dbg_task_switch
 .text.rt_init_mem
                0x00007970       0x1c C:/ProgramData/MATLAB/SupportPackages/R2023b/3P.instrset/cmsis.instrset/CMSIS/RTOS/RTX/LIB/GCC/libRTX_CM4.a(rt_memory.o)
                0x00007970                rt_init_mem
 .text.rt_alloc_mem
                0x0000798c       0x48 C:/ProgramData/MATLAB/SupportPackages/R2023b/3P.instrset/cmsis.instrset/CMSIS/RTOS/RTX/LIB/GCC/libRTX_CM4.a(rt_memory.o)
                0x0000798c                rt_alloc_mem
 .text.rt_free_mem
                0x000079d4       0x54 C:/ProgramData/MATLAB/SupportPackages/R2023b/3P.instrset/cmsis.instrset/CMSIS/RTOS/RTX/LIB/GCC/libRTX_CM4.a(rt_memory.o)
                0x000079d4                rt_free_mem
 .text._init_box
                0x00007a28       0x58 C:/ProgramData/MATLAB/SupportPackages/R2023b/3P.instrset/cmsis.instrset/CMSIS/RTOS/RTX/LIB/GCC/libRTX_CM4.a(rt_membox.o)
                0x00007a28                _init_box
 .text.rt_alloc_box
                0x00007a80       0x1c C:/ProgramData/MATLAB/SupportPackages/R2023b/3P.instrset/cmsis.instrset/CMSIS/RTOS/RTX/LIB/GCC/libRTX_CM4.a(rt_membox.o)
                0x00007a80                rt_alloc_box
 .text.rt_free_box
                0x00007a9c       0x28 C:/ProgramData/MATLAB/SupportPackages/R2023b/3P.instrset/cmsis.instrset/CMSIS/RTOS/RTX/LIB/GCC/libRTX_CM4.a(rt_membox.o)
                0x00007a9c                rt_free_box
 .text.rt_sem_psh
                0x00007ac4       0x34 C:/ProgramData/MATLAB/SupportPackages/R2023b/3P.instrset/cmsis.instrset/CMSIS/RTOS/RTX/LIB/GCC/libRTX_CM4.a(rt_semaphore.o)
                0x00007ac4                rt_sem_psh
 .text.rt_mbx_init
                0x00007af8       0x18 C:/ProgramData/MATLAB/SupportPackages/R2023b/3P.instrset/cmsis.instrset/CMSIS/RTOS/RTX/LIB/GCC/libRTX_CM4.a(rt_mailbox.o)
                0x00007af8                rt_mbx_init
 .text.rt_mbx_wait
                0x00007b10       0xa8 C:/ProgramData/MATLAB/SupportPackages/R2023b/3P.instrset/cmsis.instrset/CMSIS/RTOS/RTX/LIB/GCC/libRTX_CM4.a(rt_mailbox.o)
                0x00007b10                rt_mbx_wait
 .text.rt_mbx_check
                0x00007bb8        0x8 C:/ProgramData/MATLAB/SupportPackages/R2023b/3P.instrset/cmsis.instrset/CMSIS/RTOS/RTX/LIB/GCC/libRTX_CM4.a(rt_mailbox.o)
                0x00007bb8                rt_mbx_check
 .text.isr_mbx_send
                0x00007bc0       0x10 C:/ProgramData/MATLAB/SupportPackages/R2023b/3P.instrset/cmsis.instrset/CMSIS/RTOS/RTX/LIB/GCC/libRTX_CM4.a(rt_mailbox.o)
                0x00007bc0                isr_mbx_send
 .text.rt_mbx_psh
                0x00007bd0       0xe8 C:/ProgramData/MATLAB/SupportPackages/R2023b/3P.instrset/cmsis.instrset/CMSIS/RTOS/RTX/LIB/GCC/libRTX_CM4.a(rt_mailbox.o)
                0x00007bd0                rt_mbx_psh
 .text.rt_put_prio
                0x00007cb8       0x50 C:/ProgramData/MATLAB/SupportPackages/R2023b/3P.instrset/cmsis.instrset/CMSIS/RTOS/RTX/LIB/GCC/libRTX_CM4.a(rt_list.o)
                0x00007cb8                rt_put_prio
 .text.rt_get_first
                0x00007d08       0x28 C:/ProgramData/MATLAB/SupportPackages/R2023b/3P.instrset/cmsis.instrset/CMSIS/RTOS/RTX/LIB/GCC/libRTX_CM4.a(rt_list.o)
                0x00007d08                rt_get_first
 .text.rt_put_rdy_first
                0x00007d30       0x14 C:/ProgramData/MATLAB/SupportPackages/R2023b/3P.instrset/cmsis.instrset/CMSIS/RTOS/RTX/LIB/GCC/libRTX_CM4.a(rt_list.o)
                0x00007d30                rt_put_rdy_first
 .text.rt_resort_prio
                0x00007d44       0xac C:/ProgramData/MATLAB/SupportPackages/R2023b/3P.instrset/cmsis.instrset/CMSIS/RTOS/RTX/LIB/GCC/libRTX_CM4.a(rt_list.o)
                0x00007d44                rt_resort_prio
 .text.rt_put_dly
                0x00007df0       0x60 C:/ProgramData/MATLAB/SupportPackages/R2023b/3P.instrset/cmsis.instrset/CMSIS/RTOS/RTX/LIB/GCC/libRTX_CM4.a(rt_list.o)
                0x00007df0                rt_put_dly
 .text.rt_dec_dly
                0x00007e50       0xbc C:/ProgramData/MATLAB/SupportPackages/R2023b/3P.instrset/cmsis.instrset/CMSIS/RTOS/RTX/LIB/GCC/libRTX_CM4.a(rt_list.o)
                0x00007e50                rt_dec_dly
 .text.rt_rmv_list
                0x00007f0c       0x2c C:/ProgramData/MATLAB/SupportPackages/R2023b/3P.instrset/cmsis.instrset/CMSIS/RTOS/RTX/LIB/GCC/libRTX_CM4.a(rt_list.o)
                0x00007f0c                rt_rmv_list
 .text.rt_rmv_dly
                0x00007f38       0x30 C:/ProgramData/MATLAB/SupportPackages/R2023b/3P.instrset/cmsis.instrset/CMSIS/RTOS/RTX/LIB/GCC/libRTX_CM4.a(rt_list.o)
                0x00007f38                rt_rmv_dly
 .text.rt_psq_enq
                0x00007f68       0x44 C:/ProgramData/MATLAB/SupportPackages/R2023b/3P.instrset/cmsis.instrset/CMSIS/RTOS/RTX/LIB/GCC/libRTX_CM4.a(rt_list.o)
                0x00007f68                rt_psq_enq
 .text.rt_evt_wait
                0x00007fac       0x44 C:/ProgramData/MATLAB/SupportPackages/R2023b/3P.instrset/cmsis.instrset/CMSIS/RTOS/RTX/LIB/GCC/libRTX_CM4.a(rt_event.o)
                0x00007fac                rt_evt_wait
 .text.rt_evt_set
                0x00007ff0       0x58 C:/ProgramData/MATLAB/SupportPackages/R2023b/3P.instrset/cmsis.instrset/CMSIS/RTOS/RTX/LIB/GCC/libRTX_CM4.a(rt_event.o)
                0x00007ff0                rt_evt_set
 .text.rt_evt_clr
                0x00008048       0x18 C:/ProgramData/MATLAB/SupportPackages/R2023b/3P.instrset/cmsis.instrset/CMSIS/RTOS/RTX/LIB/GCC/libRTX_CM4.a(rt_event.o)
                0x00008048                rt_evt_clr
 .text.isr_evt_set
                0x00008060       0x24 C:/ProgramData/MATLAB/SupportPackages/R2023b/3P.instrset/cmsis.instrset/CMSIS/RTOS/RTX/LIB/GCC/libRTX_CM4.a(rt_event.o)
                0x00008060                isr_evt_set
 .text.rt_evt_psh
                0x00008084       0x50 C:/ProgramData/MATLAB/SupportPackages/R2023b/3P.instrset/cmsis.instrset/CMSIS/RTOS/RTX/LIB/GCC/libRTX_CM4.a(rt_event.o)
                0x00008084                rt_evt_psh
 .text.rt_psh_req
                0x000080d4       0x20 C:/ProgramData/MATLAB/SupportPackages/R2023b/3P.instrset/cmsis.instrset/CMSIS/RTOS/RTX/LIB/GCC/libRTX_CM4.a(rt_system.o)
                0x000080d4                rt_psh_req
 .text.rt_pop_req
                0x000080f4       0x9c C:/ProgramData/MATLAB/SupportPackages/R2023b/3P.instrset/cmsis.instrset/CMSIS/RTOS/RTX/LIB/GCC/libRTX_CM4.a(rt_system.o)
                0x000080f4                rt_pop_req
 .text.os_tick_init
                0x00008190       0x40 C:/ProgramData/MATLAB/SupportPackages/R2023b/3P.instrset/cmsis.instrset/CMSIS/RTOS/RTX/LIB/GCC/libRTX_CM4.a(rt_system.o)
                0x00008190                os_tick_init
 .text.os_tick_irqack
                0x000081d0        0x4 C:/ProgramData/MATLAB/SupportPackages/R2023b/3P.instrset/cmsis.instrset/CMSIS/RTOS/RTX/LIB/GCC/libRTX_CM4.a(rt_system.o)
                0x000081d0                os_tick_irqack
 .text.rt_systick
                0x000081d4       0x3c C:/ProgramData/MATLAB/SupportPackages/R2023b/3P.instrset/cmsis.instrset/CMSIS/RTOS/RTX/LIB/GCC/libRTX_CM4.a(rt_system.o)
                0x000081d4                rt_systick
 .text.rt_stk_check
                0x00008210       0x24 C:/ProgramData/MATLAB/SupportPackages/R2023b/3P.instrset/cmsis.instrset/CMSIS/RTOS/RTX/LIB/GCC/libRTX_CM4.a(rt_system.o)
                0x00008210                rt_stk_check
 .text.rt_switch_req
                0x00008234       0x24 C:/ProgramData/MATLAB/SupportPackages/R2023b/3P.instrset/cmsis.instrset/CMSIS/RTOS/RTX/LIB/GCC/libRTX_CM4.a(rt_task.o)
                0x00008234                rt_switch_req
 .text.rt_dispatch
                0x00008258       0x78 C:/ProgramData/MATLAB/SupportPackages/R2023b/3P.instrset/cmsis.instrset/CMSIS/RTOS/RTX/LIB/GCC/libRTX_CM4.a(rt_task.o)
                0x00008258                rt_dispatch
 .text.rt_block
                0x000082d0       0x50 C:/ProgramData/MATLAB/SupportPackages/R2023b/3P.instrset/cmsis.instrset/CMSIS/RTOS/RTX/LIB/GCC/libRTX_CM4.a(rt_task.o)
                0x000082d0                rt_block
 .text.rt_tsk_self
                0x00008320       0x10 C:/ProgramData/MATLAB/SupportPackages/R2023b/3P.instrset/cmsis.instrset/CMSIS/RTOS/RTX/LIB/GCC/libRTX_CM4.a(rt_task.o)
                0x00008320                rt_tsk_self
 .text.rt_tsk_prio
                0x00008330       0xa0 C:/ProgramData/MATLAB/SupportPackages/R2023b/3P.instrset/cmsis.instrset/CMSIS/RTOS/RTX/LIB/GCC/libRTX_CM4.a(rt_task.o)
                0x00008330                rt_tsk_prio
 .text.rt_tsk_create
                0x000083d0       0xc8 C:/ProgramData/MATLAB/SupportPackages/R2023b/3P.instrset/cmsis.instrset/CMSIS/RTOS/RTX/LIB/GCC/libRTX_CM4.a(rt_task.o)
                0x000083d0                rt_tsk_create
 .text.rt_tsk_delete
                0x00008498      0x1bc C:/ProgramData/MATLAB/SupportPackages/R2023b/3P.instrset/cmsis.instrset/CMSIS/RTOS/RTX/LIB/GCC/libRTX_CM4.a(rt_task.o)
                0x00008498                rt_tsk_delete
 .text.rt_sys_init
                0x00008654       0xdc C:/ProgramData/MATLAB/SupportPackages/R2023b/3P.instrset/cmsis.instrset/CMSIS/RTOS/RTX/LIB/GCC/libRTX_CM4.a(rt_task.o)
                0x00008654                rt_sys_init
 .text.rt_sys_start
                0x00008730       0x8c C:/ProgramData/MATLAB/SupportPackages/R2023b/3P.instrset/cmsis.instrset/CMSIS/RTOS/RTX/LIB/GCC/libRTX_CM4.a(rt_task.o)
                0x00008730                rt_sys_start
 .text.OSA_TimeInit
                0x000087bc       0x44 C:/ProgramData/MATLAB/SupportPackages/R2023b/toolbox/target/supportpackages/freedomk64f/src/ksdk_armgcc_lib/bm/libksdk_platform.a(fsl_os_abstraction_bm.o)
                0x000087bc                OSA_TimeInit
 .text.OSA_TimeDiff
                0x00008800        0xe C:/ProgramData/MATLAB/SupportPackages/R2023b/toolbox/target/supportpackages/freedomk64f/src/ksdk_armgcc_lib/bm/libksdk_platform.a(fsl_os_abstraction_bm.o)
                0x00008800                OSA_TimeDiff
 *fill*         0x0000880e        0x2 
 .text.OSA_SemaCreate
                0x00008810       0x2c C:/ProgramData/MATLAB/SupportPackages/R2023b/toolbox/target/supportpackages/freedomk64f/src/ksdk_armgcc_lib/bm/libksdk_platform.a(fsl_os_abstraction_bm.o)
                0x00008810                OSA_SemaCreate
 .text.OSA_SemaPost
                0x0000883c       0x3c C:/ProgramData/MATLAB/SupportPackages/R2023b/toolbox/target/supportpackages/freedomk64f/src/ksdk_armgcc_lib/bm/libksdk_platform.a(fsl_os_abstraction_bm.o)
                0x0000883c                OSA_SemaPost
 .text.task_init
                0x00008878       0x38 C:/ProgramData/MATLAB/SupportPackages/R2023b/toolbox/target/supportpackages/freedomk64f/src/ksdk_armgcc_lib/bm/libksdk_platform.a(fsl_os_abstraction_bm.o)
                0x00008878                task_init
 .text.OSA_TimeGetMsec
                0x000088b0        0xc C:/ProgramData/MATLAB/SupportPackages/R2023b/toolbox/target/supportpackages/freedomk64f/src/ksdk_armgcc_lib/bm/libksdk_platform.a(fsl_os_abstraction_bm.o)
                0x000088b0                OSA_TimeGetMsec
 .text.OSA_TimeDelay
                0x000088bc       0x1c C:/ProgramData/MATLAB/SupportPackages/R2023b/toolbox/target/supportpackages/freedomk64f/src/ksdk_armgcc_lib/bm/libksdk_platform.a(fsl_os_abstraction_bm.o)
                0x000088bc                OSA_TimeDelay
 .text.OSA_Init
                0x000088d8        0xe C:/ProgramData/MATLAB/SupportPackages/R2023b/toolbox/target/supportpackages/freedomk64f/src/ksdk_armgcc_lib/bm/libksdk_platform.a(fsl_os_abstraction_bm.o)
                0x000088d8                OSA_Init
 *fill*         0x000088e6        0x2 
 .text.CLOCK_SYS_SetMcgPeeToFbe
                0x000088e8       0x34 C:/ProgramData/MATLAB/SupportPackages/R2023b/toolbox/target/supportpackages/freedomk64f/src/ksdk_armgcc_lib/bm/libksdk_platform.a(fsl_clock_manager.o)
 .text.CLOCK_SYS_SetMcgMode
                0x0000891c      0x11c C:/ProgramData/MATLAB/SupportPackages/R2023b/toolbox/target/supportpackages/freedomk64f/src/ksdk_armgcc_lib/bm/libksdk_platform.a(fsl_clock_manager.o)
                0x0000891c                CLOCK_SYS_SetMcgMode
 .text.CLOCK_SYS_SetOscerConfigration
                0x00008a38       0x20 C:/ProgramData/MATLAB/SupportPackages/R2023b/toolbox/target/supportpackages/freedomk64f/src/ksdk_armgcc_lib/bm/libksdk_platform.a(fsl_clock_manager.o)
                0x00008a38                CLOCK_SYS_SetOscerConfigration
 .text.CLOCK_SYS_OscInit
                0x00008a58       0x88 C:/ProgramData/MATLAB/SupportPackages/R2023b/toolbox/target/supportpackages/freedomk64f/src/ksdk_armgcc_lib/bm/libksdk_platform.a(fsl_clock_manager.o)
                0x00008a58                CLOCK_SYS_OscInit
 .text.CLOCK_SYS_RtcOscInit
                0x00008ae0       0x6c C:/ProgramData/MATLAB/SupportPackages/R2023b/toolbox/target/supportpackages/freedomk64f/src/ksdk_armgcc_lib/bm/libksdk_platform.a(fsl_clock_manager.o)
                0x00008ae0                CLOCK_SYS_RtcOscInit
 .text.SIM_HAL_EnableClock.constprop.0
                0x00008b4c       0x1c C:/ProgramData/MATLAB/SupportPackages/R2023b/toolbox/target/supportpackages/freedomk64f/src/ksdk_armgcc_lib/bm/libksdk_platform.a(fsl_clock_MK64F12.o)
 .text.CLOCK_SYS_GetCoreClockFreq
                0x00008b68       0x20 C:/ProgramData/MATLAB/SupportPackages/R2023b/toolbox/target/supportpackages/freedomk64f/src/ksdk_armgcc_lib/bm/libksdk_platform.a(fsl_clock_MK64F12.o)
                0x00008b68                CLOCK_SYS_GetCoreClockFreq
 .text.CLOCK_SYS_SetConfiguration
                0x00008b88       0x98 C:/ProgramData/MATLAB/SupportPackages/R2023b/toolbox/target/supportpackages/freedomk64f/src/ksdk_armgcc_lib/bm/libksdk_platform.a(fsl_clock_MK64F12.o)
                0x00008b88                CLOCK_SYS_SetConfiguration
 .text.CLOCK_SYS_FllStableDelay
                0x00008c20       0x18 C:/ProgramData/MATLAB/SupportPackages/R2023b/toolbox/target/supportpackages/freedomk64f/src/ksdk_armgcc_lib/bm/libksdk_platform.a(fsl_clock_MK64F12.o)
 .text.CLOCK_SYS_GetBusClockFreq
                0x00008c38       0x20 C:/ProgramData/MATLAB/SupportPackages/R2023b/toolbox/target/supportpackages/freedomk64f/src/ksdk_armgcc_lib/bm/libksdk_platform.a(fsl_clock_MK64F12.o)
                0x00008c38                CLOCK_SYS_GetBusClockFreq
 .text.CLOCK_SYS_GetUartFreq
                0x00008c58       0x16 C:/ProgramData/MATLAB/SupportPackages/R2023b/toolbox/target/supportpackages/freedomk64f/src/ksdk_armgcc_lib/bm/libksdk_platform.a(fsl_clock_MK64F12.o)
                0x00008c58                CLOCK_SYS_GetUartFreq
 *fill*         0x00008c6e        0x2 
 .text.CLOCK_SYS_GetFtmExternalFreq
                0x00008c70       0x20 C:/ProgramData/MATLAB/SupportPackages/R2023b/toolbox/target/supportpackages/freedomk64f/src/ksdk_armgcc_lib/bm/libksdk_platform.a(fsl_clock_MK64F12.o)
                0x00008c70                CLOCK_SYS_GetFtmExternalFreq
 .text.CLOCK_SYS_EnablePortClock
                0x00008c90       0x30 C:/ProgramData/MATLAB/SupportPackages/R2023b/toolbox/target/supportpackages/freedomk64f/src/ksdk_armgcc_lib/bm/libksdk_platform.a(fsl_clock_MK64F12.o)
                0x00008c90                CLOCK_SYS_EnablePortClock
 .text.CLOCK_SYS_EnableAdcClock
                0x00008cc0       0x30 C:/ProgramData/MATLAB/SupportPackages/R2023b/toolbox/target/supportpackages/freedomk64f/src/ksdk_armgcc_lib/bm/libksdk_platform.a(fsl_clock_MK64F12.o)
                0x00008cc0                CLOCK_SYS_EnableAdcClock
 .text.CLOCK_SYS_EnableFtmClock
                0x00008cf0       0x30 C:/ProgramData/MATLAB/SupportPackages/R2023b/toolbox/target/supportpackages/freedomk64f/src/ksdk_armgcc_lib/bm/libksdk_platform.a(fsl_clock_MK64F12.o)
                0x00008cf0                CLOCK_SYS_EnableFtmClock
 .text.CLOCK_SYS_EnableI2cClock
                0x00008d20       0x30 C:/ProgramData/MATLAB/SupportPackages/R2023b/toolbox/target/supportpackages/freedomk64f/src/ksdk_armgcc_lib/bm/libksdk_platform.a(fsl_clock_MK64F12.o)
                0x00008d20                CLOCK_SYS_EnableI2cClock
 .text.CLOCK_SYS_EnableUartClock
                0x00008d50       0x30 C:/ProgramData/MATLAB/SupportPackages/R2023b/toolbox/target/supportpackages/freedomk64f/src/ksdk_armgcc_lib/bm/libksdk_platform.a(fsl_clock_MK64F12.o)
                0x00008d50                CLOCK_SYS_EnableUartClock
 .text.INT_SYS_EnableIRQGlobal
                0x00008d80       0x14 C:/ProgramData/MATLAB/SupportPackages/R2023b/toolbox/target/supportpackages/freedomk64f/src/ksdk_armgcc_lib/bm/libksdk_platform.a(fsl_interrupt_manager.o)
                0x00008d80                INT_SYS_EnableIRQGlobal
 .text.INT_SYS_DisableIRQGlobal
                0x00008d94       0x10 C:/ProgramData/MATLAB/SupportPackages/R2023b/toolbox/target/supportpackages/freedomk64f/src/ksdk_armgcc_lib/bm/libksdk_platform.a(fsl_interrupt_manager.o)
                0x00008d94                INT_SYS_DisableIRQGlobal
 .text.ADC16_HAL_GetChnConvCompletedFlag
                0x00008da4       0x38 C:/ProgramData/MATLAB/SupportPackages/R2023b/toolbox/target/supportpackages/freedomk64f/src/ksdk_armgcc_lib/bm/libksdk_platform.a(fsl_adc16_driver.o)
 .text.ADC16_DRV_StructInitUserConfigDefault
                0x00008ddc       0x24 C:/ProgramData/MATLAB/SupportPackages/R2023b/toolbox/target/supportpackages/freedomk64f/src/ksdk_armgcc_lib/bm/libksdk_platform.a(fsl_adc16_driver.o)
                0x00008ddc                ADC16_DRV_StructInitUserConfigDefault
 .text.ADC16_DRV_Init
                0x00008e00       0x90 C:/ProgramData/MATLAB/SupportPackages/R2023b/toolbox/target/supportpackages/freedomk64f/src/ksdk_armgcc_lib/bm/libksdk_platform.a(fsl_adc16_driver.o)
                0x00008e00                ADC16_DRV_Init
 .text.ADC16_DRV_SetChnMux
                0x00008e90       0x40 C:/ProgramData/MATLAB/SupportPackages/R2023b/toolbox/target/supportpackages/freedomk64f/src/ksdk_armgcc_lib/bm/libksdk_platform.a(fsl_adc16_driver.o)
                0x00008e90                ADC16_DRV_SetChnMux
 .text.ADC16_DRV_ConfigConvChn
                0x00008ed0       0x38 C:/ProgramData/MATLAB/SupportPackages/R2023b/toolbox/target/supportpackages/freedomk64f/src/ksdk_armgcc_lib/bm/libksdk_platform.a(fsl_adc16_driver.o)
                0x00008ed0                ADC16_DRV_ConfigConvChn
 .text.ADC16_DRV_WaitConvDone
                0x00008f08       0x3c C:/ProgramData/MATLAB/SupportPackages/R2023b/toolbox/target/supportpackages/freedomk64f/src/ksdk_armgcc_lib/bm/libksdk_platform.a(fsl_adc16_driver.o)
                0x00008f08                ADC16_DRV_WaitConvDone
 .text.ADC16_DRV_GetConvValueRAW
                0x00008f44       0x50 C:/ProgramData/MATLAB/SupportPackages/R2023b/toolbox/target/supportpackages/freedomk64f/src/ksdk_armgcc_lib/bm/libksdk_platform.a(fsl_adc16_driver.o)
                0x00008f44                ADC16_DRV_GetConvValueRAW
 .text.EDMA_HAL_SetErrorIntCmd
                0x00008f94        0xa C:/ProgramData/MATLAB/SupportPackages/R2023b/toolbox/target/supportpackages/freedomk64f/src/ksdk_armgcc_lib/bm/libksdk_platform.a(fsl_edma_hal.o)
                0x00008f94                EDMA_HAL_SetErrorIntCmd
 .text.EDMA_HAL_SetDmaRequestCmd
                0x00008f9e        0xa C:/ProgramData/MATLAB/SupportPackages/R2023b/toolbox/target/supportpackages/freedomk64f/src/ksdk_armgcc_lib/bm/libksdk_platform.a(fsl_edma_hal.o)
                0x00008f9e                EDMA_HAL_SetDmaRequestCmd
 .text.EDMA_HAL_HTCDClearReg
                0x00008fa8       0x42 C:/ProgramData/MATLAB/SupportPackages/R2023b/toolbox/target/supportpackages/freedomk64f/src/ksdk_armgcc_lib/bm/libksdk_platform.a(fsl_edma_hal.o)
                0x00008fa8                EDMA_HAL_HTCDClearReg
 .text.EDMA_HAL_Init
                0x00008fea       0x2a C:/ProgramData/MATLAB/SupportPackages/R2023b/toolbox/target/supportpackages/freedomk64f/src/ksdk_armgcc_lib/bm/libksdk_platform.a(fsl_edma_hal.o)
                0x00008fea                EDMA_HAL_Init
 .text.EDMA_HAL_HTCDSetAttribute
                0x00009014       0x48 C:/ProgramData/MATLAB/SupportPackages/R2023b/toolbox/target/supportpackages/freedomk64f/src/ksdk_armgcc_lib/bm/libksdk_platform.a(fsl_edma_hal.o)
                0x00009014                EDMA_HAL_HTCDSetAttribute
 .text.EDMA_HAL_HTCDSetNbytes
                0x0000905c       0x78 C:/ProgramData/MATLAB/SupportPackages/R2023b/toolbox/target/supportpackages/freedomk64f/src/ksdk_armgcc_lib/bm/libksdk_platform.a(fsl_edma_hal.o)
                0x0000905c                EDMA_HAL_HTCDSetNbytes
 .text.EDMA_HAL_HTCDGetNbytes
                0x000090d4       0x68 C:/ProgramData/MATLAB/SupportPackages/R2023b/toolbox/target/supportpackages/freedomk64f/src/ksdk_armgcc_lib/bm/libksdk_platform.a(fsl_edma_hal.o)
                0x000090d4                EDMA_HAL_HTCDGetNbytes
 .text.EDMA_HAL_HTCDSetChannelMinorLink
                0x0000913c       0x80 C:/ProgramData/MATLAB/SupportPackages/R2023b/toolbox/target/supportpackages/freedomk64f/src/ksdk_armgcc_lib/bm/libksdk_platform.a(fsl_edma_hal.o)
                0x0000913c                EDMA_HAL_HTCDSetChannelMinorLink
 .text.EDMA_HAL_HTCDSetMajorCount
                0x000091bc       0x78 C:/ProgramData/MATLAB/SupportPackages/R2023b/toolbox/target/supportpackages/freedomk64f/src/ksdk_armgcc_lib/bm/libksdk_platform.a(fsl_edma_hal.o)
                0x000091bc                EDMA_HAL_HTCDSetMajorCount
 .text.EDMA_HAL_HTCDGetUnfinishedBytes
                0x00009234       0x54 C:/ProgramData/MATLAB/SupportPackages/R2023b/toolbox/target/supportpackages/freedomk64f/src/ksdk_armgcc_lib/bm/libksdk_platform.a(fsl_edma_hal.o)
                0x00009234                EDMA_HAL_HTCDGetUnfinishedBytes
 .text.INT_SYS_EnableIRQ
                0x00009288       0x44 C:/ProgramData/MATLAB/SupportPackages/R2023b/toolbox/target/supportpackages/freedomk64f/src/ksdk_armgcc_lib/bm/libksdk_platform.a(fsl_edma_driver.o)
 .text.EDMA_DRV_ClaimChannel.isra.0
                0x000092cc       0x6c C:/ProgramData/MATLAB/SupportPackages/R2023b/toolbox/target/supportpackages/freedomk64f/src/ksdk_armgcc_lib/bm/libksdk_platform.a(fsl_edma_driver.o)
 .text.EDMA_DRV_Init
                0x00009338       0x84 C:/ProgramData/MATLAB/SupportPackages/R2023b/toolbox/target/supportpackages/freedomk64f/src/ksdk_armgcc_lib/bm/libksdk_platform.a(fsl_edma_driver.o)
                0x00009338                EDMA_DRV_Init
 .text.EDMA_DRV_InstallCallback
                0x000093bc        0x8 C:/ProgramData/MATLAB/SupportPackages/R2023b/toolbox/target/supportpackages/freedomk64f/src/ksdk_armgcc_lib/bm/libksdk_platform.a(fsl_edma_driver.o)
                0x000093bc                EDMA_DRV_InstallCallback
 .text.EDMA_DRV_RequestChannel
                0x000093c4       0x70 C:/ProgramData/MATLAB/SupportPackages/R2023b/toolbox/target/supportpackages/freedomk64f/src/ksdk_armgcc_lib/bm/libksdk_platform.a(fsl_edma_driver.o)
                0x000093c4                EDMA_DRV_RequestChannel
 .text.EDMA_DRV_IRQHandler
                0x00009434       0x30 C:/ProgramData/MATLAB/SupportPackages/R2023b/toolbox/target/supportpackages/freedomk64f/src/ksdk_armgcc_lib/bm/libksdk_platform.a(fsl_edma_driver.o)
                0x00009434                EDMA_DRV_IRQHandler
 .text.EDMA_DRV_ErrorIRQHandler
                0x00009464       0x8c C:/ProgramData/MATLAB/SupportPackages/R2023b/toolbox/target/supportpackages/freedomk64f/src/ksdk_armgcc_lib/bm/libksdk_platform.a(fsl_edma_driver.o)
                0x00009464                EDMA_DRV_ErrorIRQHandler
 .text.FTM_HAL_SetClockSource
                0x000094f0       0x12 C:/ProgramData/MATLAB/SupportPackages/R2023b/toolbox/target/supportpackages/freedomk64f/src/ksdk_armgcc_lib/bm/libksdk_platform.a(fsl_ftm_driver.o)
 *fill*         0x00009502        0x2 
 .text.FTM_HAL_SetChnCountVal
                0x00009504       0x30 C:/ProgramData/MATLAB/SupportPackages/R2023b/toolbox/target/supportpackages/freedomk64f/src/ksdk_armgcc_lib/bm/libksdk_platform.a(fsl_ftm_driver.o)
 .text.FTM_DRV_Init
                0x00009534      0x10c C:/ProgramData/MATLAB/SupportPackages/R2023b/toolbox/target/supportpackages/freedomk64f/src/ksdk_armgcc_lib/bm/libksdk_platform.a(fsl_ftm_driver.o)
                0x00009534                FTM_DRV_Init
 .text.FTM_DRV_SetClock
                0x00009640       0x54 C:/ProgramData/MATLAB/SupportPackages/R2023b/toolbox/target/supportpackages/freedomk64f/src/ksdk_armgcc_lib/bm/libksdk_platform.a(fsl_ftm_driver.o)
                0x00009640                FTM_DRV_SetClock
 .text.FTM_DRV_GetClock
                0x00009694       0x64 C:/ProgramData/MATLAB/SupportPackages/R2023b/toolbox/target/supportpackages/freedomk64f/src/ksdk_armgcc_lib/bm/libksdk_platform.a(fsl_ftm_driver.o)
                0x00009694                FTM_DRV_GetClock
 .text.FTM_DRV_PwmStart
                0x000096f8      0x17c C:/ProgramData/MATLAB/SupportPackages/R2023b/toolbox/target/supportpackages/freedomk64f/src/ksdk_armgcc_lib/bm/libksdk_platform.a(fsl_ftm_driver.o)
                0x000096f8                FTM_DRV_PwmStart
 .text.PORT_HAL_SetMuxMode.part.0
                0x00009874       0x1c C:/ProgramData/MATLAB/SupportPackages/R2023b/toolbox/target/supportpackages/freedomk64f/src/ksdk_armgcc_lib/bm/libksdk_platform.a(fsl_gpio_driver.o)
 .text.GPIO_DRV_InputPinInit
                0x00009890       0xe4 C:/ProgramData/MATLAB/SupportPackages/R2023b/toolbox/target/supportpackages/freedomk64f/src/ksdk_armgcc_lib/bm/libksdk_platform.a(fsl_gpio_driver.o)
                0x00009890                GPIO_DRV_InputPinInit
 .text.GPIO_DRV_OutputPinInit
                0x00009974       0x78 C:/ProgramData/MATLAB/SupportPackages/R2023b/toolbox/target/supportpackages/freedomk64f/src/ksdk_armgcc_lib/bm/libksdk_platform.a(fsl_gpio_driver.o)
                0x00009974                GPIO_DRV_OutputPinInit
 .text.GPIO_DRV_WritePinOutput
                0x000099ec       0x1c C:/ProgramData/MATLAB/SupportPackages/R2023b/toolbox/target/supportpackages/freedomk64f/src/ksdk_armgcc_lib/bm/libksdk_platform.a(fsl_gpio_driver.o)
                0x000099ec                GPIO_DRV_WritePinOutput
 .text.GPIO_DRV_ReadPinInput
                0x00009a08       0x3c C:/ProgramData/MATLAB/SupportPackages/R2023b/toolbox/target/supportpackages/freedomk64f/src/ksdk_armgcc_lib/bm/libksdk_platform.a(fsl_gpio_driver.o)
                0x00009a08                GPIO_DRV_ReadPinInput
 .text.I2C_HAL_Init
                0x00009a44       0x1c C:/ProgramData/MATLAB/SupportPackages/R2023b/toolbox/target/supportpackages/freedomk64f/src/ksdk_armgcc_lib/bm/libksdk_platform.a(fsl_i2c_hal.o)
                0x00009a44                I2C_HAL_Init
 .text.I2C_HAL_SetBaudRate
                0x00009a60       0x6c C:/ProgramData/MATLAB/SupportPackages/R2023b/toolbox/target/supportpackages/freedomk64f/src/ksdk_armgcc_lib/bm/libksdk_platform.a(fsl_i2c_hal.o)
                0x00009a60                I2C_HAL_SetBaudRate
 .text.I2C_HAL_SendStart
                0x00009acc       0x20 C:/ProgramData/MATLAB/SupportPackages/R2023b/toolbox/target/supportpackages/freedomk64f/src/ksdk_armgcc_lib/bm/libksdk_platform.a(fsl_i2c_hal.o)
                0x00009acc                I2C_HAL_SendStart
 .text.I2C_HAL_SendStop
                0x00009aec       0x50 C:/ProgramData/MATLAB/SupportPackages/R2023b/toolbox/target/supportpackages/freedomk64f/src/ksdk_armgcc_lib/bm/libksdk_platform.a(fsl_i2c_hal.o)
                0x00009aec                I2C_HAL_SendStop
 .text.LPTMR_HAL_SetTimerWorkingMode
                0x00009b3c       0x3c C:/ProgramData/MATLAB/SupportPackages/R2023b/toolbox/target/supportpackages/freedomk64f/src/ksdk_armgcc_lib/bm/libksdk_platform.a(fsl_lptmr_hal.o)
                0x00009b3c                LPTMR_HAL_SetTimerWorkingMode
 .text.LPTMR_HAL_SetPrescalerMode
                0x00009b78       0x1c C:/ProgramData/MATLAB/SupportPackages/R2023b/toolbox/target/supportpackages/freedomk64f/src/ksdk_armgcc_lib/bm/libksdk_platform.a(fsl_lptmr_hal.o)
                0x00009b78                LPTMR_HAL_SetPrescalerMode
 .text.LPTMR_HAL_GetCounterValue
                0x00009b94        0xe C:/ProgramData/MATLAB/SupportPackages/R2023b/toolbox/target/supportpackages/freedomk64f/src/ksdk_armgcc_lib/bm/libksdk_platform.a(fsl_lptmr_hal.o)
                0x00009b94                LPTMR_HAL_GetCounterValue
 *fill*         0x00009ba2        0x2 
 .text.CLOCK_HAL_TestOscFreq
                0x00009ba4       0x28 C:/ProgramData/MATLAB/SupportPackages/R2023b/toolbox/target/supportpackages/freedomk64f/src/ksdk_armgcc_lib/bm/libksdk_platform.a(fsl_mcg_hal.o)
                0x00009ba4                CLOCK_HAL_TestOscFreq
 .text.CLOCK_HAL_GetMcgExternalClkFreq
                0x00009bcc        0xa C:/ProgramData/MATLAB/SupportPackages/R2023b/toolbox/target/supportpackages/freedomk64f/src/ksdk_armgcc_lib/bm/libksdk_platform.a(fsl_mcg_hal.o)
 .text.CLOCK_HAL_TestFllExternalRefFreq
                0x00009bd6       0x2c C:/ProgramData/MATLAB/SupportPackages/R2023b/toolbox/target/supportpackages/freedomk64f/src/ksdk_armgcc_lib/bm/libksdk_platform.a(fsl_mcg_hal.o)
                0x00009bd6                CLOCK_HAL_TestFllExternalRefFreq
 *fill*         0x00009c02        0x2 
 .text.CLOCK_HAL_GetFllRefClk
                0x00009c04       0x40 C:/ProgramData/MATLAB/SupportPackages/R2023b/toolbox/target/supportpackages/freedomk64f/src/ksdk_armgcc_lib/bm/libksdk_platform.a(fsl_mcg_hal.o)
                0x00009c04                CLOCK_HAL_GetFllRefClk
 .text.CLOCK_HAL_TestFllFreq
                0x00009c44       0x34 C:/ProgramData/MATLAB/SupportPackages/R2023b/toolbox/target/supportpackages/freedomk64f/src/ksdk_armgcc_lib/bm/libksdk_platform.a(fsl_mcg_hal.o)
                0x00009c44                CLOCK_HAL_TestFllFreq
 .text.CLOCK_HAL_GetFllClk
                0x00009c78       0x3c C:/ProgramData/MATLAB/SupportPackages/R2023b/toolbox/target/supportpackages/freedomk64f/src/ksdk_armgcc_lib/bm/libksdk_platform.a(fsl_mcg_hal.o)
                0x00009c78                CLOCK_HAL_GetFllClk
 .text.CLOCK_HAL_UpdateFastClkInternalRefDiv
                0x00009cb4       0x58 C:/ProgramData/MATLAB/SupportPackages/R2023b/toolbox/target/supportpackages/freedomk64f/src/ksdk_armgcc_lib/bm/libksdk_platform.a(fsl_mcg_hal.o)
                0x00009cb4                CLOCK_HAL_UpdateFastClkInternalRefDiv
 .text.CLOCK_HAL_GetPll0Clk
                0x00009d0c       0x48 C:/ProgramData/MATLAB/SupportPackages/R2023b/toolbox/target/supportpackages/freedomk64f/src/ksdk_armgcc_lib/bm/libksdk_platform.a(fsl_mcg_hal.o)
                0x00009d0c                CLOCK_HAL_GetPll0Clk
 .text.CLOCK_HAL_EnablePll0InFllMode
                0x00009d54       0x38 C:/ProgramData/MATLAB/SupportPackages/R2023b/toolbox/target/supportpackages/freedomk64f/src/ksdk_armgcc_lib/bm/libksdk_platform.a(fsl_mcg_hal.o)
                0x00009d54                CLOCK_HAL_EnablePll0InFllMode
 .text.CLOCK_HAL_GetInternalRefClk
                0x00009d8c       0x40 C:/ProgramData/MATLAB/SupportPackages/R2023b/toolbox/target/supportpackages/freedomk64f/src/ksdk_armgcc_lib/bm/libksdk_platform.a(fsl_mcg_hal.o)
                0x00009d8c                CLOCK_HAL_GetInternalRefClk
 .text.CLOCK_HAL_GetOutClk
                0x00009dcc       0x22 C:/ProgramData/MATLAB/SupportPackages/R2023b/toolbox/target/supportpackages/freedomk64f/src/ksdk_armgcc_lib/bm/libksdk_platform.a(fsl_mcg_hal.o)
                0x00009dcc                CLOCK_HAL_GetOutClk
 .text.CLOCK_HAL_GetFixedFreqClk
                0x00009dee       0x20 C:/ProgramData/MATLAB/SupportPackages/R2023b/toolbox/target/supportpackages/freedomk64f/src/ksdk_armgcc_lib/bm/libksdk_platform.a(fsl_mcg_hal.o)
                0x00009dee                CLOCK_HAL_GetFixedFreqClk
 .text.CLOCK_HAL_SetOsc0Mode
                0x00009e0e       0x24 C:/ProgramData/MATLAB/SupportPackages/R2023b/toolbox/target/supportpackages/freedomk64f/src/ksdk_armgcc_lib/bm/libksdk_platform.a(fsl_mcg_hal.o)
                0x00009e0e                CLOCK_HAL_SetOsc0Mode
 *fill*         0x00009e32        0x2 
 .text.CLOCK_HAL_PrepareOsc
                0x00009e34       0x30 C:/ProgramData/MATLAB/SupportPackages/R2023b/toolbox/target/supportpackages/freedomk64f/src/ksdk_armgcc_lib/bm/libksdk_platform.a(fsl_mcg_hal_modes.o)
 .text.CLOCK_HAL_GetMcgMode
                0x00009e64       0x7c C:/ProgramData/MATLAB/SupportPackages/R2023b/toolbox/target/supportpackages/freedomk64f/src/ksdk_armgcc_lib/bm/libksdk_platform.a(fsl_mcg_hal_modes.o)
                0x00009e64                CLOCK_HAL_GetMcgMode
 .text.CLOCK_HAL_SetFbiMode
                0x00009ee0       0xbc C:/ProgramData/MATLAB/SupportPackages/R2023b/toolbox/target/supportpackages/freedomk64f/src/ksdk_armgcc_lib/bm/libksdk_platform.a(fsl_mcg_hal_modes.o)
                0x00009ee0                CLOCK_HAL_SetFbiMode
 .text.CLOCK_HAL_SetFbeMode
                0x00009f9c       0xf0 C:/ProgramData/MATLAB/SupportPackages/R2023b/toolbox/target/supportpackages/freedomk64f/src/ksdk_armgcc_lib/bm/libksdk_platform.a(fsl_mcg_hal_modes.o)
                0x00009f9c                CLOCK_HAL_SetFbeMode
 .text.CLOCK_HAL_SetPbeMode
                0x0000a08c       0xd8 C:/ProgramData/MATLAB/SupportPackages/R2023b/toolbox/target/supportpackages/freedomk64f/src/ksdk_armgcc_lib/bm/libksdk_platform.a(fsl_mcg_hal_modes.o)
                0x0000a08c                CLOCK_HAL_SetPbeMode
 .text.OSC_HAL_SetCapacitor
                0x0000a164        0xe C:/ProgramData/MATLAB/SupportPackages/R2023b/toolbox/target/supportpackages/freedomk64f/src/ksdk_armgcc_lib/bm/libksdk_platform.a(fsl_osc_hal.o)
                0x0000a164                OSC_HAL_SetCapacitor
 .text.CLOCK_HAL_SetOutDiv
                0x0000a172       0x28 C:/ProgramData/MATLAB/SupportPackages/R2023b/toolbox/target/supportpackages/freedomk64f/src/ksdk_armgcc_lib/bm/libksdk_platform.a(fsl_sim_hal_MK64F12.o)
                0x0000a172                CLOCK_HAL_SetOutDiv
 *fill*         0x0000a19a        0x2 
 .text.SIM_HAL_GetFtmExternalClkPinMode
                0x0000a19c       0x70 C:/ProgramData/MATLAB/SupportPackages/R2023b/toolbox/target/supportpackages/freedomk64f/src/ksdk_armgcc_lib/bm/libksdk_platform.a(fsl_sim_hal_MK64F12.o)
                0x0000a19c                SIM_HAL_GetFtmExternalClkPinMode
 .text.UART_DRV_CompleteSendData
                0x0000a20c       0x54 C:/ProgramData/MATLAB/SupportPackages/R2023b/toolbox/target/supportpackages/freedomk64f/src/ksdk_armgcc_lib/bm/libksdk_platform.a(fsl_uart_driver.o)
 .text.UART_DRV_CompleteReceiveData
                0x0000a260       0x5c C:/ProgramData/MATLAB/SupportPackages/R2023b/toolbox/target/supportpackages/freedomk64f/src/ksdk_armgcc_lib/bm/libksdk_platform.a(fsl_uart_driver.o)
 .text.UART_DRV_IRQHandler
                0x0000a2bc       0xdc C:/ProgramData/MATLAB/SupportPackages/R2023b/toolbox/target/supportpackages/freedomk64f/src/ksdk_armgcc_lib/bm/libksdk_platform.a(fsl_uart_driver.o)
                0x0000a2bc                UART_DRV_IRQHandler
 .text.EDMA_HAL_HTCDSetIntCmd
                0x0000a398       0x14 C:/ProgramData/MATLAB/SupportPackages/R2023b/toolbox/target/supportpackages/freedomk64f/src/ksdk_armgcc_lib/bm/libksdk_platform.a(fsl_uart_edma_driver.o)
 .text.UART_DRV_EdmaCompleteSendData
                0x0000a3ac       0x5c C:/ProgramData/MATLAB/SupportPackages/R2023b/toolbox/target/supportpackages/freedomk64f/src/ksdk_armgcc_lib/bm/libksdk_platform.a(fsl_uart_edma_driver.o)
 .text.UART_DRV_EdmaTxCallback
                0x0000a408        0x4 C:/ProgramData/MATLAB/SupportPackages/R2023b/toolbox/target/supportpackages/freedomk64f/src/ksdk_armgcc_lib/bm/libksdk_platform.a(fsl_uart_edma_driver.o)
 .text.UART_DRV_EdmaCompleteReceiveData
                0x0000a40c       0x60 C:/ProgramData/MATLAB/SupportPackages/R2023b/toolbox/target/supportpackages/freedomk64f/src/ksdk_armgcc_lib/bm/libksdk_platform.a(fsl_uart_edma_driver.o)
 .text.UART_DRV_EdmaRxCallback
                0x0000a46c        0x4 C:/ProgramData/MATLAB/SupportPackages/R2023b/toolbox/target/supportpackages/freedomk64f/src/ksdk_armgcc_lib/bm/libksdk_platform.a(fsl_uart_edma_driver.o)
 .text.UART_DRV_EdmaStartSendData
                0x0000a470       0x74 C:/ProgramData/MATLAB/SupportPackages/R2023b/toolbox/target/supportpackages/freedomk64f/src/ksdk_armgcc_lib/bm/libksdk_platform.a(fsl_uart_edma_driver.o)
 .text.UART_DRV_EdmaInit
                0x0000a4e4      0x254 C:/ProgramData/MATLAB/SupportPackages/R2023b/toolbox/target/supportpackages/freedomk64f/src/ksdk_armgcc_lib/bm/libksdk_platform.a(fsl_uart_edma_driver.o)
                0x0000a4e4                UART_DRV_EdmaInit
 .text.UART_DRV_EdmaSendData
                0x0000a738       0x48 C:/ProgramData/MATLAB/SupportPackages/R2023b/toolbox/target/supportpackages/freedomk64f/src/ksdk_armgcc_lib/bm/libksdk_platform.a(fsl_uart_edma_driver.o)
                0x0000a738                UART_DRV_EdmaSendData
 .text.UART_DRV_EdmaGetTransmitStatus
                0x0000a780       0x58 C:/ProgramData/MATLAB/SupportPackages/R2023b/toolbox/target/supportpackages/freedomk64f/src/ksdk_armgcc_lib/bm/libksdk_platform.a(fsl_uart_edma_driver.o)
                0x0000a780                UART_DRV_EdmaGetTransmitStatus
 .text.ADC16_HAL_Init
                0x0000a7d8       0x10 C:/ProgramData/MATLAB/SupportPackages/R2023b/toolbox/target/supportpackages/freedomk64f/src/ksdk_armgcc_lib/bm/libksdk_platform.a(fsl_adc16_hal.o)
                0x0000a7d8                ADC16_HAL_Init
 .text.ADC16_HAL_ConfigChn
                0x0000a7e8       0x38 C:/ProgramData/MATLAB/SupportPackages/R2023b/toolbox/target/supportpackages/freedomk64f/src/ksdk_armgcc_lib/bm/libksdk_platform.a(fsl_adc16_hal.o)
                0x0000a7e8                ADC16_HAL_ConfigChn
 .text.ADC16_HAL_ConfigConverter
                0x0000a820       0x92 C:/ProgramData/MATLAB/SupportPackages/R2023b/toolbox/target/supportpackages/freedomk64f/src/ksdk_armgcc_lib/bm/libksdk_platform.a(fsl_adc16_hal.o)
                0x0000a820                ADC16_HAL_ConfigConverter
 .text.DMAMUX_HAL_Init
                0x0000a8b2       0x22 C:/ProgramData/MATLAB/SupportPackages/R2023b/toolbox/target/supportpackages/freedomk64f/src/ksdk_armgcc_lib/bm/libksdk_platform.a(fsl_dmamux_hal.o)
                0x0000a8b2                DMAMUX_HAL_Init
 .text.FTM_HAL_SetChnEdgeLevel
                0x0000a8d4       0x40 C:/ProgramData/MATLAB/SupportPackages/R2023b/toolbox/target/supportpackages/freedomk64f/src/ksdk_armgcc_lib/bm/libksdk_platform.a(fsl_ftm_hal.o)
 .text.FTM_HAL_SetChnMSnBAMode.part.0
                0x0000a914       0x1c C:/ProgramData/MATLAB/SupportPackages/R2023b/toolbox/target/supportpackages/freedomk64f/src/ksdk_armgcc_lib/bm/libksdk_platform.a(fsl_ftm_hal.o)
 .text.FTM_HAL_SetDualChnCombineCmd
                0x0000a930       0x38 C:/ProgramData/MATLAB/SupportPackages/R2023b/toolbox/target/supportpackages/freedomk64f/src/ksdk_armgcc_lib/bm/libksdk_platform.a(fsl_ftm_hal.o)
 .text.FTM_HAL_Init
                0x0000a968       0x3c C:/ProgramData/MATLAB/SupportPackages/R2023b/toolbox/target/supportpackages/freedomk64f/src/ksdk_armgcc_lib/bm/libksdk_platform.a(fsl_ftm_hal.o)
                0x0000a968                FTM_HAL_Init
 .text.FTM_HAL_SetSyncMode
                0x0000a9a4       0x98 C:/ProgramData/MATLAB/SupportPackages/R2023b/toolbox/target/supportpackages/freedomk64f/src/ksdk_armgcc_lib/bm/libksdk_platform.a(fsl_ftm_hal.o)
                0x0000a9a4                FTM_HAL_SetSyncMode
 .text.FTM_HAL_Reset
                0x0000aa3c       0x3e C:/ProgramData/MATLAB/SupportPackages/R2023b/toolbox/target/supportpackages/freedomk64f/src/ksdk_armgcc_lib/bm/libksdk_platform.a(fsl_ftm_hal.o)
                0x0000aa3c                FTM_HAL_Reset
 .text.FTM_HAL_GetChnPairIndex
                0x0000aa7a       0x1e C:/ProgramData/MATLAB/SupportPackages/R2023b/toolbox/target/supportpackages/freedomk64f/src/ksdk_armgcc_lib/bm/libksdk_platform.a(fsl_ftm_hal.o)
                0x0000aa7a                FTM_HAL_GetChnPairIndex
 .text.FTM_HAL_EnablePwmMode
                0x0000aa98       0xe4 C:/ProgramData/MATLAB/SupportPackages/R2023b/toolbox/target/supportpackages/freedomk64f/src/ksdk_armgcc_lib/bm/libksdk_platform.a(fsl_ftm_hal.o)
                0x0000aa98                FTM_HAL_EnablePwmMode
 .text.GPIO_HAL_SetPinDir
                0x0000ab7c       0x34 C:/ProgramData/MATLAB/SupportPackages/R2023b/toolbox/target/supportpackages/freedomk64f/src/ksdk_armgcc_lib/bm/libksdk_platform.a(fsl_gpio_hal.o)
                0x0000ab7c                GPIO_HAL_SetPinDir
 .text.GPIO_HAL_WritePinOutput
                0x0000abb0       0x30 C:/ProgramData/MATLAB/SupportPackages/R2023b/toolbox/target/supportpackages/freedomk64f/src/ksdk_armgcc_lib/bm/libksdk_platform.a(fsl_gpio_hal.o)
                0x0000abb0                GPIO_HAL_WritePinOutput
 .text.UART_HAL_Init
                0x0000abe0       0x2a C:/ProgramData/MATLAB/SupportPackages/R2023b/toolbox/target/supportpackages/freedomk64f/src/ksdk_armgcc_lib/bm/libksdk_platform.a(fsl_uart_hal.o)
                0x0000abe0                UART_HAL_Init
 .text.UART_HAL_SetBaudRate
                0x0000ac0a       0x42 C:/ProgramData/MATLAB/SupportPackages/R2023b/toolbox/target/supportpackages/freedomk64f/src/ksdk_armgcc_lib/bm/libksdk_platform.a(fsl_uart_hal.o)
                0x0000ac0a                UART_HAL_SetBaudRate
 .text.UART_HAL_SetParityMode
                0x0000ac4c       0x18 C:/ProgramData/MATLAB/SupportPackages/R2023b/toolbox/target/supportpackages/freedomk64f/src/ksdk_armgcc_lib/bm/libksdk_platform.a(fsl_uart_hal.o)
                0x0000ac4c                UART_HAL_SetParityMode
 .text.UART_HAL_Putchar
                0x0000ac64        0x6 C:/ProgramData/MATLAB/SupportPackages/R2023b/toolbox/target/supportpackages/freedomk64f/src/ksdk_armgcc_lib/bm/libksdk_platform.a(fsl_uart_hal.o)
                0x0000ac64                UART_HAL_Putchar
 .text.UART_HAL_Getchar
                0x0000ac6a        0x8 C:/ProgramData/MATLAB/SupportPackages/R2023b/toolbox/target/supportpackages/freedomk64f/src/ksdk_armgcc_lib/bm/libksdk_platform.a(fsl_uart_hal.o)
                0x0000ac6a                UART_HAL_Getchar
 .text.UART_HAL_SetIntMode
                0x0000ac72       0x66 C:/ProgramData/MATLAB/SupportPackages/R2023b/toolbox/target/supportpackages/freedomk64f/src/ksdk_armgcc_lib/bm/libksdk_platform.a(fsl_uart_hal.o)
                0x0000ac72                UART_HAL_SetIntMode
 .text.UART_HAL_SetTxDmaCmd
                0x0000acd8       0x28 C:/ProgramData/MATLAB/SupportPackages/R2023b/toolbox/target/supportpackages/freedomk64f/src/ksdk_armgcc_lib/bm/libksdk_platform.a(fsl_uart_hal.o)
                0x0000acd8                UART_HAL_SetTxDmaCmd
 .text.UART_HAL_SetRxDmaCmd
                0x0000ad00       0x1c C:/ProgramData/MATLAB/SupportPackages/R2023b/toolbox/target/supportpackages/freedomk64f/src/ksdk_armgcc_lib/bm/libksdk_platform.a(fsl_uart_hal.o)
                0x0000ad00                UART_HAL_SetRxDmaCmd
 .text.UART_HAL_GetStatusFlag
                0x0000ad1c       0x2a C:/ProgramData/MATLAB/SupportPackages/R2023b/toolbox/target/supportpackages/freedomk64f/src/ksdk_armgcc_lib/bm/libksdk_platform.a(fsl_uart_hal.o)
                0x0000ad1c                UART_HAL_GetStatusFlag
 .text.UART_HAL_ClearStatusFlag
                0x0000ad46       0x7c C:/ProgramData/MATLAB/SupportPackages/R2023b/toolbox/target/supportpackages/freedomk64f/src/ksdk_armgcc_lib/bm/libksdk_platform.a(fsl_uart_hal.o)
                0x0000ad46                UART_HAL_ClearStatusFlag
 *fill*         0x0000adc2        0x2 
 .text.sqrt     0x0000adc4       0x68 c:/programdata/matlab/supportpackages/r2023b/3p.instrset/gnuarm-armcortex.instrset/win/bin/../lib/gcc/arm-none-eabi/11.3.1/thumb/v7e-m+fp/hard\libm.a(libm_a-w_sqrt.o)
                0x0000adc4                sqrt
 .text.__ieee754_sqrt
                0x0000ae2c      0x1e0 c:/programdata/matlab/supportpackages/r2023b/3p.instrset/gnuarm-armcortex.instrset/win/bin/../lib/gcc/arm-none-eabi/11.3.1/thumb/v7e-m+fp/hard\libm.a(libm_a-e_sqrt.o)
                0x0000ae2c                __ieee754_sqrt
 *fill*         0x0000b00c        0x4 
 .text.ceil     0x0000b010      0x110 c:/programdata/matlab/supportpackages/r2023b/3p.instrset/gnuarm-armcortex.instrset/win/bin/../lib/gcc/arm-none-eabi/11.3.1/thumb/v7e-m+fp/hard\libm.a(libm_a-s_ceil.o)
                0x0000b010                ceil
 .text.__udivmoddi4
                0x0000b120      0x2c8 c:/programdata/matlab/supportpackages/r2023b/3p.instrset/gnuarm-armcortex.instrset/win/bin/../lib/gcc/arm-none-eabi/11.3.1/thumb/v7e-m+fp/hard\libgcc.a(_udivmoddi4.o)
                0x0000b120                __udivmoddi4
 .text.selfrel_offset31
                0x0000b3e8       0x14 c:/programdata/matlab/supportpackages/r2023b/3p.instrset/gnuarm-armcortex.instrset/win/bin/../lib/gcc/arm-none-eabi/11.3.1/thumb/v7e-m+fp/hard\libgcc.a(unwind-arm.o)
 .text.search_EIT_table
                0x0000b3fc       0x5c c:/programdata/matlab/supportpackages/r2023b/3p.instrset/gnuarm-armcortex.instrset/win/bin/../lib/gcc/arm-none-eabi/11.3.1/thumb/v7e-m+fp/hard\libgcc.a(unwind-arm.o)
 .text.__gnu_unwind_get_pr_addr
                0x0000b458       0x28 c:/programdata/matlab/supportpackages/r2023b/3p.instrset/gnuarm-armcortex.instrset/win/bin/../lib/gcc/arm-none-eabi/11.3.1/thumb/v7e-m+fp/hard\libgcc.a(unwind-arm.o)
 .text.get_eit_entry
                0x0000b480       0x98 c:/programdata/matlab/supportpackages/r2023b/3p.instrset/gnuarm-armcortex.instrset/win/bin/../lib/gcc/arm-none-eabi/11.3.1/thumb/v7e-m+fp/hard\libgcc.a(unwind-arm.o)
 .text.restore_non_core_regs
                0x0000b518       0x58 c:/programdata/matlab/supportpackages/r2023b/3p.instrset/gnuarm-armcortex.instrset/win/bin/../lib/gcc/arm-none-eabi/11.3.1/thumb/v7e-m+fp/hard\libgcc.a(unwind-arm.o)
 .text._Unwind_decode_typeinfo_ptr.constprop.0
                0x0000b570        0xc c:/programdata/matlab/supportpackages/r2023b/3p.instrset/gnuarm-armcortex.instrset/win/bin/../lib/gcc/arm-none-eabi/11.3.1/thumb/v7e-m+fp/hard\libgcc.a(unwind-arm.o)
 .text._Unwind_DebugHook
                0x0000b57c        0x4 c:/programdata/matlab/supportpackages/r2023b/3p.instrset/gnuarm-armcortex.instrset/win/bin/../lib/gcc/arm-none-eabi/11.3.1/thumb/v7e-m+fp/hard\libgcc.a(unwind-arm.o)
 .text.unwind_phase2
                0x0000b580       0x3c c:/programdata/matlab/supportpackages/r2023b/3p.instrset/gnuarm-armcortex.instrset/win/bin/../lib/gcc/arm-none-eabi/11.3.1/thumb/v7e-m+fp/hard\libgcc.a(unwind-arm.o)
 .text.unwind_phase2_forced
                0x0000b5bc       0xcc c:/programdata/matlab/supportpackages/r2023b/3p.instrset/gnuarm-armcortex.instrset/win/bin/../lib/gcc/arm-none-eabi/11.3.1/thumb/v7e-m+fp/hard\libgcc.a(unwind-arm.o)
 .text.__gnu_Unwind_RaiseException
                0x0000b688       0x68 c:/programdata/matlab/supportpackages/r2023b/3p.instrset/gnuarm-armcortex.instrset/win/bin/../lib/gcc/arm-none-eabi/11.3.1/thumb/v7e-m+fp/hard\libgcc.a(unwind-arm.o)
                0x0000b688                __gnu_Unwind_RaiseException
 .text.__gnu_Unwind_ForcedUnwind
                0x0000b6f0       0x10 c:/programdata/matlab/supportpackages/r2023b/3p.instrset/gnuarm-armcortex.instrset/win/bin/../lib/gcc/arm-none-eabi/11.3.1/thumb/v7e-m+fp/hard\libgcc.a(unwind-arm.o)
                0x0000b6f0                __gnu_Unwind_ForcedUnwind
 .text.__gnu_Unwind_Resume
                0x0000b700       0x44 c:/programdata/matlab/supportpackages/r2023b/3p.instrset/gnuarm-armcortex.instrset/win/bin/../lib/gcc/arm-none-eabi/11.3.1/thumb/v7e-m+fp/hard\libgcc.a(unwind-arm.o)
                0x0000b700                __gnu_Unwind_Resume
 .text.__gnu_Unwind_Resume_or_Rethrow
                0x0000b744       0x14 c:/programdata/matlab/supportpackages/r2023b/3p.instrset/gnuarm-armcortex.instrset/win/bin/../lib/gcc/arm-none-eabi/11.3.1/thumb/v7e-m+fp/hard\libgcc.a(unwind-arm.o)
                0x0000b744                __gnu_Unwind_Resume_or_Rethrow
 .text._Unwind_VRS_Get
                0x0000b758       0x30 c:/programdata/matlab/supportpackages/r2023b/3p.instrset/gnuarm-armcortex.instrset/win/bin/../lib/gcc/arm-none-eabi/11.3.1/thumb/v7e-m+fp/hard\libgcc.a(unwind-arm.o)
                0x0000b758                _Unwind_VRS_Get
 .text._Unwind_GetGR
                0x0000b788       0x1c c:/programdata/matlab/supportpackages/r2023b/3p.instrset/gnuarm-armcortex.instrset/win/bin/../lib/gcc/arm-none-eabi/11.3.1/thumb/v7e-m+fp/hard\libgcc.a(unwind-arm.o)
 .text._Unwind_VRS_Set
                0x0000b7a4       0x30 c:/programdata/matlab/supportpackages/r2023b/3p.instrset/gnuarm-armcortex.instrset/win/bin/../lib/gcc/arm-none-eabi/11.3.1/thumb/v7e-m+fp/hard\libgcc.a(unwind-arm.o)
                0x0000b7a4                _Unwind_VRS_Set
 .text._Unwind_SetGR
                0x0000b7d4       0x18 c:/programdata/matlab/supportpackages/r2023b/3p.instrset/gnuarm-armcortex.instrset/win/bin/../lib/gcc/arm-none-eabi/11.3.1/thumb/v7e-m+fp/hard\libgcc.a(unwind-arm.o)
 .text.__gnu_Unwind_Backtrace
                0x0000b7ec       0x84 c:/programdata/matlab/supportpackages/r2023b/3p.instrset/gnuarm-armcortex.instrset/win/bin/../lib/gcc/arm-none-eabi/11.3.1/thumb/v7e-m+fp/hard\libgcc.a(unwind-arm.o)
                0x0000b7ec                __gnu_Unwind_Backtrace
 .text.__gnu_unwind_pr_common
                0x0000b870      0x2a8 c:/programdata/matlab/supportpackages/r2023b/3p.instrset/gnuarm-armcortex.instrset/win/bin/../lib/gcc/arm-none-eabi/11.3.1/thumb/v7e-m+fp/hard\libgcc.a(unwind-arm.o)
 .text.__aeabi_unwind_cpp_pr0